============================================
Job ID:      46437063
Array task:  2
Node:        dcc-core-gpu-ferc-s-h36-6
GPU:         NVIDIA GeForce RTX 2080 Ti
Stage 1 dir: modified_hybrid_mu0.25_warmup5000  (μ=0.25)
Vol type:    cvol
Output:      runs/stage2_B12/cvol
Date:        Sat May  2 03:12:56 AM EDT 2026
============================================
Device: cuda
Loading and preprocessing data...
Full dataset: 59,668 obs, 2020-01-02 -> 2020-12-31

============================================================
FOLD 1/9: Apr2020 — Stage 2 (cvol)
  Train: start -> 2020-04-01  |  Test: 2020-04-01 -> 2020-05-01
============================================================
  Train: 12,743  Val: 2,941  Test: 3,094
  sigma_fixed: 0.6848
  Loaded warm-start pricing net from runs/walk_forward/modified_hybrid_mu0.25_warmup5000/fold_Apr2020.pt
Training: mode=hybrid, epochs=10000, lr=0.0001
  Architecture: Modified MLP + RWF (μ=0.25)
  Pricing net params: 37,698
  Vol net params:     5,282 (cvol)
  Pricing LR: 1.0e-04  |  Vol LR: 1.0e-03
  Loss terms: ['pde', 'tc', 'bc', 'data', 'reg']
======================================================================
Ep     1/10000 | L=5.58e-02 | pde=3.31e-02 | w=1.00 | tc=1.39e-04 | w=14.81 | bc=1.21e-05 | w=94.53 | data=7.81e-04 | w=25.00 | reg=0.00e+00 | w=1.00 | lr=1.0e-04
  [VAL] ep   250  val RMSE($): 2.7851  | spread: 19.649  | OTM/ATM/ITM: 2.428/3.623/3.487 ★
  [VAL] ep   500  val RMSE($): 2.6965  | spread: 18.645  | OTM/ATM/ITM: 2.388/3.408/3.347 ★
  [VAL] ep   750  val RMSE($): 2.7306  | spread: 18.961  | OTM/ATM/ITM: 2.391/3.524/3.409
  [VAL] ep  1000  val RMSE($): 2.7508  | spread: 19.378  | OTM/ATM/ITM: 2.422/3.523/3.417
  [VAL] ep  1250  val RMSE($): 2.7358  | spread: 18.813  | OTM/ATM/ITM: 2.405/3.498/3.420
  [VAL] ep  1500  val RMSE($): 2.7347  | spread: 19.285  | OTM/ATM/ITM: 2.449/3.410/3.337
  [VAL] ep  1750  val RMSE($): 2.7311  | spread: 18.987  | OTM/ATM/ITM: 2.371/3.562/3.447
Ep  2000/10000 | L=3.20e-02 | pde=6.07e-03 | w=1.00 | tc=7.29e-06 | w=61.24 | bc=2.12e-06 | w=209.47 | data=5.42e-04 | w=45.66 | reg=8.50e-07 | w=296.92 | lr=9.1e-05
  [VAL] ep  2000  val RMSE($): 2.7404  | spread: 19.057  | OTM/ATM/ITM: 2.390/3.497/3.516
  [VAL] ep  2250  val RMSE($): 2.7714  | spread: 19.463  | OTM/ATM/ITM: 2.438/3.571/3.419
  [VAL] ep  2500  val RMSE($): 2.7385  | spread: 18.979  | OTM/ATM/ITM: 2.399/3.482/3.486
  [VAL] ep  2750  val RMSE($): 2.7883  | spread: 19.634  | OTM/ATM/ITM: 2.464/3.586/3.402
  [VAL] ep  3000  val RMSE($): 2.7927  | spread: 19.796  | OTM/ATM/ITM: 2.451/3.601/3.470
  [VAL] ep  3250  val RMSE($): 2.7851  | spread: 19.700  | OTM/ATM/ITM: 2.452/3.552/3.478
  [VAL] ep  3500  val RMSE($): 2.8252  | spread: 20.019  | OTM/ATM/ITM: 2.499/3.600/3.482
  [VAL] ep  3750  val RMSE($): 2.7486  | spread: 19.264  | OTM/ATM/ITM: 2.422/3.507/3.424
Ep  4000/10000 | L=3.54e-02 | pde=7.10e-03 | w=1.01 | tc=2.85e-06 | w=149.35 | bc=1.45e-06 | w=280.71 | data=4.91e-04 | w=55.77 | reg=4.12e-11 | w=50822.38 | lr=6.6e-05
  [VAL] ep  4000  val RMSE($): 2.7783  | spread: 19.632  | OTM/ATM/ITM: 2.443/3.557/3.464
  [VAL] ep  4250  val RMSE($): 2.8010  | spread: 19.654  | OTM/ATM/ITM: 2.463/3.587/3.494
  [VAL] ep  4500  val RMSE($): 2.7320  | spread: 18.987  | OTM/ATM/ITM: 2.399/3.494/3.425
  [VAL] ep  4750  val RMSE($): 2.7869  | spread: 19.510  | OTM/ATM/ITM: 2.440/3.592/3.488
  [VAL] ep  5000  val RMSE($): 2.7857  | spread: 19.564  | OTM/ATM/ITM: 2.430/3.612/3.496
  [VAL] ep  5250  val RMSE($): 2.7758  | spread: 19.468  | OTM/ATM/ITM: 2.435/3.560/3.478
  [VAL] ep  5500  val RMSE($): 2.7448  | spread: 19.009  | OTM/ATM/ITM: 2.410/3.517/3.434
  [VAL] ep  5750  val RMSE($): 2.7707  | spread: 19.477  | OTM/ATM/ITM: 2.420/3.577/3.486
Ep  6000/10000 | L=3.83e-02 | pde=7.70e-03 | w=1.01 | tc=2.10e-06 | w=199.04 | bc=1.27e-06 | w=314.46 | data=4.75e-04 | w=62.52 | reg=1.61e-13 | w=760819.32 | lr=3.5e-05
  [VAL] ep  6000  val RMSE($): 2.7941  | spread: 19.745  | OTM/ATM/ITM: 2.452/3.596/3.479
  [VAL] ep  6250  val RMSE($): 2.7631  | spread: 19.284  | OTM/ATM/ITM: 2.414/3.567/3.472
  [VAL] ep  6500  val RMSE($): 2.7908  | spread: 19.576  | OTM/ATM/ITM: 2.448/3.586/3.487
  [VAL] ep  6750  val RMSE($): 2.7921  | spread: 19.577  | OTM/ATM/ITM: 2.451/3.585/3.487
  [VAL] ep  7000  val RMSE($): 2.7886  | spread: 19.525  | OTM/ATM/ITM: 2.445/3.584/3.490
  [VAL] ep  7250  val RMSE($): 2.7704  | spread: 19.324  | OTM/ATM/ITM: 2.425/3.566/3.475
  [VAL] ep  7500  val RMSE($): 2.7687  | spread: 19.276  | OTM/ATM/ITM: 2.425/3.556/3.477
  [VAL] ep  7750  val RMSE($): 2.7678  | spread: 19.273  | OTM/ATM/ITM: 2.428/3.549/3.467
Ep  8000/10000 | L=3.87e-02 | pde=7.26e-03 | w=1.01 | tc=1.56e-06 | w=250.75 | bc=1.17e-06 | w=342.59 | data=4.68e-04 | w=65.25 | reg=1.17e-11 | w=699068.45 | lr=1.0e-05
  [VAL] ep  8000  val RMSE($): 2.7664  | spread: 19.303  | OTM/ATM/ITM: 2.420/3.560/3.478
  [VAL] ep  8250  val RMSE($): 2.7628  | spread: 19.219  | OTM/ATM/ITM: 2.418/3.552/3.476
  [VAL] ep  8500  val RMSE($): 2.7679  | spread: 19.281  | OTM/ATM/ITM: 2.426/3.554/3.471
  [VAL] ep  8750  val RMSE($): 2.7755  | spread: 19.340  | OTM/ATM/ITM: 2.430/3.570/3.485
  [VAL] ep  9000  val RMSE($): 2.7723  | spread: 19.303  | OTM/ATM/ITM: 2.432/3.556/3.474
  [VAL] ep  9250  val RMSE($): 2.7821  | spread: 19.379  | OTM/ATM/ITM: 2.439/3.573/3.487
  [VAL] ep  9500  val RMSE($): 2.7714  | spread: 19.278  | OTM/ATM/ITM: 2.428/3.560/3.478
  [VAL] ep  9750  val RMSE($): 2.7752  | spread: 19.333  | OTM/ATM/ITM: 2.431/3.567/3.484
Ep 10000/10000 | L=3.95e-02 | pde=7.00e-03 | w=1.01 | tc=1.39e-06 | w=314.86 | bc=9.76e-07 | w=366.25 | data=4.75e-04 | w=66.55 | reg=8.64e-13 | w=24930994.49 | lr=1.0e-06
  [VAL] ep 10000  val RMSE($): 2.7749  | spread: 19.335  | OTM/ATM/ITM: 2.430/3.567/3.483

Restored model to val-best epoch 500 (val rmse_mkt=2.696544)

Training complete in 259.8s
REPORTED (val-best) test RMSE($): 3.0794  | spread: 33.893  | OTM/ATM/ITM: 2.875/3.679/3.038
  -> REPORTED test RMSE: $3.08 (val-best epoch: 500)
============================================
Done: Sat May  2 03:17:34 AM EDT 2026
============================================
