============================================
Job ID:     46430833
Array task: 12
Node:       dcc-core-gpu-ferc-s-h36-6
GPU:        NVIDIA GeForce RTX 2080 Ti
Date:       Fri May  1 11:40:02 PM EDT 2026
============================================
Config: arch=modified  mode=hybrid  μ=0.25  extras=[ --data_loss_warmup 5000]
============================================
Device: cuda
Loading and preprocessing data...
Full dataset: 59,668 obs, 2020-01-02 → 2020-12-31

============================================================
FOLD 1/9: Apr2020
  Train: start → 2020-04-01  |  Test: 2020-04-01 → 2020-05-01
============================================================
  Train: 12,743  Val: 2,941  Test: 3,094
  σ_fixed: 0.6848
Training: mode=hybrid, epochs=15000, lr=0.001
  Architecture: Modified MLP + RWF (μ=0.25)
  Pricing net params: 37,698
  Loss terms: ['pde', 'tc', 'bc', 'data']
  Data loss WARMUP: epochs 1..5000 run as physics-only
======================================================================
Ep     1/15000 | L=1.99e+04 | pde=1.80e+04 | w=1.00 | tc=1.87e+00 | w=274.15 | bc=2.34e+00 | w=580.79 | lr=1.0e-03
  [VAL] ep   500  val RMSE($): 2.8888  | spread: 21.796  | OTM/ATM/ITM: 2.494/3.884/3.546 ★
  [VAL] ep  1000  val RMSE($): 2.7687  | spread: 18.607  | OTM/ATM/ITM: 2.383/3.747/3.395 ★
  [VAL] ep  1500  val RMSE($): 2.3180  | spread: 14.590  | OTM/ATM/ITM: 2.137/2.840/2.606 ★
Ep  2000/15000 | L=6.57e-02 | pde=3.38e-02 | w=1.00 | tc=1.34e-05 | w=347.01 | bc=4.46e-05 | w=610.46 | lr=9.6e-04
  [VAL] ep  2000  val RMSE($): 2.9217  | spread: 22.873  | OTM/ATM/ITM: 2.709/3.385/3.474
  [VAL] ep  2500  val RMSE($): 2.9814  | spread: 22.677  | OTM/ATM/ITM: 2.702/3.859/3.283
  [VAL] ep  3000  val RMSE($): 3.5683  | spread: 29.976  | OTM/ATM/ITM: 3.051/4.980/4.235
  [VAL] ep  3500  val RMSE($): 3.1340  | spread: 29.335  | OTM/ATM/ITM: 3.117/3.367/2.916
Ep  4000/15000 | L=3.67e-02 | pde=1.13e-02 | w=1.00 | tc=4.01e-05 | w=322.53 | bc=2.17e-05 | w=575.96 | lr=8.4e-04
  [VAL] ep  4000  val RMSE($): 2.9487  | spread: 25.202  | OTM/ATM/ITM: 2.841/3.316/3.084
  [VAL] ep  4500  val RMSE($): 2.9264  | spread: 22.369  | OTM/ATM/ITM: 2.596/3.726/3.577
  [VAL] ep  5000  val RMSE($): 2.7631  | spread: 19.628  | OTM/ATM/ITM: 2.449/3.511/3.400
  [warmup→hybrid] data loss activated at ep 5001; λ_data init=1.00
  [VAL] ep  5500  val RMSE($): 2.4997  | spread: 16.282  | OTM/ATM/ITM: 2.185/3.230/3.132
Ep  6000/15000 | L=7.78e-03 | pde=6.71e-04 | w=1.01 | tc=1.55e-05 | w=292.07 | bc=9.03e-07 | w=543.13 | data=7.94e-04 | w=2.62 | lr=6.6e-04
  [VAL] ep  6000  val RMSE($): 2.4908  | spread: 16.194  | OTM/ATM/ITM: 2.175/3.188/3.172
  [VAL] ep  6500  val RMSE($): 2.8365  | spread: 21.458  | OTM/ATM/ITM: 2.555/3.544/3.385
  [VAL] ep  7000  val RMSE($): 2.8681  | spread: 21.656  | OTM/ATM/ITM: 2.565/3.588/3.499
  [VAL] ep  7500  val RMSE($): 2.8206  | spread: 20.675  | OTM/ATM/ITM: 2.497/3.596/3.465
Ep  8000/15000 | L=9.97e-03 | pde=7.40e-04 | w=1.02 | tc=5.72e-06 | w=264.14 | bc=1.33e-06 | w=490.40 | data=7.08e-04 | w=9.97 | lr=4.5e-04
  [VAL] ep  8000  val RMSE($): 2.6332  | spread: 17.732  | OTM/ATM/ITM: 2.262/3.458/3.393
  [VAL] ep  8500  val RMSE($): 2.6960  | spread: 18.609  | OTM/ATM/ITM: 2.349/3.498/3.394
  [VAL] ep  9000  val RMSE($): 2.7772  | spread: 20.045  | OTM/ATM/ITM: 2.447/3.563/3.434
  [VAL] ep  9500  val RMSE($): 2.7056  | spread: 19.370  | OTM/ATM/ITM: 2.408/3.368/3.375
Ep 10000/15000 | L=1.25e-02 | pde=9.84e-04 | w=1.02 | tc=1.70e-06 | w=295.87 | bc=8.22e-07 | w=453.09 | data=6.57e-04 | w=16.13 | lr=2.6e-04
  [VAL] ep 10000  val RMSE($): 2.8367  | spread: 21.278  | OTM/ATM/ITM: 2.565/3.535/3.353
  [VAL] ep 10500  val RMSE($): 2.7603  | spread: 19.871  | OTM/ATM/ITM: 2.452/3.495/3.384
  [VAL] ep 11000  val RMSE($): 2.8019  | spread: 20.389  | OTM/ATM/ITM: 2.481/3.566/3.446
  [VAL] ep 11500  val RMSE($): 2.7552  | spread: 19.605  | OTM/ATM/ITM: 2.430/3.516/3.420
Ep 12000/15000 | L=1.22e-02 | pde=1.10e-03 | w=1.03 | tc=1.43e-07 | w=429.83 | bc=2.03e-07 | w=456.76 | data=6.36e-04 | w=17.14 | lr=1.0e-04
  [VAL] ep 12000  val RMSE($): 2.7306  | spread: 19.373  | OTM/ATM/ITM: 2.425/3.455/3.354
  [VAL] ep 12500  val RMSE($): 2.7165  | spread: 19.192  | OTM/ATM/ITM: 2.410/3.443/3.344
  [VAL] ep 13000  val RMSE($): 2.7158  | spread: 19.198  | OTM/ATM/ITM: 2.411/3.436/3.342
  [VAL] ep 13500  val RMSE($): 2.6995  | spread: 19.010  | OTM/ATM/ITM: 2.396/3.413/3.328
Ep 14000/15000 | L=1.21e-02 | pde=1.04e-03 | w=1.03 | tc=1.12e-07 | w=661.81 | bc=8.49e-08 | w=471.33 | data=6.23e-04 | w=17.46 | lr=2.1e-05
  [VAL] ep 14000  val RMSE($): 2.7018  | spread: 18.995  | OTM/ATM/ITM: 2.401/3.410/3.325
  [VAL] ep 14500  val RMSE($): 2.7070  | spread: 19.063  | OTM/ATM/ITM: 2.407/3.415/3.328
  [VAL] ep 15000  val RMSE($): 2.7059  | spread: 19.032  | OTM/ATM/ITM: 2.404/3.417/3.329

Restored model to val-best epoch 1500 (val rmse_mkt=2.318039)

Training complete in 331.4s
REPORTED (val-best) test RMSE($): 2.4375  | spread: 25.717  | OTM/ATM/ITM: 2.319/2.966/2.176
  → REPORTED test RMSE vs Market: $2.44 (val-best epoch: 1500)

============================================================
FOLD 2/9: May2020
  Train: start → 2020-05-01  |  Test: 2020-05-01 → 2020-06-01
============================================================
  Train: 15,684  Val: 3,094  Test: 3,188
  σ_fixed: 0.7294
Training: mode=hybrid, epochs=15000, lr=0.001
  Architecture: Modified MLP + RWF (μ=0.25)
  Pricing net params: 37,698
  Loss terms: ['pde', 'tc', 'bc', 'data']
  Data loss WARMUP: epochs 1..5000 run as physics-only
======================================================================
Ep     1/15000 | L=2.56e+04 | pde=2.32e+04 | w=1.00 | tc=1.87e+00 | w=352.60 | bc=2.34e+00 | w=747.55 | lr=1.0e-03
  [VAL] ep   500  val RMSE($): 4.5867  | spread: 55.709  | OTM/ATM/ITM: 3.611/6.863/4.475 ★
  [VAL] ep  1000  val RMSE($): 2.2922  | spread: 22.383  | OTM/ATM/ITM: 2.332/2.394/2.019 ★
  [VAL] ep  1500  val RMSE($): 2.3309  | spread: 22.183  | OTM/ATM/ITM: 2.263/2.684/2.133
Ep  2000/15000 | L=1.77e-01 | pde=9.65e-03 | w=1.00 | tc=3.46e-04 | w=426.26 | bc=2.47e-05 | w=789.81 | lr=9.6e-04
  [VAL] ep  2000  val RMSE($): 5.0678  | spread: 66.199  | OTM/ATM/ITM: 4.786/6.068/4.794
  [VAL] ep  2500  val RMSE($): 3.1161  | spread: 33.650  | OTM/ATM/ITM: 2.835/3.865/3.123
  [VAL] ep  3000  val RMSE($): 2.8810  | spread: 30.452  | OTM/ATM/ITM: 2.605/3.514/3.017
  [VAL] ep  3500  val RMSE($): 2.6405  | spread: 27.417  | OTM/ATM/ITM: 2.595/3.049/2.284
Ep  4000/15000 | L=5.30e-02 | pde=9.85e-03 | w=1.00 | tc=8.77e-05 | w=448.08 | bc=4.33e-06 | w=882.07 | lr=8.4e-04
  [VAL] ep  4000  val RMSE($): 3.7819  | spread: 47.266  | OTM/ATM/ITM: 3.699/4.324/3.403
  [VAL] ep  4500  val RMSE($): 3.0830  | spread: 33.471  | OTM/ATM/ITM: 2.763/3.815/3.231
  [VAL] ep  5000  val RMSE($): 3.0191  | spread: 33.588  | OTM/ATM/ITM: 2.885/3.565/2.809
  [warmup→hybrid] data loss activated at ep 5001; λ_data init=1.00
  [VAL] ep  5500  val RMSE($): 3.5900  | spread: 42.558  | OTM/ATM/ITM: 3.367/4.332/3.430
Ep  6000/15000 | L=1.40e-02 | pde=1.35e-03 | w=1.01 | tc=1.51e-05 | w=435.74 | bc=6.63e-07 | w=823.56 | data=9.24e-04 | w=5.96 | lr=6.6e-04
  [VAL] ep  6000  val RMSE($): 3.5738  | spread: 42.513  | OTM/ATM/ITM: 3.389/4.308/3.289
  [VAL] ep  6500  val RMSE($): 2.8815  | spread: 30.431  | OTM/ATM/ITM: 2.624/3.515/2.960
  [VAL] ep  7000  val RMSE($): 2.7553  | spread: 29.157  | OTM/ATM/ITM: 2.619/3.247/2.620
  [VAL] ep  7500  val RMSE($): 2.8325  | spread: 29.732  | OTM/ATM/ITM: 2.592/3.484/2.830
Ep  8000/15000 | L=1.91e-02 | pde=2.37e-03 | w=1.01 | tc=3.47e-07 | w=562.65 | bc=2.83e-06 | w=734.16 | data=8.48e-04 | w=16.99 | lr=4.5e-04
  [VAL] ep  8000  val RMSE($): 2.9135  | spread: 31.263  | OTM/ATM/ITM: 2.697/3.538/2.872
  [VAL] ep  8500  val RMSE($): 3.1449  | spread: 36.380  | OTM/ATM/ITM: 3.050/3.671/2.821
  [VAL] ep  9000  val RMSE($): 2.8844  | spread: 31.828  | OTM/ATM/ITM: 2.795/3.291/2.701
  [VAL] ep  9500  val RMSE($): 2.7285  | spread: 28.917  | OTM/ATM/ITM: 2.593/3.213/2.601
Ep 10000/15000 | L=2.16e-02 | pde=1.89e-03 | w=1.01 | tc=1.71e-06 | w=578.81 | bc=2.34e-07 | w=739.60 | data=7.81e-04 | w=23.66 | lr=2.6e-04
  [VAL] ep 10000  val RMSE($): 2.7519  | spread: 29.308  | OTM/ATM/ITM: 2.614/3.244/2.624
  [VAL] ep 10500  val RMSE($): 2.8185  | spread: 30.493  | OTM/ATM/ITM: 2.641/3.357/2.764
  [VAL] ep 11000  val RMSE($): 2.8296  | spread: 30.620  | OTM/ATM/ITM: 2.690/3.325/2.704
  [VAL] ep 11500  val RMSE($): 2.8061  | spread: 29.774  | OTM/ATM/ITM: 2.618/3.345/2.785
Ep 12000/15000 | L=2.14e-02 | pde=2.15e-03 | w=1.02 | tc=4.69e-07 | w=586.46 | bc=9.79e-08 | w=747.28 | data=7.19e-04 | w=26.32 | lr=1.0e-04
  [VAL] ep 12000  val RMSE($): 2.7855  | spread: 29.645  | OTM/ATM/ITM: 2.637/3.279/2.690
  [VAL] ep 12500  val RMSE($): 2.8308  | spread: 30.529  | OTM/ATM/ITM: 2.689/3.333/2.702
  [VAL] ep 13000  val RMSE($): 2.8109  | spread: 30.088  | OTM/ATM/ITM: 2.661/3.311/2.715
  [VAL] ep 13500  val RMSE($): 2.8005  | spread: 29.951  | OTM/ATM/ITM: 2.650/3.299/2.708
Ep 14000/15000 | L=2.25e-02 | pde=2.08e-03 | w=1.02 | tc=1.02e-07 | w=1072.96 | bc=7.30e-08 | w=802.44 | data=7.58e-04 | w=26.59 | lr=2.1e-05
  [VAL] ep 14000  val RMSE($): 2.7961  | spread: 29.912  | OTM/ATM/ITM: 2.652/3.284/2.695
  [VAL] ep 14500  val RMSE($): 2.8027  | spread: 29.957  | OTM/ATM/ITM: 2.657/3.293/2.703
  [VAL] ep 15000  val RMSE($): 2.7983  | spread: 29.887  | OTM/ATM/ITM: 2.651/3.291/2.702

Restored model to val-best epoch 1000 (val rmse_mkt=2.292182)

Training complete in 330.5s
REPORTED (val-best) test RMSE($): 2.7802  | spread: 38.673  | OTM/ATM/ITM: 2.441/3.486/2.920
  → REPORTED test RMSE vs Market: $2.78 (val-best epoch: 1000)

============================================================
FOLD 3/9: Jun2020
  Train: start → 2020-06-01  |  Test: 2020-06-01 → 2020-07-01
============================================================
  Train: 18,778  Val: 3,188  Test: 3,265
  σ_fixed: 0.7756
Training: mode=hybrid, epochs=15000, lr=0.001
  Architecture: Modified MLP + RWF (μ=0.25)
  Pricing net params: 37,698
  Loss terms: ['pde', 'tc', 'bc', 'data']
  Data loss WARMUP: epochs 1..5000 run as physics-only
======================================================================
Ep     1/15000 | L=3.27e+04 | pde=2.96e+04 | w=1.00 | tc=1.87e+00 | w=450.67 | bc=2.34e+00 | w=955.98 | lr=1.0e-03
  [VAL] ep   500  val RMSE($): 3.0191  | spread: 29.109  | OTM/ATM/ITM: 2.788/2.084/4.760 ★
  [VAL] ep  1000  val RMSE($): 4.1378  | spread: 59.076  | OTM/ATM/ITM: 4.260/4.226/3.373
  [VAL] ep  1500  val RMSE($): 2.9124  | spread: 35.412  | OTM/ATM/ITM: 3.221/2.578/1.740 ★
Ep  2000/15000 | L=2.39e-01 | pde=1.46e-01 | w=1.00 | tc=8.02e-05 | w=478.85 | bc=4.34e-05 | w=1262.77 | lr=9.6e-04
  [VAL] ep  2000  val RMSE($): 2.6097  | spread: 24.956  | OTM/ATM/ITM: 3.001/1.849/1.579 ★
  [VAL] ep  2500  val RMSE($): 2.7799  | spread: 32.834  | OTM/ATM/ITM: 3.158/2.125/1.709
  [VAL] ep  3000  val RMSE($): 2.4512  | spread: 20.597  | OTM/ATM/ITM: 2.715/2.003/1.777 ★
  [VAL] ep  3500  val RMSE($): 2.4614  | spread: 17.709  | OTM/ATM/ITM: 2.758/1.805/1.914
Ep  4000/15000 | L=7.18e-02 | pde=4.50e-02 | w=1.00 | tc=2.94e-05 | w=484.77 | bc=9.07e-06 | w=1380.02 | lr=8.4e-04
  [VAL] ep  4000  val RMSE($): 2.5352  | spread: 22.218  | OTM/ATM/ITM: 2.837/2.112/1.547
  [VAL] ep  4500  val RMSE($): 2.7379  | spread: 28.613  | OTM/ATM/ITM: 2.864/2.781/1.998
  [VAL] ep  5000  val RMSE($): 3.0127  | spread: 36.360  | OTM/ATM/ITM: 3.259/2.859/1.918
  [warmup→hybrid] data loss activated at ep 5001; λ_data init=1.00
  [VAL] ep  5500  val RMSE($): 2.6381  | spread: 24.395  | OTM/ATM/ITM: 2.893/2.381/1.669
Ep  6000/15000 | L=2.97e-02 | pde=3.52e-03 | w=1.00 | tc=4.68e-06 | w=447.45 | bc=1.05e-05 | w=1188.47 | data=1.10e-03 | w=10.45 | lr=6.6e-04
  [VAL] ep  6000  val RMSE($): 2.5897  | spread: 24.724  | OTM/ATM/ITM: 2.852/2.294/1.637
  [VAL] ep  6500  val RMSE($): 2.6053  | spread: 27.647  | OTM/ATM/ITM: 2.815/2.452/1.734
  [VAL] ep  7000  val RMSE($): 2.5006  | spread: 25.248  | OTM/ATM/ITM: 2.711/2.327/1.651
  [VAL] ep  7500  val RMSE($): 2.2722  | spread: 21.912  | OTM/ATM/ITM: 2.487/2.030/1.517 ★
Ep  8000/15000 | L=3.83e-02 | pde=3.77e-03 | w=1.01 | tc=1.45e-05 | w=462.53 | bc=2.94e-06 | w=1060.94 | data=9.24e-04 | w=26.68 | lr=4.5e-04
  [VAL] ep  8000  val RMSE($): 2.2803  | spread: 22.763  | OTM/ATM/ITM: 2.431/2.190/1.642
  [VAL] ep  8500  val RMSE($): 2.2927  | spread: 23.467  | OTM/ATM/ITM: 2.420/2.275/1.653
  [VAL] ep  9000  val RMSE($): 2.3238  | spread: 24.797  | OTM/ATM/ITM: 2.478/2.263/1.601
  [VAL] ep  9500  val RMSE($): 2.2184  | spread: 23.350  | OTM/ATM/ITM: 2.362/2.168/1.539 ★
Ep 10000/15000 | L=3.63e-02 | pde=4.01e-03 | w=1.01 | tc=2.14e-06 | w=471.38 | bc=4.64e-07 | w=1078.58 | data=8.62e-04 | w=35.64 | lr=2.6e-04
  [VAL] ep 10000  val RMSE($): 2.2667  | spread: 24.472  | OTM/ATM/ITM: 2.404/2.238/1.582
  [VAL] ep 10500  val RMSE($): 2.3557  | spread: 26.643  | OTM/ATM/ITM: 2.480/2.364/1.680
  [VAL] ep 11000  val RMSE($): 2.3866  | spread: 27.566  | OTM/ATM/ITM: 2.505/2.416/1.704
  [VAL] ep 11500  val RMSE($): 2.3658  | spread: 27.888  | OTM/ATM/ITM: 2.448/2.468/1.748
Ep 12000/15000 | L=3.98e-02 | pde=4.68e-03 | w=1.01 | tc=1.68e-07 | w=719.60 | bc=2.72e-07 | w=1080.09 | data=8.57e-04 | w=40.41 | lr=1.0e-04
  [VAL] ep 12000  val RMSE($): 2.3793  | spread: 28.128  | OTM/ATM/ITM: 2.453/2.502/1.770
  [VAL] ep 12500  val RMSE($): 2.4134  | spread: 29.072  | OTM/ATM/ITM: 2.480/2.547/1.823
  [VAL] ep 13000  val RMSE($): 2.3577  | spread: 27.957  | OTM/ATM/ITM: 2.434/2.465/1.763
  [VAL] ep 13500  val RMSE($): 2.3970  | spread: 28.752  | OTM/ATM/ITM: 2.467/2.525/1.799
Ep 14000/15000 | L=3.74e-02 | pde=4.45e-03 | w=1.01 | tc=1.28e-07 | w=1409.50 | bc=8.96e-08 | w=1178.18 | data=7.86e-04 | w=41.51 | lr=2.1e-05
  [VAL] ep 14000  val RMSE($): 2.3843  | spread: 28.391  | OTM/ATM/ITM: 2.460/2.498/1.783
  [VAL] ep 14500  val RMSE($): 2.3776  | spread: 28.339  | OTM/ATM/ITM: 2.451/2.495/1.780
  [VAL] ep 15000  val RMSE($): 2.3807  | spread: 28.304  | OTM/ATM/ITM: 2.459/2.490/1.775

Restored model to val-best epoch 9500 (val rmse_mkt=2.218434)

Training complete in 322.3s
REPORTED (val-best) test RMSE($): 3.0265  | spread: 26.222  | OTM/ATM/ITM: 3.001/3.202/2.891
  → REPORTED test RMSE vs Market: $3.03 (val-best epoch: 9500)

============================================================
FOLD 4/9: Jul2020
  Train: start → 2020-07-01  |  Test: 2020-07-01 → 2020-08-01
============================================================
  Train: 21,966  Val: 3,265  Test: 5,083
  σ_fixed: 0.7376
Training: mode=hybrid, epochs=15000, lr=0.001
  Architecture: Modified MLP + RWF (μ=0.25)
  Pricing net params: 37,698
  Loss terms: ['pde', 'tc', 'bc', 'data']
  Data loss WARMUP: epochs 1..5000 run as physics-only
======================================================================
Ep     1/15000 | L=2.67e+04 | pde=2.42e+04 | w=1.00 | tc=1.87e+00 | w=368.68 | bc=2.34e+00 | w=781.73 | lr=1.0e-03
  [VAL] ep   500  val RMSE($): 3.6472  | spread: 51.984  | OTM/ATM/ITM: 4.317/2.406/2.353 ★
  [VAL] ep  1000  val RMSE($): 3.5198  | spread: 41.058  | OTM/ATM/ITM: 3.847/3.246/2.661 ★
  [VAL] ep  1500  val RMSE($): 2.9405  | spread: 26.172  | OTM/ATM/ITM: 3.111/2.558/2.811 ★
Ep  2000/15000 | L=1.84e-01 | pde=3.19e-02 | w=1.00 | tc=2.23e-04 | w=575.84 | bc=2.45e-05 | w=958.45 | lr=9.6e-04
  [VAL] ep  2000  val RMSE($): 3.3604  | spread: 42.182  | OTM/ATM/ITM: 3.757/2.768/2.601
  [VAL] ep  2500  val RMSE($): 3.1406  | spread: 29.295  | OTM/ATM/ITM: 3.022/3.616/2.894
  [VAL] ep  3000  val RMSE($): 2.6924  | spread: 21.804  | OTM/ATM/ITM: 2.768/2.772/2.338 ★
  [VAL] ep  3500  val RMSE($): 2.8546  | spread: 25.660  | OTM/ATM/ITM: 3.140/2.480/2.275
Ep  4000/15000 | L=4.07e-02 | pde=1.11e-02 | w=1.00 | tc=2.08e-05 | w=553.90 | bc=2.11e-05 | w=857.98 | lr=8.4e-04
  [VAL] ep  4000  val RMSE($): 2.6731  | spread: 18.095  | OTM/ATM/ITM: 2.907/2.332/2.258 ★
  [VAL] ep  4500  val RMSE($): 2.8882  | spread: 25.121  | OTM/ATM/ITM: 2.880/3.037/2.730
  [VAL] ep  5000  val RMSE($): 2.7028  | spread: 18.174  | OTM/ATM/ITM: 2.805/2.640/2.440
  [warmup→hybrid] data loss activated at ep 5001; λ_data init=1.00
  [VAL] ep  5500  val RMSE($): 2.8635  | spread: 24.215  | OTM/ATM/ITM: 2.778/3.041/2.909
Ep  6000/15000 | L=1.84e-02 | pde=1.40e-03 | w=1.01 | tc=1.39e-05 | w=556.86 | bc=6.04e-06 | w=737.69 | data=7.54e-04 | w=6.36 | lr=6.6e-04
  [VAL] ep  6000  val RMSE($): 2.7086  | spread: 20.434  | OTM/ATM/ITM: 2.703/2.737/2.692
  [VAL] ep  6500  val RMSE($): 2.8045  | spread: 25.144  | OTM/ATM/ITM: 2.779/3.039/2.591
  [VAL] ep  7000  val RMSE($): 2.5150  | spread: 17.389  | OTM/ATM/ITM: 2.599/2.487/2.270 ★
  [VAL] ep  7500  val RMSE($): 2.4968  | spread: 17.399  | OTM/ATM/ITM: 2.572/2.481/2.268 ★
Ep  8000/15000 | L=1.22e-02 | pde=1.12e-03 | w=1.02 | tc=6.14e-06 | w=465.71 | bc=5.05e-07 | w=730.00 | data=7.21e-04 | w=10.91 | lr=4.5e-04
  [VAL] ep  8000  val RMSE($): 2.4959  | spread: 18.183  | OTM/ATM/ITM: 2.549/2.527/2.285 ★
  [VAL] ep  8500  val RMSE($): 2.6017  | spread: 21.977  | OTM/ATM/ITM: 2.641/2.689/2.366
  [VAL] ep  9000  val RMSE($): 2.6917  | spread: 24.784  | OTM/ATM/ITM: 2.728/2.798/2.441
  [VAL] ep  9500  val RMSE($): 2.6561  | spread: 24.382  | OTM/ATM/ITM: 2.652/2.841/2.436
Ep 10000/15000 | L=1.35e-02 | pde=7.58e-04 | w=1.02 | tc=5.46e-07 | w=449.55 | bc=1.67e-06 | w=632.04 | data=6.93e-04 | w=16.49 | lr=2.6e-04
  [VAL] ep 10000  val RMSE($): 2.6518  | spread: 24.781  | OTM/ATM/ITM: 2.588/2.917/2.517
  [VAL] ep 10500  val RMSE($): 2.5282  | spread: 21.830  | OTM/ATM/ITM: 2.504/2.709/2.380
  [VAL] ep 11000  val RMSE($): 2.5480  | spread: 22.251  | OTM/ATM/ITM: 2.525/2.721/2.407
  [VAL] ep 11500  val RMSE($): 2.6136  | spread: 24.682  | OTM/ATM/ITM: 2.567/2.843/2.473
Ep 12000/15000 | L=1.38e-02 | pde=9.13e-04 | w=1.02 | tc=1.69e-07 | w=440.71 | bc=4.08e-08 | w=794.32 | data=6.67e-04 | w=19.06 | lr=1.0e-04
  [VAL] ep 12000  val RMSE($): 2.6663  | spread: 25.647  | OTM/ATM/ITM: 2.603/2.939/2.522
  [VAL] ep 12500  val RMSE($): 2.6549  | spread: 25.924  | OTM/ATM/ITM: 2.582/2.935/2.531
  [VAL] ep 13000  val RMSE($): 2.6567  | spread: 26.295  | OTM/ATM/ITM: 2.577/2.948/2.538
  [VAL] ep 13500  val RMSE($): 2.6697  | spread: 26.465  | OTM/ATM/ITM: 2.589/2.968/2.545
Ep 14000/15000 | L=1.42e-02 | pde=8.65e-04 | w=1.03 | tc=1.17e-07 | w=586.50 | bc=2.47e-08 | w=859.46 | data=6.73e-04 | w=19.58 | lr=2.1e-05
  [VAL] ep 14000  val RMSE($): 2.6839  | spread: 26.918  | OTM/ATM/ITM: 2.600/2.992/2.557
  [VAL] ep 14500  val RMSE($): 2.6767  | spread: 26.765  | OTM/ATM/ITM: 2.593/2.982/2.555
  [VAL] ep 15000  val RMSE($): 2.6905  | spread: 26.986  | OTM/ATM/ITM: 2.604/3.001/2.568

Restored model to val-best epoch 8000 (val rmse_mkt=2.495927)

Training complete in 319.8s
REPORTED (val-best) test RMSE($): 8.6693  | spread: 31.787  | OTM/ATM/ITM: 9.004/8.574/7.641
  → REPORTED test RMSE vs Market: $8.67 (val-best epoch: 8000)

============================================================
FOLD 5/9: Aug2020
  Train: start → 2020-08-01  |  Test: 2020-08-01 → 2020-09-01
============================================================
  Train: 25,231  Val: 5,083  Test: 5,167
  σ_fixed: 0.7117
Training: mode=hybrid, epochs=15000, lr=0.001
  Architecture: Modified MLP + RWF (μ=0.25)
  Pricing net params: 37,698
  Loss terms: ['pde', 'tc', 'bc', 'data']
  Data loss WARMUP: epochs 1..5000 run as physics-only
======================================================================
Ep     1/15000 | L=2.33e+04 | pde=2.11e+04 | w=1.00 | tc=1.87e+00 | w=320.27 | bc=2.34e+00 | w=680.11 | lr=1.0e-03
  [VAL] ep   500  val RMSE($): 8.5884  | spread: 38.192  | OTM/ATM/ITM: 8.563/9.551/7.736 ★
  [VAL] ep  1000  val RMSE($): 8.5540  | spread: 32.344  | OTM/ATM/ITM: 9.459/7.299/6.352 ★
  [VAL] ep  1500  val RMSE($): 7.8184  | spread: 31.820  | OTM/ATM/ITM: 8.211/7.572/6.714 ★
Ep  2000/15000 | L=3.44e-01 | pde=2.52e-01 | w=1.00 | tc=9.95e-05 | w=391.21 | bc=5.11e-05 | w=1029.57 | lr=9.6e-04
  [VAL] ep  2000  val RMSE($): 8.3580  | spread: 28.793  | OTM/ATM/ITM: 8.610/8.360/7.528
  [VAL] ep  2500  val RMSE($): 8.3191  | spread: 30.533  | OTM/ATM/ITM: 8.209/8.924/8.105
  [VAL] ep  3000  val RMSE($): 11.1937  | spread: 57.192  | OTM/ATM/ITM: 11.871/11.063/8.931
  [VAL] ep  3500  val RMSE($): 8.7569  | spread: 31.529  | OTM/ATM/ITM: 9.239/8.405/7.431
Ep  4000/15000 | L=5.94e-02 | pde=1.17e-02 | w=1.00 | tc=6.82e-05 | w=341.86 | bc=2.65e-05 | w=918.87 | lr=8.4e-04
  [VAL] ep  4000  val RMSE($): 8.4783  | spread: 28.436  | OTM/ATM/ITM: 8.811/8.580/7.255
  [VAL] ep  4500  val RMSE($): 8.3655  | spread: 28.810  | OTM/ATM/ITM: 8.780/8.029/7.276
  [VAL] ep  5000  val RMSE($): 8.3214  | spread: 28.198  | OTM/ATM/ITM: 8.188/8.950/8.159
  [warmup→hybrid] data loss activated at ep 5001; λ_data init=1.00
  [VAL] ep  5500  val RMSE($): 8.5963  | spread: 29.953  | OTM/ATM/ITM: 8.785/8.693/7.896
Ep  6000/15000 | L=1.58e-02 | pde=1.84e-03 | w=1.01 | tc=7.77e-06 | w=322.09 | bc=9.26e-06 | w=798.79 | data=6.07e-04 | w=6.73 | lr=6.6e-04
  [VAL] ep  6000  val RMSE($): 8.8724  | spread: 29.421  | OTM/ATM/ITM: 9.054/9.013/8.153
  [VAL] ep  6500  val RMSE($): 8.8198  | spread: 29.792  | OTM/ATM/ITM: 9.151/8.661/7.867
  [VAL] ep  7000  val RMSE($): 8.9972  | spread: 30.725  | OTM/ATM/ITM: 9.137/9.300/8.266
  [VAL] ep  7500  val RMSE($): 8.8931  | spread: 29.505  | OTM/ATM/ITM: 9.178/8.867/7.976
Ep  8000/15000 | L=1.41e-02 | pde=1.15e-03 | w=1.01 | tc=7.37e-06 | w=289.75 | bc=1.92e-06 | w=712.87 | data=5.71e-04 | w=16.57 | lr=4.5e-04
  [VAL] ep  8000  val RMSE($): 9.2714  | spread: 34.137  | OTM/ATM/ITM: 9.706/9.003/8.053
  [VAL] ep  8500  val RMSE($): 9.2808  | spread: 33.951  | OTM/ATM/ITM: 9.718/9.059/8.006
  [VAL] ep  9000  val RMSE($): 9.1331  | spread: 31.234  | OTM/ATM/ITM: 9.522/8.989/7.961
  [VAL] ep  9500  val RMSE($): 8.9556  | spread: 29.794  | OTM/ATM/ITM: 9.302/8.953/7.794
Ep 10000/15000 | L=1.51e-02 | pde=1.29e-03 | w=1.01 | tc=6.81e-07 | w=308.98 | bc=7.92e-07 | w=677.67 | data=5.29e-04 | w=24.58 | lr=2.6e-04
  [VAL] ep 10000  val RMSE($): 8.6896  | spread: 28.334  | OTM/ATM/ITM: 9.078/8.433/7.621
  [VAL] ep 10500  val RMSE($): 8.5780  | spread: 27.639  | OTM/ATM/ITM: 8.882/8.450/7.690
  [VAL] ep 11000  val RMSE($): 8.7957  | spread: 28.903  | OTM/ATM/ITM: 9.208/8.515/7.665
  [VAL] ep 11500  val RMSE($): 8.8100  | spread: 28.675  | OTM/ATM/ITM: 9.152/8.644/7.825
Ep 12000/15000 | L=1.54e-02 | pde=1.21e-03 | w=1.02 | tc=4.66e-07 | w=307.15 | bc=1.91e-07 | w=626.91 | data=4.93e-04 | w=28.26 | lr=1.0e-04
  [VAL] ep 12000  val RMSE($): 8.7673  | spread: 28.449  | OTM/ATM/ITM: 9.110/8.601/7.780
  [VAL] ep 12500  val RMSE($): 8.7213  | spread: 28.257  | OTM/ATM/ITM: 9.099/8.502/7.656
  [VAL] ep 13000  val RMSE($): 8.6954  | spread: 28.182  | OTM/ATM/ITM: 9.081/8.454/7.623
  [VAL] ep 13500  val RMSE($): 8.6677  | spread: 28.111  | OTM/ATM/ITM: 9.046/8.433/7.617
Ep 14000/15000 | L=1.56e-02 | pde=1.08e-03 | w=1.02 | tc=1.54e-07 | w=456.35 | bc=4.76e-08 | w=685.82 | data=4.97e-04 | w=29.01 | lr=2.1e-05
  [VAL] ep 14000  val RMSE($): 8.6583  | spread: 28.084  | OTM/ATM/ITM: 9.039/8.414/7.607
  [VAL] ep 14500  val RMSE($): 8.6875  | spread: 28.153  | OTM/ATM/ITM: 9.075/8.435/7.620
  [VAL] ep 15000  val RMSE($): 8.6744  | spread: 28.122  | OTM/ATM/ITM: 9.058/8.426/7.615

Restored model to val-best epoch 1500 (val rmse_mkt=7.818442)

Training complete in 321.0s
REPORTED (val-best) test RMSE($): 5.6960  | spread: 38.918  | OTM/ATM/ITM: 6.040/4.901/5.641
  → REPORTED test RMSE vs Market: $5.70 (val-best epoch: 1500)

============================================================
FOLD 6/9: Sep2020
  Train: start → 2020-09-01  |  Test: 2020-09-01 → 2020-10-01
============================================================
  Train: 30,314  Val: 5,167  Test: 6,361
  σ_fixed: 0.7325
Training: mode=hybrid, epochs=15000, lr=0.001
  Architecture: Modified MLP + RWF (μ=0.25)
  Pricing net params: 37,698
  Loss terms: ['pde', 'tc', 'bc', 'data']
  Data loss WARMUP: epochs 1..5000 run as physics-only
======================================================================
Ep     1/15000 | L=2.61e+04 | pde=2.37e+04 | w=1.00 | tc=1.87e+00 | w=359.36 | bc=2.34e+00 | w=763.66 | lr=1.0e-03
  [VAL] ep   500  val RMSE($): 10.2687  | spread: 131.471  | OTM/ATM/ITM: 13.295/4.748/5.942 ★
  [VAL] ep  1000  val RMSE($): 7.3431  | spread: 72.747  | OTM/ATM/ITM: 8.611/4.069/6.818 ★
  [VAL] ep  1500  val RMSE($): 8.1343  | spread: 76.944  | OTM/ATM/ITM: 9.047/6.707/7.308
Ep  2000/15000 | L=1.58e-01 | pde=4.33e-02 | w=1.00 | tc=2.62e-05 | w=426.44 | bc=1.28e-04 | w=805.11 | lr=9.6e-04
  [VAL] ep  2000  val RMSE($): 6.2265  | spread: 26.712  | OTM/ATM/ITM: 6.394/5.835/6.222 ★
  [VAL] ep  2500  val RMSE($): 7.0276  | spread: 56.861  | OTM/ATM/ITM: 8.086/4.869/6.326
  [VAL] ep  3000  val RMSE($): 5.7516  | spread: 27.661  | OTM/ATM/ITM: 5.426/5.403/6.630 ★
  [VAL] ep  3500  val RMSE($): 5.3331  | spread: 21.807  | OTM/ATM/ITM: 4.770/5.320/6.333 ★
Ep  4000/15000 | L=4.00e-02 | pde=1.29e-02 | w=1.00 | tc=1.34e-05 | w=568.56 | bc=2.13e-05 | w=911.95 | lr=8.4e-04
  [VAL] ep  4000  val RMSE($): 5.5314  | spread: 22.690  | OTM/ATM/ITM: 5.046/5.529/6.406
  [VAL] ep  4500  val RMSE($): 5.3809  | spread: 27.614  | OTM/ATM/ITM: 5.575/4.460/5.726
  [VAL] ep  5000  val RMSE($): 5.0955  | spread: 32.916  | OTM/ATM/ITM: 4.764/4.603/6.074 ★
  [warmup→hybrid] data loss activated at ep 5001; λ_data init=1.00
  [VAL] ep  5500  val RMSE($): 5.1262  | spread: 26.735  | OTM/ATM/ITM: 4.748/4.607/6.198
Ep  6000/15000 | L=2.03e-02 | pde=2.30e-03 | w=1.01 | tc=2.04e-05 | w=475.85 | bc=4.57e-06 | w=806.32 | data=6.75e-04 | w=6.87 | lr=6.6e-04
  [VAL] ep  6000  val RMSE($): 5.7594  | spread: 24.750  | OTM/ATM/ITM: 5.372/5.133/6.933
  [VAL] ep  6500  val RMSE($): 5.7437  | spread: 22.985  | OTM/ATM/ITM: 5.370/5.339/6.742
  [VAL] ep  7000  val RMSE($): 5.3241  | spread: 25.006  | OTM/ATM/ITM: 5.363/4.463/5.922
  [VAL] ep  7500  val RMSE($): 5.4192  | spread: 24.328  | OTM/ATM/ITM: 5.464/4.720/5.894
Ep  8000/15000 | L=1.83e-02 | pde=1.15e-03 | w=1.01 | tc=3.95e-06 | w=434.33 | bc=2.25e-06 | w=733.89 | data=5.50e-04 | w=25.12 | lr=4.5e-04
  [VAL] ep  8000  val RMSE($): 5.3830  | spread: 24.077  | OTM/ATM/ITM: 5.425/4.745/5.820
  [VAL] ep  8500  val RMSE($): 5.1860  | spread: 23.137  | OTM/ATM/ITM: 5.201/4.627/5.613
  [VAL] ep  9000  val RMSE($): 5.1300  | spread: 23.989  | OTM/ATM/ITM: 5.055/4.592/5.707
  [VAL] ep  9500  val RMSE($): 5.2133  | spread: 24.130  | OTM/ATM/ITM: 5.095/4.663/5.877
Ep 10000/15000 | L=2.20e-02 | pde=1.48e-03 | w=1.01 | tc=2.82e-07 | w=547.43 | bc=1.11e-06 | w=667.29 | data=5.48e-04 | w=35.81 | lr=2.6e-04
  [VAL] ep 10000  val RMSE($): 5.1301  | spread: 23.538  | OTM/ATM/ITM: 4.998/4.716/5.719
  [VAL] ep 10500  val RMSE($): 5.2842  | spread: 22.732  | OTM/ATM/ITM: 5.164/4.752/5.939
  [VAL] ep 11000  val RMSE($): 5.2384  | spread: 23.232  | OTM/ATM/ITM: 5.120/4.739/5.867
  [VAL] ep 11500  val RMSE($): 5.2073  | spread: 25.046  | OTM/ATM/ITM: 5.089/4.744/5.808
Ep 12000/15000 | L=2.42e-02 | pde=1.45e-03 | w=1.01 | tc=5.39e-07 | w=490.45 | bc=1.47e-07 | w=730.24 | data=5.48e-04 | w=40.89 | lr=1.0e-04
  [VAL] ep 12000  val RMSE($): 5.1733  | spread: 25.554  | OTM/ATM/ITM: 5.124/4.733/5.633
  [VAL] ep 12500  val RMSE($): 5.1866  | spread: 25.828  | OTM/ATM/ITM: 5.097/4.782/5.692
  [VAL] ep 13000  val RMSE($): 5.2192  | spread: 26.027  | OTM/ATM/ITM: 5.132/4.809/5.724
  [VAL] ep 13500  val RMSE($): 5.2143  | spread: 26.004  | OTM/ATM/ITM: 5.130/4.800/5.718
Ep 14000/15000 | L=2.49e-02 | pde=1.40e-03 | w=1.02 | tc=1.23e-07 | w=764.82 | bc=4.31e-08 | w=810.76 | data=5.54e-04 | w=42.09 | lr=2.1e-05
  [VAL] ep 14000  val RMSE($): 5.2081  | spread: 26.387  | OTM/ATM/ITM: 5.119/4.813/5.705
  [VAL] ep 14500  val RMSE($): 5.2172  | spread: 26.375  | OTM/ATM/ITM: 5.130/4.817/5.716
  [VAL] ep 15000  val RMSE($): 5.2041  | spread: 26.312  | OTM/ATM/ITM: 5.108/4.813/5.711

Restored model to val-best epoch 5000 (val rmse_mkt=5.095477)

Training complete in 320.1s
REPORTED (val-best) test RMSE($): 13.9647  | spread: 44.670  | OTM/ATM/ITM: 13.454/14.925/14.506
  → REPORTED test RMSE vs Market: $13.96 (val-best epoch: 5000)

============================================================
FOLD 7/9: Oct2020
  Train: start → 2020-10-01  |  Test: 2020-10-01 → 2020-11-01
============================================================
  Train: 35,481  Val: 6,361  Test: 5,968
  σ_fixed: 0.7371
Training: mode=hybrid, epochs=15000, lr=0.001
  Architecture: Modified MLP + RWF (μ=0.25)
  Pricing net params: 37,698
  Loss terms: ['pde', 'tc', 'bc', 'data']
  Data loss WARMUP: epochs 1..5000 run as physics-only
======================================================================
Ep     1/15000 | L=2.68e+04 | pde=2.43e+04 | w=1.00 | tc=1.87e+00 | w=368.38 | bc=2.34e+00 | w=782.88 | lr=1.0e-03
  [VAL] ep   500  val RMSE($): 17.6900  | spread: 89.889  | OTM/ATM/ITM: 18.264/17.363/16.313 ★
  [VAL] ep  1000  val RMSE($): 13.1634  | spread: 46.930  | OTM/ATM/ITM: 12.795/15.270/12.261 ★
  [VAL] ep  1500  val RMSE($): 14.4441  | spread: 47.497  | OTM/ATM/ITM: 13.627/16.030/15.216
Ep  2000/15000 | L=1.16e-01 | pde=4.45e-02 | w=1.00 | tc=1.47e-05 | w=445.93 | bc=6.57e-05 | w=993.83 | lr=9.6e-04
  [VAL] ep  2000  val RMSE($): 14.8832  | spread: 52.517  | OTM/ATM/ITM: 14.337/16.543/14.909
  [VAL] ep  2500  val RMSE($): 14.8699  | spread: 56.373  | OTM/ATM/ITM: 15.505/14.562/13.268
  [VAL] ep  3000  val RMSE($): 15.4153  | spread: 52.609  | OTM/ATM/ITM: 14.438/16.894/16.673
  [VAL] ep  3500  val RMSE($): 15.9746  | spread: 63.997  | OTM/ATM/ITM: 15.853/17.070/15.366
Ep  4000/15000 | L=3.34e-02 | pde=1.81e-02 | w=1.00 | tc=1.59e-05 | w=402.08 | bc=9.80e-06 | w=911.93 | lr=8.4e-04
  [VAL] ep  4000  val RMSE($): 14.4467  | spread: 50.054  | OTM/ATM/ITM: 14.376/15.127/14.065
  [VAL] ep  4500  val RMSE($): 14.4206  | spread: 48.823  | OTM/ATM/ITM: 14.100/15.617/14.264
  [VAL] ep  5000  val RMSE($): 15.4098  | spread: 56.076  | OTM/ATM/ITM: 14.841/17.199/15.382
  [warmup→hybrid] data loss activated at ep 5001; λ_data init=1.00
  [VAL] ep  5500  val RMSE($): 15.2031  | spread: 55.352  | OTM/ATM/ITM: 15.005/16.268/14.833
Ep  6000/15000 | L=1.88e-02 | pde=1.89e-03 | w=1.00 | tc=1.59e-05 | w=364.09 | bc=5.59e-06 | w=797.79 | data=5.24e-04 | w=12.77 | lr=6.6e-04
  [VAL] ep  6000  val RMSE($): 15.5477  | spread: 60.590  | OTM/ATM/ITM: 15.788/16.564/13.946
  [VAL] ep  6500  val RMSE($): 16.2639  | spread: 64.241  | OTM/ATM/ITM: 16.162/17.431/15.535
  [VAL] ep  7000  val RMSE($): 15.0128  | spread: 52.036  | OTM/ATM/ITM: 14.664/16.326/14.830
  [VAL] ep  7500  val RMSE($): 15.7766  | spread: 59.478  | OTM/ATM/ITM: 15.948/16.353/14.797
Ep  8000/15000 | L=2.79e-02 | pde=1.80e-03 | w=1.01 | tc=7.65e-06 | w=481.55 | bc=1.59e-06 | w=787.90 | data=5.36e-04 | w=39.51 | lr=4.5e-04
  [VAL] ep  8000  val RMSE($): 15.5384  | spread: 57.791  | OTM/ATM/ITM: 15.794/16.002/14.413
  [VAL] ep  8500  val RMSE($): 14.4585  | spread: 47.492  | OTM/ATM/ITM: 14.602/14.781/13.784
  [VAL] ep  9000  val RMSE($): 14.4515  | spread: 47.362  | OTM/ATM/ITM: 14.413/14.924/14.161
  [VAL] ep  9500  val RMSE($): 14.9911  | spread: 50.325  | OTM/ATM/ITM: 15.122/15.481/14.206
Ep 10000/15000 | L=3.35e-02 | pde=2.12e-03 | w=1.01 | tc=2.68e-06 | w=434.53 | bc=3.15e-07 | w=819.72 | data=4.75e-04 | w=62.91 | lr=2.6e-04
  [VAL] ep 10000  val RMSE($): 14.5354  | spread: 46.803  | OTM/ATM/ITM: 14.665/15.043/13.737
  [VAL] ep 10500  val RMSE($): 14.5457  | spread: 46.761  | OTM/ATM/ITM: 14.610/15.139/13.859
  [VAL] ep 11000  val RMSE($): 14.9124  | spread: 49.903  | OTM/ATM/ITM: 15.083/15.369/14.041
  [VAL] ep 11500  val RMSE($): 14.9339  | spread: 49.483  | OTM/ATM/ITM: 14.962/15.653/14.237
Ep 12000/15000 | L=3.47e-02 | pde=2.56e-03 | w=1.01 | tc=1.86e-07 | w=524.91 | bc=3.10e-07 | w=773.30 | data=4.73e-04 | w=67.27 | lr=1.0e-04
  [VAL] ep 12000  val RMSE($): 14.7160  | spread: 47.867  | OTM/ATM/ITM: 14.780/15.293/14.044
  [VAL] ep 12500  val RMSE($): 14.8590  | spread: 48.805  | OTM/ATM/ITM: 14.967/15.423/14.073
  [VAL] ep 13000  val RMSE($): 14.6819  | spread: 47.604  | OTM/ATM/ITM: 14.717/15.330/14.030
  [VAL] ep 13500  val RMSE($): 14.7803  | spread: 47.862  | OTM/ATM/ITM: 14.859/15.358/14.066
Ep 14000/15000 | L=3.45e-02 | pde=2.25e-03 | w=1.01 | tc=1.28e-07 | w=878.43 | bc=9.11e-08 | w=801.93 | data=4.68e-04 | w=68.39 | lr=2.1e-05
  [VAL] ep 14000  val RMSE($): 14.7792  | spread: 48.011  | OTM/ATM/ITM: 14.863/15.355/14.051
  [VAL] ep 14500  val RMSE($): 14.7650  | spread: 47.989  | OTM/ATM/ITM: 14.850/15.340/14.036
  [VAL] ep 15000  val RMSE($): 14.7816  | spread: 47.970  | OTM/ATM/ITM: 14.861/15.364/14.062

Restored model to val-best epoch 1000 (val rmse_mkt=13.163389)

Training complete in 320.5s
REPORTED (val-best) test RMSE($): 6.0383  | spread: 66.061  | OTM/ATM/ITM: 6.623/4.953/4.886
  → REPORTED test RMSE vs Market: $6.04 (val-best epoch: 1000)

============================================================
FOLD 8/9: Nov2020
  Train: start → 2020-11-01  |  Test: 2020-11-01 → 2020-12-01
============================================================
  Train: 41,842  Val: 5,968  Test: 6,420
  σ_fixed: 0.7763
Training: mode=hybrid, epochs=15000, lr=0.001
  Architecture: Modified MLP + RWF (μ=0.25)
  Pricing net params: 37,698
  Loss terms: ['pde', 'tc', 'bc', 'data']
  Data loss WARMUP: epochs 1..5000 run as physics-only
======================================================================
Ep     1/15000 | L=3.29e+04 | pde=2.98e+04 | w=1.00 | tc=1.87e+00 | w=453.17 | bc=2.34e+00 | w=963.49 | lr=1.0e-03
  [VAL] ep   500  val RMSE($): 7.7897  | spread: 73.925  | OTM/ATM/ITM: 7.667/7.233/8.770 ★
  [VAL] ep  1000  val RMSE($): 12.0208  | spread: 161.842  | OTM/ATM/ITM: 14.325/7.202/5.939
  [VAL] ep  1500  val RMSE($): 6.2953  | spread: 45.781  | OTM/ATM/ITM: 6.481/6.064/5.876 ★
Ep  2000/15000 | L=1.08e-01 | pde=8.57e-02 | w=1.00 | tc=7.34e-06 | w=522.77 | bc=1.94e-05 | w=974.69 | lr=9.6e-04
  [VAL] ep  2000  val RMSE($): 6.2091  | spread: 45.253  | OTM/ATM/ITM: 6.110/6.888/5.724 ★
  [VAL] ep  2500  val RMSE($): 5.8318  | spread: 32.924  | OTM/ATM/ITM: 6.073/5.027/5.813 ★
  [VAL] ep  3000  val RMSE($): 6.4525  | spread: 58.284  | OTM/ATM/ITM: 6.496/6.486/6.257
  [VAL] ep  3500  val RMSE($): 5.4788  | spread: 30.973  | OTM/ATM/ITM: 5.512/5.327/5.530 ★
Ep  4000/15000 | L=3.35e-02 | pde=5.34e-03 | w=1.00 | tc=5.37e-05 | w=459.60 | bc=3.73e-06 | w=936.65 | lr=8.4e-04
  [VAL] ep  4000  val RMSE($): 5.9715  | spread: 42.208  | OTM/ATM/ITM: 6.181/5.530/5.695
  [VAL] ep  4500  val RMSE($): 5.3780  | spread: 29.167  | OTM/ATM/ITM: 5.400/5.236/5.458 ★
  [VAL] ep  5000  val RMSE($): 5.4948  | spread: 34.485  | OTM/ATM/ITM: 5.603/5.234/5.397
  [warmup→hybrid] data loss activated at ep 5001; λ_data init=1.00
  [VAL] ep  5500  val RMSE($): 5.4404  | spread: 29.448  | OTM/ATM/ITM: 5.598/5.152/5.188
Ep  6000/15000 | L=2.60e-02 | pde=6.24e-03 | w=1.00 | tc=4.04e-06 | w=457.55 | bc=9.20e-06 | w=842.34 | data=7.34e-04 | w=13.88 | lr=6.6e-04
  [VAL] ep  6000  val RMSE($): 5.4554  | spread: 30.274  | OTM/ATM/ITM: 5.576/5.246/5.253
  [VAL] ep  6500  val RMSE($): 5.2128  | spread: 29.122  | OTM/ATM/ITM: 5.294/5.030/5.128 ★
  [VAL] ep  7000  val RMSE($): 5.1751  | spread: 28.303  | OTM/ATM/ITM: 5.234/4.998/5.163 ★
  [VAL] ep  7500  val RMSE($): 5.3017  | spread: 33.807  | OTM/ATM/ITM: 5.278/5.548/5.095
Ep  8000/15000 | L=6.35e-02 | pde=1.88e-02 | w=1.00 | tc=1.60e-06 | w=501.65 | bc=4.47e-06 | w=1005.03 | data=6.28e-04 | w=62.62 | lr=4.5e-04
  [VAL] ep  8000  val RMSE($): 5.1357  | spread: 30.921  | OTM/ATM/ITM: 5.232/5.068/4.861 ★
  [VAL] ep  8500  val RMSE($): 5.2881  | spread: 36.068  | OTM/ATM/ITM: 5.241/5.590/5.098
  [VAL] ep  9000  val RMSE($): 5.5998  | spread: 40.860  | OTM/ATM/ITM: 5.583/5.972/5.210
  [VAL] ep  9500  val RMSE($): 5.5420  | spread: 39.571  | OTM/ATM/ITM: 5.505/5.918/5.223
Ep 10000/15000 | L=4.72e-02 | pde=2.46e-03 | w=1.01 | tc=2.19e-06 | w=433.95 | bc=1.53e-06 | w=897.43 | data=6.45e-04 | w=65.81 | lr=2.6e-04
  [VAL] ep 10000  val RMSE($): 5.5582  | spread: 40.426  | OTM/ATM/ITM: 5.564/5.919/5.096
  [VAL] ep 10500  val RMSE($): 5.3680  | spread: 37.882  | OTM/ATM/ITM: 5.331/5.735/5.058
  [VAL] ep 11000  val RMSE($): 5.7232  | spread: 42.598  | OTM/ATM/ITM: 5.682/6.242/5.232
  [VAL] ep 11500  val RMSE($): 5.5493  | spread: 40.436  | OTM/ATM/ITM: 5.573/5.861/5.084
Ep 12000/15000 | L=5.02e-02 | pde=2.56e-03 | w=1.01 | tc=2.55e-07 | w=467.02 | bc=2.06e-07 | w=1003.72 | data=6.21e-04 | w=76.15 | lr=1.0e-04
  [VAL] ep 12000  val RMSE($): 5.5087  | spread: 39.528  | OTM/ATM/ITM: 5.444/5.963/5.190
  [VAL] ep 12500  val RMSE($): 5.4232  | spread: 38.961  | OTM/ATM/ITM: 5.390/5.829/5.051
  [VAL] ep 13000  val RMSE($): 5.4278  | spread: 38.986  | OTM/ATM/ITM: 5.384/5.852/5.068
  [VAL] ep 13500  val RMSE($): 5.5250  | spread: 40.109  | OTM/ATM/ITM: 5.497/5.954/5.102
Ep 14000/15000 | L=5.06e-02 | pde=2.61e-03 | w=1.01 | tc=1.27e-07 | w=698.25 | bc=7.15e-08 | w=1053.27 | data=6.17e-04 | w=77.42 | lr=2.1e-05
  [VAL] ep 14000  val RMSE($): 5.4727  | spread: 39.639  | OTM/ATM/ITM: 5.421/5.939/5.090
  [VAL] ep 14500  val RMSE($): 5.4976  | spread: 39.622  | OTM/ATM/ITM: 5.452/5.935/5.130
  [VAL] ep 15000  val RMSE($): 5.4845  | spread: 39.632  | OTM/ATM/ITM: 5.443/5.926/5.095

Restored model to val-best epoch 8000 (val rmse_mkt=5.135747)

Training complete in 321.2s
REPORTED (val-best) test RMSE($): 7.1662  | spread: 35.723  | OTM/ATM/ITM: 7.515/7.819/5.771
  → REPORTED test RMSE vs Market: $7.17 (val-best epoch: 8000)

============================================================
FOLD 9/9: Dec2020
  Train: start → 2020-12-01  |  Test: 2020-12-01 → 2021-01-01
============================================================
  Train: 47,810  Val: 6,420  Test: 5,438
  σ_fixed: 0.7719
Training: mode=hybrid, epochs=15000, lr=0.001
  Architecture: Modified MLP + RWF (μ=0.25)
  Pricing net params: 37,698
  Loss terms: ['pde', 'tc', 'bc', 'data']
  Data loss WARMUP: epochs 1..5000 run as physics-only
======================================================================
Ep     1/15000 | L=3.22e+04 | pde=2.92e+04 | w=1.00 | tc=1.87e+00 | w=442.84 | bc=2.34e+00 | w=941.49 | lr=1.0e-03
  [VAL] ep   500  val RMSE($): 14.5209  | spread: 130.920  | OTM/ATM/ITM: 12.989/17.181/15.721 ★
  [VAL] ep  1000  val RMSE($): 13.2681  | spread: 129.876  | OTM/ATM/ITM: 15.083/12.870/8.292 ★
  [VAL] ep  1500  val RMSE($): 8.1943  | spread: 44.484  | OTM/ATM/ITM: 8.481/9.345/6.540 ★
Ep  2000/15000 | L=1.75e-01 | pde=8.51e-02 | w=1.00 | tc=7.77e-05 | w=432.61 | bc=6.03e-05 | w=930.95 | lr=9.6e-04
  [VAL] ep  2000  val RMSE($): 11.0807  | spread: 120.597  | OTM/ATM/ITM: 13.415/7.797/6.151
  [VAL] ep  2500  val RMSE($): 7.5922  | spread: 36.989  | OTM/ATM/ITM: 8.077/7.764/6.242 ★
  [VAL] ep  3000  val RMSE($): 7.7282  | spread: 37.499  | OTM/ATM/ITM: 8.254/8.056/6.128
  [VAL] ep  3500  val RMSE($): 7.3282  | spread: 30.692  | OTM/ATM/ITM: 7.703/7.534/6.255 ★
Ep  4000/15000 | L=8.15e-02 | pde=4.75e-02 | w=1.00 | tc=3.28e-05 | w=470.43 | bc=2.07e-05 | w=899.61 | lr=8.4e-04
  [VAL] ep  4000  val RMSE($): 7.2512  | spread: 29.537  | OTM/ATM/ITM: 7.790/7.607/5.564 ★
  [VAL] ep  4500  val RMSE($): 7.5084  | spread: 37.530  | OTM/ATM/ITM: 7.954/7.995/5.994
  [VAL] ep  5000  val RMSE($): 7.4977  | spread: 37.538  | OTM/ATM/ITM: 7.917/8.165/5.893
  [warmup→hybrid] data loss activated at ep 5001; λ_data init=1.00
  [VAL] ep  5500  val RMSE($): 7.5897  | spread: 40.970  | OTM/ATM/ITM: 8.058/8.216/5.882
Ep  6000/15000 | L=2.41e-02 | pde=3.68e-03 | w=1.00 | tc=3.70e-06 | w=588.38 | bc=1.06e-05 | w=838.36 | data=6.44e-04 | w=14.44 | lr=6.6e-04
  [VAL] ep  6000  val RMSE($): 7.3356  | spread: 35.517  | OTM/ATM/ITM: 7.515/8.376/6.066
  [VAL] ep  6500  val RMSE($): 6.9811  | spread: 30.080  | OTM/ATM/ITM: 7.347/7.488/5.665 ★
  [VAL] ep  7000  val RMSE($): 6.9851  | spread: 30.362  | OTM/ATM/ITM: 7.360/7.509/5.627
  [VAL] ep  7500  val RMSE($): 7.0554  | spread: 32.115  | OTM/ATM/ITM: 7.435/7.610/5.658
Ep  8000/15000 | L=2.54e-02 | pde=3.08e-03 | w=1.01 | tc=3.36e-06 | w=538.66 | bc=4.30e-06 | w=774.96 | data=6.19e-04 | w=27.76 | lr=4.5e-04
  [VAL] ep  8000  val RMSE($): 7.0422  | spread: 34.986  | OTM/ATM/ITM: 7.234/7.718/6.059
  [VAL] ep  8500  val RMSE($): 7.0982  | spread: 37.544  | OTM/ATM/ITM: 7.405/7.831/5.748
  [VAL] ep  9000  val RMSE($): 7.3222  | spread: 38.734  | OTM/ATM/ITM: 7.412/8.429/6.231
  [VAL] ep  9500  val RMSE($): 7.5419  | spread: 44.936  | OTM/ATM/ITM: 7.783/8.532/6.150
Ep 10000/15000 | L=2.32e-02 | pde=8.04e-04 | w=1.01 | tc=2.46e-06 | w=462.03 | bc=1.95e-07 | w=718.78 | data=6.03e-04 | w=35.08 | lr=2.6e-04
  [VAL] ep 10000  val RMSE($): 7.4703  | spread: 43.740  | OTM/ATM/ITM: 7.692/8.468/6.124
  [VAL] ep 10500  val RMSE($): 7.2709  | spread: 40.509  | OTM/ATM/ITM: 7.477/8.292/5.942
  [VAL] ep 11000  val RMSE($): 7.1644  | spread: 38.596  | OTM/ATM/ITM: 7.381/8.096/5.886
  [VAL] ep 11500  val RMSE($): 7.1762  | spread: 39.820  | OTM/ATM/ITM: 7.394/8.115/5.890
Ep 12000/15000 | L=2.36e-02 | pde=8.68e-04 | w=1.01 | tc=1.56e-07 | w=556.05 | bc=2.99e-07 | w=690.40 | data=5.80e-04 | w=38.60 | lr=1.0e-04
  [VAL] ep 12000  val RMSE($): 7.3462  | spread: 41.929  | OTM/ATM/ITM: 7.549/8.345/6.050
  [VAL] ep 12500  val RMSE($): 7.3175  | spread: 41.980  | OTM/ATM/ITM: 7.486/8.384/6.051
  [VAL] ep 13000  val RMSE($): 7.3614  | spread: 42.477  | OTM/ATM/ITM: 7.524/8.432/6.109
  [VAL] ep 13500  val RMSE($): 7.3190  | spread: 42.542  | OTM/ATM/ITM: 7.473/8.411/6.069
Ep 14000/15000 | L=2.27e-02 | pde=7.74e-04 | w=1.02 | tc=1.16e-07 | w=719.86 | bc=5.10e-08 | w=758.40 | data=5.38e-04 | w=40.56 | lr=2.1e-05
  [VAL] ep 14000  val RMSE($): 7.3759  | spread: 42.682  | OTM/ATM/ITM: 7.526/8.478/6.127
  [VAL] ep 14500  val RMSE($): 7.3466  | spread: 42.496  | OTM/ATM/ITM: 7.497/8.439/6.107
  [VAL] ep 15000  val RMSE($): 7.3517  | spread: 42.754  | OTM/ATM/ITM: 7.503/8.449/6.104

Restored model to val-best epoch 6500 (val rmse_mkt=6.981101)

Training complete in 332.1s
REPORTED (val-best) test RMSE($): 13.2463  | spread: 39.468  | OTM/ATM/ITM: 14.505/12.340/11.466
  → REPORTED test RMSE vs Market: $13.25 (val-best epoch: 6500)


======================================================================================
WALK-FORWARD RESULTS: arch=modified, mode=hybrid, μ=0.25
  Single-phase val-best reporting (val held out, test eval'd once on snapshot)
====================================================================================================
Fold       |  σ_fix |     E* |  rep($) | spread |      OTM/ATM/ITM |   arb% |   time
----------------------------------------------------------------------------------------------------
Apr2020    |  0.685 |   1500 |    2.44 |  25.72 |   2.32/2.97/2.18 |  30.8% |    331
May2020    |  0.729 |   1000 |    2.78 |  38.67 |   2.44/3.49/2.92 |  45.0% |    330
Jun2020    |  0.776 |   9500 |    3.03 |  26.22 |   3.00/3.20/2.89 |   6.0% |    322
Jul2020    |  0.738 |   8000 |    8.67 |  31.79 |   9.00/8.57/7.64 |  10.2% |    320
Aug2020    |  0.712 |   1500 |    5.70 |  38.92 |   6.04/4.90/5.64 |  33.9% |    321
Sep2020    |  0.733 |   5000 |   13.96 |  44.67 | 13.45/14.93/14.51 |  13.4% |    320
Oct2020    |  0.737 |   1000 |    6.04 |  66.06 |   6.62/4.95/4.89 |  41.5% |    320
Nov2020    |  0.776 |   8000 |    7.17 |  35.72 |   7.52/7.82/5.77 |  14.6% |    321
Dec2020    |  0.772 |   6500 |   13.25 |  39.47 | 14.50/12.34/11.47 |  10.3% |    332
----------------------------------------------------------------------------------------------------
Pooled     |        |        |    8.75 |  41.96 |   8.91/8.48/8.54 |  22.9% |   ← headline
Mean(fold) |        |   4667 |    7.00 |  E*: mean=4667  std=3266  min=1000 max=9500

Results saved to runs/walk_forward/modified_hybrid_mu0.25_warmup5000/
============================================
Done: Sat May  2 12:28:57 AM EDT 2026
============================================
