============================================
Job ID:     46333885
Array task: 7
Node:       dcc-core-gpu-ferc-s-h36-5
GPU:        NVIDIA GeForce RTX 2080 Ti
Date:       Thu Apr 30 07:29:18 AM EDT 2026
============================================
Config: arch=modified  mode=hybrid  μ=1.0 (μ ignored when arch=standard)
============================================
Device: cuda
Loading and preprocessing data...
Full dataset: 59,668 obs, 2020-01-02 → 2020-12-31

============================================================
FOLD 1/9: Apr2020
  Train: start → 2020-04-01  |  Test: 2020-04-01 → 2020-05-01
============================================================
  Train: 12,743  Val: 2,941  Test: 3,094
  σ_fixed: 0.6848
Training: mode=hybrid, epochs=15000, lr=0.001
  Architecture: Modified MLP + RWF (μ=1.0)
  Pricing net params: 37,698
  Loss terms: ['pde', 'tc', 'bc', 'data']
======================================================================
Ep     1/15000 | L=1.11e+08 | pde=4.38e+07 | w=1.00 | tc=1.62e+01 | w=709524.76 | bc=1.96e+01 | w=1581305.90 | data=1.63e+01 | w=1529739.30 | lr=1.0e-03
  [VAL] ep   500  val RMSE($): 20.4393  | spread: 114.956  | OTM/ATM/ITM: 22.572/12.481/14.068 ★
  [VAL] ep  1000  val RMSE($): 12.5713  | spread: 66.034  | OTM/ATM/ITM: 13.592/9.020/9.723 ★
  [VAL] ep  1500  val RMSE($): 7.8840  | spread: 38.927  | OTM/ATM/ITM: 8.446/5.643/6.750 ★
Ep  2000/15000 | L=2.38e+03 | pde=2.80e+02 | w=1.00 | tc=5.84e-04 | w=584171.45 | bc=7.96e-04 | w=1295135.73 | data=5.81e-04 | w=1248353.80 | lr=9.6e-04
  [VAL] ep  2000  val RMSE($): 5.6558  | spread: 38.284  | OTM/ATM/ITM: 5.636/5.658/5.771 ★
  [VAL] ep  2500  val RMSE($): 4.0106  | spread: 25.013  | OTM/ATM/ITM: 4.176/3.167/3.966 ★
  [VAL] ep  3000  val RMSE($): 3.8109  | spread: 18.531  | OTM/ATM/ITM: 3.879/3.518/3.759 ★
  [VAL] ep  3500  val RMSE($): 4.2104  | spread: 30.575  | OTM/ATM/ITM: 3.959/4.956/4.626
Ep  4000/15000 | L=3.68e+02 | pde=4.33e+01 | w=1.00 | tc=2.81e-05 | w=491076.61 | bc=7.23e-05 | w=1067155.00 | data=2.27e-04 | w=1030532.03 | lr=8.4e-04
  [VAL] ep  4000  val RMSE($): 5.3394  | spread: 33.870  | OTM/ATM/ITM: 4.944/6.024/6.581
  [VAL] ep  4500  val RMSE($): 3.4789  | spread: 22.850  | OTM/ATM/ITM: 3.047/4.307/4.581 ★
  [VAL] ep  5000  val RMSE($): 2.7823  | spread: 15.064  | OTM/ATM/ITM: 2.547/3.115/3.587 ★
  [VAL] ep  5500  val RMSE($): 2.6764  | spread: 14.263  | OTM/ATM/ITM: 2.407/3.149/3.458 ★
Ep  6000/15000 | L=1.93e+02 | pde=1.17e+01 | w=1.00 | tc=1.38e-05 | w=402160.30 | bc=1.87e-05 | w=877042.99 | data=1.91e-04 | w=838678.80 | lr=6.6e-04
  [VAL] ep  6000  val RMSE($): 2.8239  | spread: 14.756  | OTM/ATM/ITM: 2.498/3.362/3.775
  [VAL] ep  6500  val RMSE($): 3.0705  | spread: 19.046  | OTM/ATM/ITM: 2.780/3.570/3.939
  [VAL] ep  7000  val RMSE($): 2.9398  | spread: 16.273  | OTM/ATM/ITM: 2.657/3.523/3.665
  [VAL] ep  7500  val RMSE($): 3.2988  | spread: 20.449  | OTM/ATM/ITM: 2.963/3.991/4.146
Ep  8000/15000 | L=1.44e+02 | pde=6.86e+00 | w=1.00 | tc=9.70e-06 | w=331133.62 | bc=2.12e-05 | w=719764.92 | data=1.73e-04 | w=685084.01 | lr=4.5e-04
  [VAL] ep  8000  val RMSE($): 3.1643  | spread: 18.338  | OTM/ATM/ITM: 2.766/3.950/4.144
  [VAL] ep  8500  val RMSE($): 3.0015  | spread: 16.995  | OTM/ATM/ITM: 2.703/3.656/3.708
  [VAL] ep  9000  val RMSE($): 2.9219  | spread: 16.277  | OTM/ATM/ITM: 2.549/3.612/3.892
  [VAL] ep  9500  val RMSE($): 2.9948  | spread: 16.380  | OTM/ATM/ITM: 2.698/3.577/3.786
Ep 10000/15000 | L=1.07e+02 | pde=5.70e+00 | w=1.00 | tc=5.00e-06 | w=274552.48 | bc=3.99e-06 | w=599910.91 | data=1.74e-04 | w=561956.30 | lr=2.6e-04
  [VAL] ep 10000  val RMSE($): 2.9396  | spread: 16.824  | OTM/ATM/ITM: 2.618/3.561/3.784
  [VAL] ep 10500  val RMSE($): 2.9497  | spread: 16.749  | OTM/ATM/ITM: 2.584/3.702/3.816
  [VAL] ep 11000  val RMSE($): 3.0358  | spread: 17.823  | OTM/ATM/ITM: 2.696/3.722/3.888
  [VAL] ep 11500  val RMSE($): 2.9851  | spread: 16.576  | OTM/ATM/ITM: 2.603/3.711/3.958
Ep 12000/15000 | L=8.38e+01 | pde=4.71e+00 | w=1.00 | tc=5.04e-07 | w=237243.39 | bc=1.91e-06 | w=503367.08 | data=1.67e-04 | w=467761.94 | lr=1.0e-04
  [VAL] ep 12000  val RMSE($): 3.0474  | spread: 17.439  | OTM/ATM/ITM: 2.709/3.714/3.918
  [VAL] ep 12500  val RMSE($): 2.9780  | spread: 16.977  | OTM/ATM/ITM: 2.616/3.675/3.900
  [VAL] ep 13000  val RMSE($): 2.9810  | spread: 17.049  | OTM/ATM/ITM: 2.623/3.676/3.893
  [VAL] ep 13500  val RMSE($): 2.9680  | spread: 16.997  | OTM/ATM/ITM: 2.599/3.673/3.911
Ep 14000/15000 | L=7.05e+01 | pde=3.64e+00 | w=1.00 | tc=1.54e-07 | w=213605.50 | bc=4.84e-07 | w=437247.81 | data=1.68e-04 | w=396907.45 | lr=2.1e-05
  [VAL] ep 14000  val RMSE($): 2.9874  | spread: 16.834  | OTM/ATM/ITM: 2.620/3.674/3.948
  [VAL] ep 14500  val RMSE($): 3.0088  | spread: 17.128  | OTM/ATM/ITM: 2.650/3.714/3.913
  [VAL] ep 15000  val RMSE($): 3.0172  | spread: 17.299  | OTM/ATM/ITM: 2.642/3.751/3.954

Restored model to val-best epoch 5500 (val rmse_mkt=2.676356)

Training complete in 347.2s
REPORTED (val-best) test RMSE($): 3.8871  | spread: 25.513  | OTM/ATM/ITM: 4.011/3.782/3.545
  → REPORTED test RMSE vs Market: $3.89 (val-best epoch: 5500)

============================================================
FOLD 2/9: May2020
  Train: start → 2020-05-01  |  Test: 2020-05-01 → 2020-06-01
============================================================
  Train: 15,684  Val: 3,094  Test: 3,188
  σ_fixed: 0.7294
Training: mode=hybrid, epochs=15000, lr=0.001
  Architecture: Modified MLP + RWF (μ=1.0)
  Pricing net params: 37,698
  Loss terms: ['pde', 'tc', 'bc', 'data']
======================================================================
Ep     1/15000 | L=1.41e+08 | pde=5.64e+07 | w=1.00 | tc=1.62e+01 | w=913056.96 | bc=1.96e+01 | w=2037038.90 | data=1.60e+01 | w=1899638.91 | lr=1.0e-03
  [VAL] ep   500  val RMSE($): 25.8807  | spread: 140.300  | OTM/ATM/ITM: 26.684/26.994/21.352 ★
  [VAL] ep  1000  val RMSE($): 19.6420  | spread: 119.667  | OTM/ATM/ITM: 20.846/18.571/16.139 ★
  [VAL] ep  1500  val RMSE($): 14.1191  | spread: 63.834  | OTM/ATM/ITM: 15.633/11.362/10.943 ★
Ep  2000/15000 | L=2.19e+03 | pde=2.40e+02 | w=1.00 | tc=4.88e-04 | w=750052.41 | bc=2.88e-04 | w=1698283.66 | data=7.09e-04 | w=1548971.58 | lr=9.6e-04
  [VAL] ep  2000  val RMSE($): 9.8407  | spread: 55.237  | OTM/ATM/ITM: 10.730/8.575/7.662 ★
  [VAL] ep  2500  val RMSE($): 8.3110  | spread: 60.442  | OTM/ATM/ITM: 9.252/6.772/6.082 ★
  [VAL] ep  3000  val RMSE($): 7.1608  | spread: 54.003  | OTM/ATM/ITM: 7.939/5.946/5.275 ★
  [VAL] ep  3500  val RMSE($): 5.0752  | spread: 33.098  | OTM/ATM/ITM: 5.551/4.458/3.822 ★
Ep  4000/15000 | L=4.60e+02 | pde=3.22e+01 | w=1.00 | tc=5.11e-05 | w=613545.48 | bc=4.56e-05 | w=1397154.06 | data=2.64e-04 | w=1261597.39 | lr=8.4e-04
  [VAL] ep  4000  val RMSE($): 4.5623  | spread: 32.432  | OTM/ATM/ITM: 4.654/4.468/4.337 ★
  [VAL] ep  4500  val RMSE($): 4.6158  | spread: 40.868  | OTM/ATM/ITM: 4.934/4.272/3.750
  [VAL] ep  5000  val RMSE($): 3.8746  | spread: 29.002  | OTM/ATM/ITM: 3.855/4.003/3.797 ★
  [VAL] ep  5500  val RMSE($): 3.7757  | spread: 31.540  | OTM/ATM/ITM: 3.989/3.564/3.188 ★
Ep  6000/15000 | L=2.75e+02 | pde=1.73e+01 | w=1.00 | tc=1.67e-05 | w=503898.72 | bc=6.93e-06 | w=1147365.98 | data=2.35e-04 | w=1028797.19 | lr=6.6e-04
  [VAL] ep  6000  val RMSE($): 3.2835  | spread: 23.211  | OTM/ATM/ITM: 3.294/3.229/3.306 ★
  [VAL] ep  6500  val RMSE($): 3.1796  | spread: 24.705  | OTM/ATM/ITM: 3.249/3.207/2.889 ★
  [VAL] ep  7000  val RMSE($): 3.2442  | spread: 27.288  | OTM/ATM/ITM: 3.195/3.374/3.269
  [VAL] ep  7500  val RMSE($): 3.1531  | spread: 24.573  | OTM/ATM/ITM: 3.105/3.287/3.169 ★
Ep  8000/15000 | L=2.09e+02 | pde=1.14e+01 | w=1.00 | tc=4.92e-06 | w=417254.89 | bc=3.16e-06 | w=949359.18 | data=2.29e-04 | w=840911.91 | lr=4.5e-04
  [VAL] ep  8000  val RMSE($): 3.1164  | spread: 24.605  | OTM/ATM/ITM: 3.062/3.323/3.067 ★
  [VAL] ep  8500  val RMSE($): 3.2323  | spread: 25.500  | OTM/ATM/ITM: 3.161/3.429/3.255
  [VAL] ep  9000  val RMSE($): 3.5063  | spread: 30.112  | OTM/ATM/ITM: 3.474/3.712/3.379
  [VAL] ep  9500  val RMSE($): 3.2857  | spread: 26.507  | OTM/ATM/ITM: 3.236/3.453/3.266
Ep 10000/15000 | L=1.64e+02 | pde=8.66e+00 | w=1.00 | tc=1.08e-06 | w=352544.21 | bc=5.11e-06 | w=781386.71 | data=2.18e-04 | w=692221.58 | lr=2.6e-04
  [VAL] ep 10000  val RMSE($): 3.3877  | spread: 28.873  | OTM/ATM/ITM: 3.405/3.411/3.298
  [VAL] ep 10500  val RMSE($): 3.3705  | spread: 28.608  | OTM/ATM/ITM: 3.257/3.665/3.419
  [VAL] ep 11000  val RMSE($): 3.3351  | spread: 29.899  | OTM/ATM/ITM: 3.249/3.577/3.353
  [VAL] ep 11500  val RMSE($): 3.2915  | spread: 27.776  | OTM/ATM/ITM: 3.215/3.461/3.362
Ep 12000/15000 | L=1.35e+02 | pde=7.06e+00 | w=1.00 | tc=4.28e-07 | w=306691.03 | bc=9.14e-07 | w=659310.00 | data=2.19e-04 | w=578911.88 | lr=1.0e-04
  [VAL] ep 12000  val RMSE($): 3.3522  | spread: 27.973  | OTM/ATM/ITM: 3.304/3.525/3.323
  [VAL] ep 12500  val RMSE($): 3.3641  | spread: 28.891  | OTM/ATM/ITM: 3.281/3.635/3.336
  [VAL] ep 13000  val RMSE($): 3.3187  | spread: 28.242  | OTM/ATM/ITM: 3.257/3.511/3.311
  [VAL] ep 13500  val RMSE($): 3.3199  | spread: 27.807  | OTM/ATM/ITM: 3.218/3.579/3.370
Ep 14000/15000 | L=1.11e+02 | pde=5.80e+00 | w=1.00 | tc=1.27e-07 | w=276988.03 | bc=4.96e-07 | w=575047.60 | data=2.12e-04 | w=492432.99 | lr=2.1e-05
  [VAL] ep 14000  val RMSE($): 3.3120  | spread: 28.218  | OTM/ATM/ITM: 3.242/3.525/3.309
  [VAL] ep 14500  val RMSE($): 3.3064  | spread: 28.061  | OTM/ATM/ITM: 3.221/3.534/3.339
  [VAL] ep 15000  val RMSE($): 3.3051  | spread: 28.132  | OTM/ATM/ITM: 3.235/3.508/3.314

Restored model to val-best epoch 8000 (val rmse_mkt=3.116374)

Training complete in 333.9s
REPORTED (val-best) test RMSE($): 2.8283  | spread: 35.111  | OTM/ATM/ITM: 2.957/2.743/2.335
  → REPORTED test RMSE vs Market: $2.83 (val-best epoch: 8000)

============================================================
FOLD 3/9: Jun2020
  Train: start → 2020-06-01  |  Test: 2020-06-01 → 2020-07-01
============================================================
  Train: 18,778  Val: 3,188  Test: 3,265
  σ_fixed: 0.7756
Training: mode=hybrid, epochs=15000, lr=0.001
  Architecture: Modified MLP + RWF (μ=1.0)
  Pricing net params: 37,698
  Loss terms: ['pde', 'tc', 'bc', 'data']
======================================================================
Ep     1/15000 | L=1.80e+08 | pde=7.21e+07 | w=1.00 | tc=1.62e+01 | w=1167348.51 | bc=1.96e+01 | w=2607131.77 | data=1.62e+01 | w=2356345.49 | lr=1.0e-03
  [VAL] ep   500  val RMSE($): 10.5281  | spread: 134.423  | OTM/ATM/ITM: 12.378/5.948/6.604 ★
  [VAL] ep  1000  val RMSE($): 4.7828  | spread: 38.103  | OTM/ATM/ITM: 5.502/3.464/2.729 ★
  [VAL] ep  1500  val RMSE($): 7.4574  | spread: 120.731  | OTM/ATM/ITM: 8.158/6.737/4.843
Ep  2000/15000 | L=2.79e+03 | pde=3.33e+02 | w=1.00 | tc=5.92e-04 | w=1008662.96 | bc=1.01e-04 | w=2138267.80 | data=8.45e-04 | w=1952639.20 | lr=9.6e-04
  [VAL] ep  2000  val RMSE($): 5.4987  | spread: 81.639  | OTM/ATM/ITM: 5.263/5.919/5.816
  [VAL] ep  2500  val RMSE($): 3.3205  | spread: 41.859  | OTM/ATM/ITM: 3.055/3.796/3.622 ★
  [VAL] ep  3000  val RMSE($): 2.4768  | spread: 26.381  | OTM/ATM/ITM: 2.720/1.997/1.989 ★
  [VAL] ep  3500  val RMSE($): 2.5823  | spread: 29.519  | OTM/ATM/ITM: 2.791/2.260/2.049
Ep  4000/15000 | L=8.69e+02 | pde=5.43e+01 | w=1.00 | tc=1.48e-04 | w=823265.98 | bc=8.57e-05 | w=1746815.97 | data=3.42e-04 | w=1589015.30 | lr=8.4e-04
  [VAL] ep  4000  val RMSE($): 2.9425  | spread: 41.208  | OTM/ATM/ITM: 2.676/3.336/3.370
  [VAL] ep  4500  val RMSE($): 2.1636  | spread: 25.871  | OTM/ATM/ITM: 2.154/2.319/1.938 ★
  [VAL] ep  5000  val RMSE($): 1.9674  | spread: 21.216  | OTM/ATM/ITM: 1.958/2.127/1.727 ★
  [VAL] ep  5500  val RMSE($): 2.1931  | spread: 29.705  | OTM/ATM/ITM: 2.274/2.214/1.748
Ep  6000/15000 | L=4.36e+02 | pde=3.10e+01 | w=1.00 | tc=1.03e-05 | w=683816.03 | bc=4.85e-05 | w=1431776.09 | data=2.52e-04 | w=1305419.83 | lr=6.6e-04
  [VAL] ep  6000  val RMSE($): 2.7987  | spread: 35.474  | OTM/ATM/ITM: 2.749/3.175/2.336
  [VAL] ep  6500  val RMSE($): 2.1277  | spread: 24.340  | OTM/ATM/ITM: 2.063/2.412/1.916
  [VAL] ep  7000  val RMSE($): 2.0669  | spread: 24.468  | OTM/ATM/ITM: 2.005/2.356/1.831
  [VAL] ep  7500  val RMSE($): 2.5481  | spread: 35.846  | OTM/ATM/ITM: 2.409/3.104/2.130
Ep  8000/15000 | L=3.00e+02 | pde=1.66e+01 | w=1.00 | tc=1.41e-05 | w=562482.24 | bc=9.85e-06 | w=1182802.83 | data=2.47e-04 | w=1066180.23 | lr=4.5e-04
  [VAL] ep  8000  val RMSE($): 2.3189  | spread: 30.330  | OTM/ATM/ITM: 2.327/2.585/1.769
  [VAL] ep  8500  val RMSE($): 2.1321  | spread: 27.107  | OTM/ATM/ITM: 2.023/2.510/1.938
  [VAL] ep  9000  val RMSE($): 2.5155  | spread: 33.952  | OTM/ATM/ITM: 2.389/2.983/2.229
  [VAL] ep  9500  val RMSE($): 2.2713  | spread: 28.800  | OTM/ATM/ITM: 2.109/2.730/2.156
Ep 10000/15000 | L=2.31e+02 | pde=1.21e+01 | w=1.00 | tc=2.92e-06 | w=474864.90 | bc=7.73e-06 | w=974808.64 | data=2.37e-04 | w=888242.57 | lr=2.6e-04
  [VAL] ep 10000  val RMSE($): 2.5020  | spread: 34.297  | OTM/ATM/ITM: 2.324/3.014/2.356
  [VAL] ep 10500  val RMSE($): 2.5118  | spread: 34.811  | OTM/ATM/ITM: 2.396/2.916/2.307
  [VAL] ep 11000  val RMSE($): 2.6006  | spread: 36.580  | OTM/ATM/ITM: 2.469/3.062/2.353
  [VAL] ep 11500  val RMSE($): 2.4396  | spread: 32.964  | OTM/ATM/ITM: 2.316/2.832/2.291
Ep 12000/15000 | L=1.88e+02 | pde=1.02e+01 | w=1.00 | tc=8.57e-07 | w=418311.97 | bc=1.72e-06 | w=820700.47 | data=2.38e-04 | w=739950.07 | lr=1.0e-04
  [VAL] ep 12000  val RMSE($): 2.4568  | spread: 32.839  | OTM/ATM/ITM: 2.325/2.899/2.249
  [VAL] ep 12500  val RMSE($): 2.5274  | spread: 34.030  | OTM/ATM/ITM: 2.449/2.906/2.196
  [VAL] ep 13000  val RMSE($): 2.4561  | spread: 32.757  | OTM/ATM/ITM: 2.327/2.890/2.252
  [VAL] ep 13500  val RMSE($): 2.4221  | spread: 32.303  | OTM/ATM/ITM: 2.313/2.821/2.196
Ep 14000/15000 | L=1.53e+02 | pde=8.00e+00 | w=1.00 | tc=1.82e-07 | w=382046.54 | bc=6.25e-07 | w=707439.01 | data=2.33e-04 | w=621038.44 | lr=2.1e-05
  [VAL] ep 14000  val RMSE($): 2.4983  | spread: 33.967  | OTM/ATM/ITM: 2.387/2.918/2.240
  [VAL] ep 14500  val RMSE($): 2.4087  | spread: 32.277  | OTM/ATM/ITM: 2.293/2.828/2.169
  [VAL] ep 15000  val RMSE($): 2.4748  | spread: 33.353  | OTM/ATM/ITM: 2.354/2.921/2.206

Restored model to val-best epoch 5000 (val rmse_mkt=1.967375)

Training complete in 331.8s
REPORTED (val-best) test RMSE($): 2.9660  | spread: 24.057  | OTM/ATM/ITM: 2.989/3.155/2.651
  → REPORTED test RMSE vs Market: $2.97 (val-best epoch: 5000)

============================================================
FOLD 4/9: Jul2020
  Train: start → 2020-07-01  |  Test: 2020-07-01 → 2020-08-01
============================================================
  Train: 21,966  Val: 3,265  Test: 5,083
  σ_fixed: 0.7376
Training: mode=hybrid, epochs=15000, lr=0.001
  Architecture: Modified MLP + RWF (μ=1.0)
  Pricing net params: 37,698
  Loss terms: ['pde', 'tc', 'bc', 'data']
======================================================================
Ep     1/15000 | L=1.45e+08 | pde=5.90e+07 | w=1.00 | tc=1.62e+01 | w=954749.61 | bc=1.96e+01 | w=2130451.86 | data=1.58e+01 | w=1850612.86 | lr=1.0e-03
  [VAL] ep   500  val RMSE($): 17.0932  | spread: 201.795  | OTM/ATM/ITM: 18.528/11.259/18.074 ★
  [VAL] ep  1000  val RMSE($): 9.6326  | spread: 88.561  | OTM/ATM/ITM: 10.930/5.316/9.238 ★
  [VAL] ep  1500  val RMSE($): 5.7497  | spread: 54.440  | OTM/ATM/ITM: 6.583/3.146/5.313 ★
Ep  2000/15000 | L=1.47e+03 | pde=2.27e+02 | w=1.00 | tc=3.38e-04 | w=784941.95 | bc=1.13e-04 | w=1742802.10 | data=5.17e-04 | w=1511277.63 | lr=9.6e-04
  [VAL] ep  2000  val RMSE($): 5.1356  | spread: 49.001  | OTM/ATM/ITM: 5.806/3.113/4.807 ★
  [VAL] ep  2500  val RMSE($): 3.9025  | spread: 33.753  | OTM/ATM/ITM: 4.094/3.134/4.097 ★
  [VAL] ep  3000  val RMSE($): 3.4635  | spread: 37.477  | OTM/ATM/ITM: 3.881/2.674/2.851 ★
  [VAL] ep  3500  val RMSE($): 2.9719  | spread: 25.216  | OTM/ATM/ITM: 3.122/2.645/2.851 ★
Ep  4000/15000 | L=6.11e+02 | pde=4.49e+01 | w=1.00 | tc=2.03e-05 | w=650853.74 | bc=1.71e-04 | w=1421732.20 | data=2.48e-04 | w=1254013.90 | lr=8.4e-04
  [VAL] ep  4000  val RMSE($): 3.0948  | spread: 32.059  | OTM/ATM/ITM: 3.042/3.270/3.047
  [VAL] ep  4500  val RMSE($): 2.6867  | spread: 25.183  | OTM/ATM/ITM: 2.747/2.733/2.429 ★
  [VAL] ep  5000  val RMSE($): 4.1084  | spread: 56.531  | OTM/ATM/ITM: 3.952/4.815/3.667
  [VAL] ep  5500  val RMSE($): 3.6748  | spread: 47.358  | OTM/ATM/ITM: 3.523/4.115/3.591
Ep  6000/15000 | L=3.17e+02 | pde=1.71e+01 | w=1.00 | tc=1.77e-05 | w=534427.09 | bc=2.38e-05 | w=1163027.52 | data=2.57e-04 | w=1022558.16 | lr=6.6e-04
  [VAL] ep  6000  val RMSE($): 3.5184  | spread: 44.117  | OTM/ATM/ITM: 3.104/4.240/3.790
  [VAL] ep  6500  val RMSE($): 3.1009  | spread: 32.286  | OTM/ATM/ITM: 2.865/3.471/3.338
  [VAL] ep  7000  val RMSE($): 3.0341  | spread: 32.598  | OTM/ATM/ITM: 2.723/3.614/3.203
  [VAL] ep  7500  val RMSE($): 3.2901  | spread: 40.386  | OTM/ATM/ITM: 3.102/3.817/3.192
Ep  8000/15000 | L=2.27e+02 | pde=1.24e+01 | w=1.00 | tc=7.99e-06 | w=441028.67 | bc=9.74e-06 | w=953248.39 | data=2.41e-04 | w=834774.25 | lr=4.5e-04
  [VAL] ep  8000  val RMSE($): 3.2105  | spread: 37.052  | OTM/ATM/ITM: 2.922/3.842/3.256
  [VAL] ep  8500  val RMSE($): 3.1296  | spread: 35.184  | OTM/ATM/ITM: 2.800/3.774/3.267
  [VAL] ep  9000  val RMSE($): 3.1731  | spread: 38.214  | OTM/ATM/ITM: 3.075/3.574/2.967
  [VAL] ep  9500  val RMSE($): 3.1033  | spread: 36.067  | OTM/ATM/ITM: 2.943/3.535/3.048
Ep 10000/15000 | L=1.77e+02 | pde=8.88e+00 | w=1.00 | tc=7.16e-06 | w=363205.79 | bc=1.64e-05 | w=787947.74 | data=2.23e-04 | w=684582.00 | lr=2.6e-04
  [VAL] ep 10000  val RMSE($): 3.0363  | spread: 34.730  | OTM/ATM/ITM: 2.980/3.290/2.899
  [VAL] ep 10500  val RMSE($): 2.8108  | spread: 28.639  | OTM/ATM/ITM: 2.693/3.175/2.715
  [VAL] ep 11000  val RMSE($): 2.9077  | spread: 31.370  | OTM/ATM/ITM: 2.790/3.274/2.810
  [VAL] ep 11500  val RMSE($): 3.0042  | spread: 33.233  | OTM/ATM/ITM: 2.838/3.441/2.959
Ep 12000/15000 | L=1.35e+02 | pde=6.76e+00 | w=1.00 | tc=8.14e-07 | w=308130.20 | bc=1.10e-06 | w=660023.58 | data=2.24e-04 | w=567890.54 | lr=1.0e-04
  [VAL] ep 12000  val RMSE($): 2.9117  | spread: 31.671  | OTM/ATM/ITM: 2.761/3.339/2.831
  [VAL] ep 12500  val RMSE($): 3.0021  | spread: 33.419  | OTM/ATM/ITM: 2.837/3.487/2.886
  [VAL] ep 13000  val RMSE($): 2.8822  | spread: 31.332  | OTM/ATM/ITM: 2.706/3.328/2.852
  [VAL] ep 13500  val RMSE($): 2.9009  | spread: 31.743  | OTM/ATM/ITM: 2.742/3.391/2.757
Ep 14000/15000 | L=1.09e+02 | pde=5.12e+00 | w=1.00 | tc=1.24e-07 | w=296304.87 | bc=3.24e-07 | w=574660.98 | data=2.17e-04 | w=479224.09 | lr=2.1e-05
  [VAL] ep 14000  val RMSE($): 2.9317  | spread: 32.330  | OTM/ATM/ITM: 2.743/3.412/2.890
  [VAL] ep 14500  val RMSE($): 2.8886  | spread: 31.617  | OTM/ATM/ITM: 2.727/3.344/2.802
  [VAL] ep 15000  val RMSE($): 2.8938  | spread: 31.788  | OTM/ATM/ITM: 2.729/3.348/2.819

Restored model to val-best epoch 4500 (val rmse_mkt=2.686653)

Training complete in 353.9s
REPORTED (val-best) test RMSE($): 11.1291  | spread: 31.956  | OTM/ATM/ITM: 11.147/11.626/10.619
  → REPORTED test RMSE vs Market: $11.13 (val-best epoch: 4500)

============================================================
FOLD 5/9: Aug2020
  Train: start → 2020-08-01  |  Test: 2020-08-01 → 2020-09-01
============================================================
  Train: 25,231  Val: 5,083  Test: 5,167
  σ_fixed: 0.7117
Training: mode=hybrid, epochs=15000, lr=0.001
  Architecture: Modified MLP + RWF (μ=1.0)
  Pricing net params: 37,698
  Loss terms: ['pde', 'tc', 'bc', 'data']
======================================================================
Ep     1/15000 | L=1.01e+08 | pde=5.17e+07 | w=1.00 | tc=1.63e+01 | w=550013.97 | bc=1.96e+01 | w=1230054.30 | data=1.57e+01 | w=1060270.78 | lr=1.0e-03
  [VAL] ep   500  val RMSE($): 25.4425  | spread: 191.074  | OTM/ATM/ITM: 27.077/21.270/23.525 ★
  [VAL] ep  1000  val RMSE($): 16.1950  | spread: 78.759  | OTM/ATM/ITM: 17.899/13.334/12.539 ★
  [VAL] ep  1500  val RMSE($): 19.9561  | spread: 111.425  | OTM/ATM/ITM: 19.044/24.444/18.266
Ep  2000/15000 | L=1.77e+03 | pde=1.66e+02 | w=1.00 | tc=3.53e-05 | w=469287.04 | bc=1.26e-03 | w=1003936.64 | data=3.53e-04 | w=890959.64 | lr=9.6e-04
  [VAL] ep  2000  val RMSE($): 11.6734  | spread: 50.600  | OTM/ATM/ITM: 12.049/11.153/10.917 ★
  [VAL] ep  2500  val RMSE($): 14.6001  | spread: 78.602  | OTM/ATM/ITM: 16.383/12.014/10.158
  [VAL] ep  3000  val RMSE($): 11.8739  | spread: 40.875  | OTM/ATM/ITM: 13.289/9.761/8.444
  [VAL] ep  3500  val RMSE($): 12.5687  | spread: 44.448  | OTM/ATM/ITM: 13.155/12.361/10.772
Ep  4000/15000 | L=2.66e+02 | pde=2.19e+01 | w=1.00 | tc=3.53e-05 | w=387621.79 | bc=9.71e-06 | w=833614.54 | data=3.04e-04 | w=730220.87 | lr=8.4e-04
  [VAL] ep  4000  val RMSE($): 11.7934  | spread: 35.250  | OTM/ATM/ITM: 11.872/12.297/11.078
  [VAL] ep  4500  val RMSE($): 11.4415  | spread: 42.394  | OTM/ATM/ITM: 12.243/10.614/9.401 ★
  [VAL] ep  5000  val RMSE($): 9.9997  | spread: 31.291  | OTM/ATM/ITM: 10.566/9.438/8.583 ★
  [VAL] ep  5500  val RMSE($): 10.5837  | spread: 30.793  | OTM/ATM/ITM: 10.879/10.996/9.205
Ep  6000/15000 | L=1.93e+02 | pde=1.03e+01 | w=1.00 | tc=3.02e-05 | w=317845.02 | bc=3.94e-05 | w=683495.51 | data=2.45e-04 | w=596364.09 | lr=6.6e-04
  [VAL] ep  6000  val RMSE($): 10.8392  | spread: 33.048  | OTM/ATM/ITM: 11.568/10.063/9.021
  [VAL] ep  6500  val RMSE($): 9.9804  | spread: 29.410  | OTM/ATM/ITM: 10.388/9.801/8.783 ★
  [VAL] ep  7000  val RMSE($): 10.7478  | spread: 29.839  | OTM/ATM/ITM: 11.622/9.636/8.668
  [VAL] ep  7500  val RMSE($): 10.2186  | spread: 29.148  | OTM/ATM/ITM: 10.664/9.784/9.132
Ep  8000/15000 | L=1.32e+02 | pde=6.13e+00 | w=1.00 | tc=9.18e-06 | w=268683.96 | bc=1.84e-05 | w=566646.14 | data=2.29e-04 | w=494490.60 | lr=4.5e-04
  [VAL] ep  8000  val RMSE($): 10.7401  | spread: 30.537  | OTM/ATM/ITM: 11.437/10.037/8.975
  [VAL] ep  8500  val RMSE($): 10.0418  | spread: 28.853  | OTM/ATM/ITM: 10.487/9.965/8.603
  [VAL] ep  9000  val RMSE($): 10.1960  | spread: 28.957  | OTM/ATM/ITM: 10.870/9.563/8.434
  [VAL] ep  9500  val RMSE($): 10.4359  | spread: 29.041  | OTM/ATM/ITM: 10.788/10.521/9.184
Ep 10000/15000 | L=1.06e+02 | pde=5.09e+00 | w=1.00 | tc=1.68e-06 | w=227222.72 | bc=1.86e-05 | w=467329.06 | data=2.25e-04 | w=406781.66 | lr=2.6e-04
  [VAL] ep 10000  val RMSE($): 10.1394  | spread: 28.059  | OTM/ATM/ITM: 10.557/9.937/8.931
  [VAL] ep 10500  val RMSE($): 10.3163  | spread: 28.041  | OTM/ATM/ITM: 10.695/10.190/9.174
  [VAL] ep 11000  val RMSE($): 10.0802  | spread: 28.035  | OTM/ATM/ITM: 10.497/9.947/8.804
  [VAL] ep 11500  val RMSE($): 10.4247  | spread: 28.819  | OTM/ATM/ITM: 10.953/10.081/8.946
Ep 12000/15000 | L=7.76e+01 | pde=3.96e+00 | w=1.00 | tc=6.26e-07 | w=195917.69 | bc=8.48e-07 | w=398108.17 | data=2.14e-04 | w=341324.97 | lr=1.0e-04
  [VAL] ep 12000  val RMSE($): 10.3259  | spread: 28.051  | OTM/ATM/ITM: 10.859/9.963/8.847
  [VAL] ep 12500  val RMSE($): 10.4017  | spread: 28.272  | OTM/ATM/ITM: 10.891/10.161/8.970
  [VAL] ep 13000  val RMSE($): 10.4258  | spread: 28.300  | OTM/ATM/ITM: 10.957/10.091/8.929
  [VAL] ep 13500  val RMSE($): 10.3336  | spread: 28.256  | OTM/ATM/ITM: 10.800/10.093/8.984
Ep 14000/15000 | L=6.51e+01 | pde=2.89e+00 | w=1.00 | tc=1.63e-07 | w=174305.19 | bc=3.26e-07 | w=352898.10 | data=2.16e-04 | w=287254.57 | lr=2.1e-05
  [VAL] ep 14000  val RMSE($): 10.3312  | spread: 28.197  | OTM/ATM/ITM: 10.802/10.053/9.003
  [VAL] ep 14500  val RMSE($): 10.3819  | spread: 28.129  | OTM/ATM/ITM: 10.867/10.169/8.936
  [VAL] ep 15000  val RMSE($): 10.3481  | spread: 28.181  | OTM/ATM/ITM: 10.851/10.060/8.908

Restored model to val-best epoch 6500 (val rmse_mkt=9.980396)

Training complete in 355.2s
REPORTED (val-best) test RMSE($): 8.5993  | spread: 33.406  | OTM/ATM/ITM: 8.862/7.666/8.849
  → REPORTED test RMSE vs Market: $8.60 (val-best epoch: 6500)

============================================================
FOLD 6/9: Sep2020
  Train: start → 2020-09-01  |  Test: 2020-09-01 → 2020-10-01
============================================================
  Train: 30,314  Val: 5,167  Test: 6,361
  σ_fixed: 0.7325
Training: mode=hybrid, epochs=15000, lr=0.001
  Architecture: Modified MLP + RWF (μ=1.0)
  Pricing net params: 37,698
  Loss terms: ['pde', 'tc', 'bc', 'data']
======================================================================
Ep     1/15000 | L=1.13e+08 | pde=5.80e+07 | w=1.00 | tc=1.63e+01 | w=617261.39 | bc=1.96e+01 | w=1380795.08 | data=1.51e+01 | w=1179702.32 | lr=1.0e-03
  [VAL] ep   500  val RMSE($): 27.6514  | spread: 252.810  | OTM/ATM/ITM: 32.084/13.859/27.243 ★
  [VAL] ep  1000  val RMSE($): 18.8560  | spread: 126.117  | OTM/ATM/ITM: 16.422/19.166/22.786 ★
  [VAL] ep  1500  val RMSE($): 15.4374  | spread: 113.572  | OTM/ATM/ITM: 18.019/12.432/11.763 ★
Ep  2000/15000 | L=1.49e+03 | pde=1.56e+02 | w=1.00 | tc=7.85e-04 | w=505792.64 | bc=2.22e-04 | w=1136486.51 | data=7.08e-04 | w=962844.30 | lr=9.6e-04
  [VAL] ep  2000  val RMSE($): 13.2282  | spread: 105.795  | OTM/ATM/ITM: 13.333/12.398/13.729 ★
  [VAL] ep  2500  val RMSE($): 10.4238  | spread: 71.392  | OTM/ATM/ITM: 10.306/9.772/11.201 ★
  [VAL] ep  3000  val RMSE($): 10.4417  | spread: 92.934  | OTM/ATM/ITM: 11.693/7.857/9.765
  [VAL] ep  3500  val RMSE($): 9.0717  | spread: 61.797  | OTM/ATM/ITM: 9.396/7.631/9.581 ★
Ep  4000/15000 | L=7.63e+02 | pde=3.25e+01 | w=1.00 | tc=1.96e-05 | w=425408.20 | bc=4.77e-04 | w=931746.20 | data=3.51e-04 | w=791611.87 | lr=8.4e-04
  [VAL] ep  4000  val RMSE($): 10.3079  | spread: 37.754  | OTM/ATM/ITM: 11.807/7.719/8.997
  [VAL] ep  4500  val RMSE($): 8.7398  | spread: 39.506  | OTM/ATM/ITM: 9.286/7.103/8.929 ★
  [VAL] ep  5000  val RMSE($): 8.7411  | spread: 50.347  | OTM/ATM/ITM: 8.980/7.623/9.180
  [VAL] ep  5500  val RMSE($): 8.5568  | spread: 45.079  | OTM/ATM/ITM: 8.866/7.571/8.751 ★
Ep  6000/15000 | L=2.25e+02 | pde=1.02e+01 | w=1.00 | tc=1.94e-05 | w=349040.05 | bc=6.53e-06 | w=766425.59 | data=3.14e-04 | w=644822.04 | lr=6.6e-04
  [VAL] ep  6000  val RMSE($): 8.5649  | spread: 43.671  | OTM/ATM/ITM: 9.070/7.314/8.552
  [VAL] ep  6500  val RMSE($): 8.6170  | spread: 37.006  | OTM/ATM/ITM: 9.147/7.413/8.516
  [VAL] ep  7000  val RMSE($): 8.7407  | spread: 33.677  | OTM/ATM/ITM: 9.256/7.480/8.716
  [VAL] ep  7500  val RMSE($): 8.5898  | spread: 27.969  | OTM/ATM/ITM: 9.026/7.511/8.593
Ep  8000/15000 | L=1.70e+02 | pde=7.13e+00 | w=1.00 | tc=7.40e-06 | w=296392.40 | bc=2.64e-06 | w=635575.20 | data=2.97e-04 | w=534118.68 | lr=4.5e-04
  [VAL] ep  8000  val RMSE($): 8.6631  | spread: 25.787  | OTM/ATM/ITM: 8.820/7.700/9.147
  [VAL] ep  8500  val RMSE($): 8.3948  | spread: 28.164  | OTM/ATM/ITM: 8.521/7.190/9.113 ★
  [VAL] ep  9000  val RMSE($): 8.4912  | spread: 32.871  | OTM/ATM/ITM: 8.672/7.837/8.684
  [VAL] ep  9500  val RMSE($): 8.3563  | spread: 29.343  | OTM/ATM/ITM: 8.459/7.553/8.822 ★
Ep 10000/15000 | L=1.33e+02 | pde=5.24e+00 | w=1.00 | tc=1.32e-06 | w=249609.41 | bc=2.22e-06 | w=526935.08 | data=2.87e-04 | w=439724.69 | lr=2.6e-04
  [VAL] ep 10000  val RMSE($): 8.2385  | spread: 31.887  | OTM/ATM/ITM: 8.543/7.283/8.417 ★
  [VAL] ep 10500  val RMSE($): 8.3449  | spread: 29.648  | OTM/ATM/ITM: 8.647/7.261/8.629
  [VAL] ep 11000  val RMSE($): 8.4026  | spread: 31.282  | OTM/ATM/ITM: 8.628/7.760/8.495
  [VAL] ep 11500  val RMSE($): 8.1361  | spread: 28.681  | OTM/ATM/ITM: 8.363/7.210/8.449 ★
Ep 12000/15000 | L=1.09e+02 | pde=4.25e+00 | w=1.00 | tc=8.07e-07 | w=217214.60 | bc=9.24e-07 | w=443073.41 | data=2.83e-04 | w=367756.86 | lr=1.0e-04
  [VAL] ep 12000  val RMSE($): 8.2344  | spread: 28.828  | OTM/ATM/ITM: 8.523/7.462/8.301
  [VAL] ep 12500  val RMSE($): 8.2315  | spread: 27.353  | OTM/ATM/ITM: 8.563/7.314/8.325
  [VAL] ep 13000  val RMSE($): 8.0946  | spread: 28.772  | OTM/ATM/ITM: 8.428/7.138/8.214 ★
  [VAL] ep 13500  val RMSE($): 8.3139  | spread: 28.736  | OTM/ATM/ITM: 8.634/7.326/8.487
Ep 14000/15000 | L=9.37e+01 | pde=3.32e+00 | w=1.00 | tc=1.05e-07 | w=196720.85 | bc=1.99e-07 | w=399143.11 | data=2.91e-04 | w=310186.61 | lr=2.1e-05
  [VAL] ep 14000  val RMSE($): 8.1700  | spread: 28.567  | OTM/ATM/ITM: 8.467/7.382/8.231
  [VAL] ep 14500  val RMSE($): 8.1786  | spread: 28.690  | OTM/ATM/ITM: 8.472/7.248/8.361
  [VAL] ep 15000  val RMSE($): 8.2454  | spread: 28.643  | OTM/ATM/ITM: 8.530/7.332/8.432

Restored model to val-best epoch 13000 (val rmse_mkt=8.094645)

Training complete in 356.5s
REPORTED (val-best) test RMSE($): 18.8556  | spread: 48.687  | OTM/ATM/ITM: 19.476/18.718/17.176
  → REPORTED test RMSE vs Market: $18.86 (val-best epoch: 13000)

============================================================
FOLD 7/9: Oct2020
  Train: start → 2020-10-01  |  Test: 2020-10-01 → 2020-11-01
============================================================
  Train: 35,481  Val: 6,361  Test: 5,968
  σ_fixed: 0.7371
Training: mode=hybrid, epochs=15000, lr=0.001
  Architecture: Modified MLP + RWF (μ=1.0)
  Pricing net params: 37,698
  Loss terms: ['pde', 'tc', 'bc', 'data']
======================================================================
Ep     1/15000 | L=1.16e+08 | pde=5.95e+07 | w=1.00 | tc=1.63e+01 | w=632757.08 | bc=1.96e+01 | w=1415600.84 | data=1.53e+01 | w=1223689.89 | lr=1.0e-03
  [VAL] ep   500  val RMSE($): 40.5217  | spread: 236.244  | OTM/ATM/ITM: 43.354/38.047/33.976 ★
  [VAL] ep  1000  val RMSE($): 25.7231  | spread: 114.315  | OTM/ATM/ITM: 25.601/30.705/21.186 ★
  [VAL] ep  1500  val RMSE($): 18.8290  | spread: 100.333  | OTM/ATM/ITM: 18.623/16.974/20.734 ★
Ep  2000/15000 | L=1.05e+03 | pde=1.59e+02 | w=1.00 | tc=2.72e-04 | w=525016.71 | bc=8.16e-05 | w=1177200.86 | data=6.45e-04 | w=1003820.93 | lr=9.6e-04
  [VAL] ep  2000  val RMSE($): 23.6737  | spread: 86.363  | OTM/ATM/ITM: 22.650/26.228/24.193
  [VAL] ep  2500  val RMSE($): 23.4659  | spread: 102.464  | OTM/ATM/ITM: 26.061/21.120/16.922
  [VAL] ep  3000  val RMSE($): 18.6987  | spread: 78.823  | OTM/ATM/ITM: 19.945/18.793/14.686 ★
  [VAL] ep  3500  val RMSE($): 20.6656  | spread: 66.729  | OTM/ATM/ITM: 21.564/20.791/17.876
Ep  4000/15000 | L=8.57e+02 | pde=8.00e+01 | w=1.00 | tc=3.02e-04 | w=437197.80 | bc=2.42e-04 | w=976644.52 | data=4.92e-04 | w=831941.72 | lr=8.4e-04
  [VAL] ep  4000  val RMSE($): 20.4475  | spread: 61.015  | OTM/ATM/ITM: 21.654/19.725/17.423
  [VAL] ep  4500  val RMSE($): 17.7163  | spread: 52.963  | OTM/ATM/ITM: 18.713/17.651/14.729 ★
  [VAL] ep  5000  val RMSE($): 20.0030  | spread: 61.921  | OTM/ATM/ITM: 20.859/19.887/17.571
  [VAL] ep  5500  val RMSE($): 17.9717  | spread: 53.578  | OTM/ATM/ITM: 18.981/17.547/15.289
Ep  6000/15000 | L=2.50e+02 | pde=1.62e+01 | w=1.00 | tc=1.58e-05 | w=369266.37 | bc=2.67e-05 | w=812121.65 | data=2.95e-04 | w=697613.67 | lr=6.6e-04
  [VAL] ep  6000  val RMSE($): 18.0353  | spread: 51.737  | OTM/ATM/ITM: 18.762/18.238/15.699
  [VAL] ep  6500  val RMSE($): 17.1824  | spread: 44.172  | OTM/ATM/ITM: 17.605/17.394/15.788 ★
  [VAL] ep  7000  val RMSE($): 17.6405  | spread: 44.518  | OTM/ATM/ITM: 18.426/17.493/15.436
  [VAL] ep  7500  val RMSE($): 18.6057  | spread: 50.648  | OTM/ATM/ITM: 18.849/19.014/17.573
Ep  8000/15000 | L=1.78e+02 | pde=7.57e+00 | w=1.00 | tc=7.69e-06 | w=304746.59 | bc=4.66e-06 | w=677210.35 | data=2.89e-04 | w=570101.15 | lr=4.5e-04
  [VAL] ep  8000  val RMSE($): 18.7769  | spread: 53.755  | OTM/ATM/ITM: 19.708/18.657/16.084
  [VAL] ep  8500  val RMSE($): 17.8131  | spread: 46.690  | OTM/ATM/ITM: 18.248/18.384/16.052
  [VAL] ep  9000  val RMSE($): 18.4659  | spread: 51.548  | OTM/ATM/ITM: 18.878/18.957/16.853
  [VAL] ep  9500  val RMSE($): 18.0676  | spread: 50.083  | OTM/ATM/ITM: 19.083/17.708/15.307
Ep 10000/15000 | L=1.34e+02 | pde=4.79e+00 | w=1.00 | tc=1.37e-06 | w=255584.06 | bc=9.77e-07 | w=565076.69 | data=2.74e-04 | w=468150.12 | lr=2.6e-04
  [VAL] ep 10000  val RMSE($): 17.7597  | spread: 47.307  | OTM/ATM/ITM: 18.425/17.929/15.650
  [VAL] ep 10500  val RMSE($): 17.7077  | spread: 47.287  | OTM/ATM/ITM: 18.281/18.084/15.697
  [VAL] ep 11000  val RMSE($): 17.8394  | spread: 48.633  | OTM/ATM/ITM: 18.362/18.150/16.050
  [VAL] ep 11500  val RMSE($): 17.8997  | spread: 49.591  | OTM/ATM/ITM: 18.742/17.784/15.485
Ep 12000/15000 | L=1.13e+02 | pde=4.17e+00 | w=1.00 | tc=4.29e-07 | w=224290.81 | bc=6.67e-07 | w=475852.35 | data=2.76e-04 | w=391318.23 | lr=1.0e-04
  [VAL] ep 12000  val RMSE($): 17.9842  | spread: 48.359  | OTM/ATM/ITM: 18.533/18.499/15.922
  [VAL] ep 12500  val RMSE($): 17.8126  | spread: 48.579  | OTM/ATM/ITM: 18.407/18.075/15.843
  [VAL] ep 13000  val RMSE($): 17.7984  | spread: 48.149  | OTM/ATM/ITM: 18.380/17.998/15.925
  [VAL] ep 13500  val RMSE($): 17.9866  | spread: 48.856  | OTM/ATM/ITM: 18.627/18.132/15.981
Ep 14000/15000 | L=9.14e+01 | pde=3.24e+00 | w=1.00 | tc=1.82e-07 | w=202096.77 | bc=1.82e-07 | w=419960.57 | data=2.70e-04 | w=325814.32 | lr=2.1e-05
  [VAL] ep 14000  val RMSE($): 17.9757  | spread: 48.841  | OTM/ATM/ITM: 18.630/18.083/15.961
  [VAL] ep 14500  val RMSE($): 17.9162  | spread: 48.790  | OTM/ATM/ITM: 18.540/18.038/15.984
  [VAL] ep 15000  val RMSE($): 17.9993  | spread: 48.620  | OTM/ATM/ITM: 18.638/18.210/15.937

Restored model to val-best epoch 6500 (val rmse_mkt=17.182377)

Training complete in 336.0s
REPORTED (val-best) test RMSE($): 8.9172  | spread: 49.336  | OTM/ATM/ITM: 9.244/7.245/9.447
  → REPORTED test RMSE vs Market: $8.92 (val-best epoch: 6500)

============================================================
FOLD 8/9: Nov2020
  Train: start → 2020-11-01  |  Test: 2020-11-01 → 2020-12-01
============================================================
  Train: 41,842  Val: 5,968  Test: 6,420
  σ_fixed: 0.7763
Training: mode=hybrid, epochs=15000, lr=0.001
  Architecture: Modified MLP + RWF (μ=1.0)
  Pricing net params: 37,698
  Loss terms: ['pde', 'tc', 'bc', 'data']
======================================================================
Ep     1/15000 | L=1.43e+08 | pde=7.32e+07 | w=1.00 | tc=1.63e+01 | w=778403.87 | bc=1.96e+01 | w=1743046.51 | data=1.52e+01 | w=1521513.44 | lr=1.0e-03
  [VAL] ep   500  val RMSE($): 29.8437  | spread: 188.542  | OTM/ATM/ITM: 29.257/21.602/38.662 ★
  [VAL] ep  1000  val RMSE($): 23.4253  | spread: 229.145  | OTM/ATM/ITM: 26.397/11.075/22.577 ★
  [VAL] ep  1500  val RMSE($): 20.8543  | spread: 147.154  | OTM/ATM/ITM: 20.660/17.441/24.737 ★
Ep  2000/15000 | L=1.74e+03 | pde=1.94e+02 | w=1.00 | tc=3.09e-04 | w=641633.29 | bc=2.13e-04 | w=1427230.78 | data=8.36e-04 | w=1244356.92 | lr=9.6e-04
  [VAL] ep  2000  val RMSE($): 15.0323  | spread: 118.462  | OTM/ATM/ITM: 15.105/13.649/16.225 ★
  [VAL] ep  2500  val RMSE($): 11.2020  | spread: 95.482  | OTM/ATM/ITM: 12.425/7.328/10.246 ★
  [VAL] ep  3000  val RMSE($): 9.9990  | spread: 63.071  | OTM/ATM/ITM: 10.648/7.352/10.240 ★
  [VAL] ep  3500  val RMSE($): 11.1887  | spread: 72.810  | OTM/ATM/ITM: 11.005/10.955/12.061
Ep  4000/15000 | L=6.85e+02 | pde=4.33e+01 | w=1.00 | tc=1.03e-04 | w=528221.34 | bc=7.16e-05 | w=1169170.02 | data=4.96e-04 | w=1016329.88 | lr=8.4e-04
  [VAL] ep  4000  val RMSE($): 7.8437  | spread: 34.188  | OTM/ATM/ITM: 8.180/6.293/8.210 ★
  [VAL] ep  4500  val RMSE($): 8.9157  | spread: 58.262  | OTM/ATM/ITM: 9.573/7.252/8.190
  [VAL] ep  5000  val RMSE($): 7.8245  | spread: 31.730  | OTM/ATM/ITM: 8.382/6.381/7.254 ★
  [VAL] ep  5500  val RMSE($): 9.0292  | spread: 64.579  | OTM/ATM/ITM: 10.114/6.465/7.300
Ep  6000/15000 | L=3.82e+02 | pde=1.62e+01 | w=1.00 | tc=1.63e-05 | w=433759.80 | bc=5.41e-06 | w=973641.23 | data=4.26e-04 | w=828348.88 | lr=6.6e-04
  [VAL] ep  6000  val RMSE($): 7.8706  | spread: 32.211  | OTM/ATM/ITM: 8.494/6.370/7.084
  [VAL] ep  6500  val RMSE($): 8.3002  | spread: 42.181  | OTM/ATM/ITM: 8.803/7.238/7.567
  [VAL] ep  7000  val RMSE($): 9.0114  | spread: 59.580  | OTM/ATM/ITM: 9.664/7.670/7.975
  [VAL] ep  7500  val RMSE($): 7.9429  | spread: 40.225  | OTM/ATM/ITM: 8.462/6.505/7.527
Ep  8000/15000 | L=2.95e+02 | pde=1.08e+01 | w=1.00 | tc=7.00e-06 | w=358076.26 | bc=5.85e-06 | w=807497.61 | data=4.10e-04 | w=676516.93 | lr=4.5e-04
  [VAL] ep  8000  val RMSE($): 7.8927  | spread: 39.334  | OTM/ATM/ITM: 8.528/6.539/6.903
  [VAL] ep  8500  val RMSE($): 8.4047  | spread: 52.434  | OTM/ATM/ITM: 8.925/7.338/7.606
  [VAL] ep  9000  val RMSE($): 8.1980  | spread: 42.511  | OTM/ATM/ITM: 8.760/7.259/7.072
  [VAL] ep  9500  val RMSE($): 7.8756  | spread: 39.521  | OTM/ATM/ITM: 8.383/6.653/7.283
Ep 10000/15000 | L=2.47e+02 | pde=8.64e+00 | w=1.00 | tc=2.57e-06 | w=303635.23 | bc=3.64e-06 | w=667850.82 | data=4.19e-04 | w=561938.90 | lr=2.6e-04
  [VAL] ep 10000  val RMSE($): 8.1625  | spread: 43.427  | OTM/ATM/ITM: 8.689/7.162/7.261
  [VAL] ep 10500  val RMSE($): 8.1829  | spread: 44.401  | OTM/ATM/ITM: 8.744/7.090/7.239
  [VAL] ep 11000  val RMSE($): 7.8725  | spread: 40.032  | OTM/ATM/ITM: 8.424/6.694/7.053
  [VAL] ep 11500  val RMSE($): 7.9985  | spread: 44.208  | OTM/ATM/ITM: 8.577/6.848/7.035
Ep 12000/15000 | L=1.92e+02 | pde=6.54e+00 | w=1.00 | tc=7.52e-07 | w=260131.24 | bc=1.21e-06 | w=561208.34 | data=3.94e-04 | w=467247.14 | lr=1.0e-04
  [VAL] ep 12000  val RMSE($): 8.0494  | spread: 42.498  | OTM/ATM/ITM: 8.637/6.882/7.069
  [VAL] ep 12500  val RMSE($): 7.9441  | spread: 44.003  | OTM/ATM/ITM: 8.512/6.984/6.809
  [VAL] ep 13000  val RMSE($): 8.1496  | spread: 42.279  | OTM/ATM/ITM: 8.656/7.173/7.306
  [VAL] ep 13500  val RMSE($): 7.8830  | spread: 41.551  | OTM/ATM/ITM: 8.331/7.027/7.141
Ep 14000/15000 | L=1.53e+02 | pde=4.91e+00 | w=1.00 | tc=1.41e-07 | w=226425.18 | bc=2.59e-07 | w=499728.99 | data=3.82e-04 | w=388309.20 | lr=2.1e-05
  [VAL] ep 14000  val RMSE($): 8.0253  | spread: 41.978  | OTM/ATM/ITM: 8.508/7.129/7.187
  [VAL] ep 14500  val RMSE($): 7.9264  | spread: 42.102  | OTM/ATM/ITM: 8.432/6.956/7.072
  [VAL] ep 15000  val RMSE($): 8.0254  | spread: 43.055  | OTM/ATM/ITM: 8.573/7.007/7.051

Restored model to val-best epoch 5000 (val rmse_mkt=7.824549)

Training complete in 330.8s
REPORTED (val-best) test RMSE($): 7.8047  | spread: 35.727  | OTM/ATM/ITM: 8.253/7.823/6.688
  → REPORTED test RMSE vs Market: $7.80 (val-best epoch: 5000)

============================================================
FOLD 9/9: Dec2020
  Train: start → 2020-12-01  |  Test: 2020-12-01 → 2021-01-01
============================================================
  Train: 47,810  Val: 6,420  Test: 5,438
  σ_fixed: 0.7719
Training: mode=hybrid, epochs=15000, lr=0.001
  Architecture: Modified MLP + RWF (μ=1.0)
  Pricing net params: 37,698
  Loss terms: ['pde', 'tc', 'bc', 'data']
======================================================================
Ep     1/15000 | L=1.41e+08 | pde=7.15e+07 | w=1.00 | tc=1.63e+01 | w=760668.72 | bc=1.96e+01 | w=1703154.92 | data=1.53e+01 | w=1557473.29 | lr=1.0e-03
  [VAL] ep   500  val RMSE($): 46.5873  | spread: 337.612  | OTM/ATM/ITM: 53.590/33.050/36.670 ★
  [VAL] ep  1000  val RMSE($): 25.5948  | spread: 170.329  | OTM/ATM/ITM: 24.554/20.657/30.437 ★
  [VAL] ep  1500  val RMSE($): 20.2594  | spread: 140.473  | OTM/ATM/ITM: 21.308/20.195/17.758 ★
Ep  2000/15000 | L=3.95e+03 | pde=3.06e+02 | w=1.00 | tc=2.89e-04 | w=628588.25 | bc=1.77e-03 | w=1400046.89 | data=7.69e-04 | w=1277168.76 | lr=9.6e-04
  [VAL] ep  2000  val RMSE($): 17.9354  | spread: 151.676  | OTM/ATM/ITM: 18.601/17.180/16.901 ★
  [VAL] ep  2500  val RMSE($): 13.4153  | spread: 106.980  | OTM/ATM/ITM: 14.620/12.575/10.943 ★
  [VAL] ep  3000  val RMSE($): 13.9569  | spread: 118.055  | OTM/ATM/ITM: 14.987/13.237/11.910
  [VAL] ep  3500  val RMSE($): 12.7631  | spread: 82.120  | OTM/ATM/ITM: 12.296/13.671/13.136 ★
Ep  4000/15000 | L=9.40e+02 | pde=8.84e+01 | w=1.00 | tc=1.32e-04 | w=526367.96 | bc=9.46e-05 | w=1164000.01 | data=6.40e-04 | w=1050439.38 | lr=8.4e-04
  [VAL] ep  4000  val RMSE($): 11.4726  | spread: 103.197  | OTM/ATM/ITM: 13.173/8.338/8.985 ★
  [VAL] ep  4500  val RMSE($): 8.1896  | spread: 43.592  | OTM/ATM/ITM: 8.983/7.543/6.612 ★
  [VAL] ep  5000  val RMSE($): 8.0216  | spread: 34.987  | OTM/ATM/ITM: 8.546/8.011/6.720 ★
  [VAL] ep  5500  val RMSE($): 8.0980  | spread: 35.822  | OTM/ATM/ITM: 8.396/8.092/7.398
Ep  6000/15000 | L=3.97e+02 | pde=1.71e+01 | w=1.00 | tc=2.80e-05 | w=431425.51 | bc=1.10e-05 | w=955114.43 | data=4.18e-04 | w=855134.86 | lr=6.6e-04
  [VAL] ep  6000  val RMSE($): 7.7639  | spread: 35.419  | OTM/ATM/ITM: 8.171/8.140/6.464 ★
  [VAL] ep  6500  val RMSE($): 8.0237  | spread: 38.486  | OTM/ATM/ITM: 8.282/8.250/7.247
  [VAL] ep  7000  val RMSE($): 7.7068  | spread: 43.064  | OTM/ATM/ITM: 8.289/7.698/6.228 ★
  [VAL] ep  7500  val RMSE($): 9.1847  | spread: 51.606  | OTM/ATM/ITM: 8.957/9.999/9.106
Ep  8000/15000 | L=2.92e+02 | pde=1.13e+01 | w=1.00 | tc=9.28e-06 | w=354876.26 | bc=9.28e-06 | w=790429.56 | data=3.87e-04 | w=697976.78 | lr=4.5e-04
  [VAL] ep  8000  val RMSE($): 9.0398  | spread: 60.979  | OTM/ATM/ITM: 9.163/9.750/8.226
  [VAL] ep  8500  val RMSE($): 8.9134  | spread: 54.724  | OTM/ATM/ITM: 9.078/9.549/8.056
  [VAL] ep  9000  val RMSE($): 8.5907  | spread: 49.901  | OTM/ATM/ITM: 8.869/9.160/7.491
  [VAL] ep  9500  val RMSE($): 8.4384  | spread: 45.023  | OTM/ATM/ITM: 8.760/9.314/6.953
Ep 10000/15000 | L=2.37e+02 | pde=8.34e+00 | w=1.00 | tc=6.61e-06 | w=295523.23 | bc=4.66e-06 | w=653686.80 | data=3.88e-04 | w=577198.04 | lr=2.6e-04
  [VAL] ep 10000  val RMSE($): 8.3448  | spread: 47.494  | OTM/ATM/ITM: 8.514/9.318/7.183
  [VAL] ep 10500  val RMSE($): 8.4046  | spread: 47.975  | OTM/ATM/ITM: 8.643/9.290/7.137
  [VAL] ep 11000  val RMSE($): 8.6346  | spread: 46.663  | OTM/ATM/ITM: 8.882/9.503/7.364
  [VAL] ep 11500  val RMSE($): 8.3556  | spread: 48.996  | OTM/ATM/ITM: 8.524/8.982/7.490
Ep 12000/15000 | L=1.90e+02 | pde=6.22e+00 | w=1.00 | tc=8.98e-07 | w=254159.17 | bc=1.55e-06 | w=547651.42 | data=3.81e-04 | w=478899.04 | lr=1.0e-04
  [VAL] ep 12000  val RMSE($): 8.1299  | spread: 48.032  | OTM/ATM/ITM: 8.374/8.978/6.874
  [VAL] ep 12500  val RMSE($): 8.5338  | spread: 47.850  | OTM/ATM/ITM: 8.667/9.407/7.554
  [VAL] ep 13000  val RMSE($): 8.0794  | spread: 45.806  | OTM/ATM/ITM: 8.310/9.038/6.761
  [VAL] ep 13500  val RMSE($): 8.1645  | spread: 46.530  | OTM/ATM/ITM: 8.304/9.241/6.986
Ep 14000/15000 | L=1.47e+02 | pde=4.40e+00 | w=1.00 | tc=2.50e-07 | w=220025.94 | bc=2.95e-07 | w=471916.33 | data=3.57e-04 | w=397485.04 | lr=2.1e-05
  [VAL] ep 14000  val RMSE($): 8.2363  | spread: 47.019  | OTM/ATM/ITM: 8.298/9.381/7.201
  [VAL] ep 14500  val RMSE($): 8.0990  | spread: 46.034  | OTM/ATM/ITM: 8.227/9.106/7.013
  [VAL] ep 15000  val RMSE($): 8.0904  | spread: 46.449  | OTM/ATM/ITM: 8.239/9.060/6.982

Restored model to val-best epoch 7000 (val rmse_mkt=7.706810)

Training complete in 330.4s
REPORTED (val-best) test RMSE($): 12.0993  | spread: 46.605  | OTM/ATM/ITM: 13.130/11.921/10.308
  → REPORTED test RMSE vs Market: $12.10 (val-best epoch: 7000)


======================================================================================
WALK-FORWARD RESULTS: arch=modified, mode=hybrid, μ=1.0
  Single-phase val-best reporting (val held out, test eval'd once on snapshot)
====================================================================================================
Fold       |  σ_fix |     E* |  rep($) | spread |      OTM/ATM/ITM |   arb% |   time
----------------------------------------------------------------------------------------------------
Apr2020    |  0.685 |   5500 |    3.89 |  25.51 |   4.01/3.78/3.55 |  89.0% |    347
May2020    |  0.729 |   8000 |    2.83 |  35.11 |   2.96/2.74/2.33 |  90.1% |    334
Jun2020    |  0.776 |   5000 |    2.97 |  24.06 |   2.99/3.15/2.65 |  94.1% |    332
Jul2020    |  0.738 |   4500 |   11.13 |  31.96 | 11.15/11.63/10.62 |  92.1% |    354
Aug2020    |  0.712 |   6500 |    8.60 |  33.41 |   8.86/7.67/8.85 |  89.1% |    355
Sep2020    |  0.733 |  13000 |   18.86 |  48.69 | 19.48/18.72/17.18 |  88.2% |    356
Oct2020    |  0.737 |   6500 |    8.92 |  49.34 |   9.24/7.24/9.45 |  89.7% |    336
Nov2020    |  0.776 |   5000 |    7.80 |  35.73 |   8.25/7.82/6.69 |  95.1% |    331
Dec2020    |  0.772 |   7000 |   12.10 |  46.60 | 13.13/11.92/10.31 |  89.6% |    330
----------------------------------------------------------------------------------------------------
Pooled     |        |        |   10.70 |  39.44 | 11.10/10.15/10.09 |  90.8% |   ← headline
Mean(fold) |        |   6778 |    8.57 |  E*: mean=6778  std=2439  min=4500 max=13000

Results saved to runs/walk_forward/modified_hybrid_mu1.0/
============================================
Done: Thu Apr 30 08:21:05 AM EDT 2026
============================================
