============================================
Job ID:     46395414
Array task: 10
Node:       dcc-core-gpu-ferc-s-h36-6
GPU:        NVIDIA GeForce RTX 2080 Ti
Date:       Fri May  1 02:41:45 PM EDT 2026
============================================
Config: arch=modified  mode=hybrid  μ=0.75  extras=[ --data_loss_warmup 5000]
============================================
Device: cuda
Loading and preprocessing data...
Full dataset: 59,668 obs, 2020-01-02 → 2020-12-31

============================================================
FOLD 1/9: Apr2020
  Train: start → 2020-04-01  |  Test: 2020-04-01 → 2020-05-01
============================================================
  Train: 12,743  Val: 2,941  Test: 3,094
  σ_fixed: 0.6848
Training: mode=hybrid, epochs=15000, lr=0.001
  Architecture: Modified MLP + RWF (μ=0.75)
  Pricing net params: 37,698
  Loss terms: ['pde', 'tc', 'bc', 'data']
  Data loss WARMUP: epochs 1..5000 run as physics-only
======================================================================
Ep     1/15000 | L=3.42e+06 | pde=2.65e+06 | w=1.00 | tc=9.08e+00 | w=21635.04 | bc=1.06e+01 | w=53762.31 | lr=1.0e-03
  [VAL] ep   500  val RMSE($): 17.4854  | spread: 110.611  | OTM/ATM/ITM: 18.963/10.817/14.912 ★
  [VAL] ep  1000  val RMSE($): 8.8264  | spread: 109.528  | OTM/ATM/ITM: 9.875/4.828/5.391 ★
  [VAL] ep  1500  val RMSE($): 6.6907  | spread: 97.461  | OTM/ATM/ITM: 7.550/3.483/3.514 ★
Ep  2000/15000 | L=1.99e+01 | pde=1.96e+00 | w=1.00 | tc=1.51e-04 | w=17841.12 | bc=3.47e-04 | w=44073.31 | lr=9.6e-04
  [VAL] ep  2000  val RMSE($): 3.2041  | spread: 36.249  | OTM/ATM/ITM: 3.249/3.101/3.054 ★
  [VAL] ep  2500  val RMSE($): 2.5398  | spread: 29.696  | OTM/ATM/ITM: 2.651/2.134/2.318 ★
  [VAL] ep  3000  val RMSE($): 3.2780  | spread: 31.513  | OTM/ATM/ITM: 3.061/3.849/3.722
  [VAL] ep  3500  val RMSE($): 3.0246  | spread: 24.637  | OTM/ATM/ITM: 2.674/3.982/3.551
Ep  4000/15000 | L=4.48e+00 | pde=3.01e-01 | w=1.00 | tc=1.75e-05 | w=14838.33 | bc=1.09e-04 | w=35964.35 | lr=8.4e-04
  [VAL] ep  4000  val RMSE($): 2.7894  | spread: 21.743  | OTM/ATM/ITM: 2.565/3.425/3.160
  [VAL] ep  4500  val RMSE($): 3.2381  | spread: 31.711  | OTM/ATM/ITM: 3.185/3.628/3.013
  [VAL] ep  5000  val RMSE($): 2.6515  | spread: 22.736  | OTM/ATM/ITM: 2.324/3.334/3.419
  [warmup→hybrid] data loss activated at ep 5001; λ_data init=1.00
  [VAL] ep  5500  val RMSE($): 2.6766  | spread: 20.238  | OTM/ATM/ITM: 2.445/3.272/3.132
Ep  6000/15000 | L=1.30e+00 | pde=1.93e-01 | w=1.00 | tc=1.49e-06 | w=12862.45 | bc=3.41e-05 | w=29848.09 | data=7.79e-04 | w=93.44 | lr=6.6e-04
  [VAL] ep  6000  val RMSE($): 2.7257  | spread: 20.166  | OTM/ATM/ITM: 2.372/3.578/3.386
  [VAL] ep  6500  val RMSE($): 2.8432  | spread: 19.315  | OTM/ATM/ITM: 2.419/3.787/3.688
  [VAL] ep  7000  val RMSE($): 2.9465  | spread: 21.241  | OTM/ATM/ITM: 2.472/3.989/3.874
  [VAL] ep  7500  val RMSE($): 2.7826  | spread: 19.237  | OTM/ATM/ITM: 2.458/3.503/3.501
Ep  8000/15000 | L=9.60e-01 | pde=2.20e-01 | w=1.00 | tc=3.57e-05 | w=10726.97 | bc=9.66e-06 | w=24730.44 | data=3.64e-04 | w=323.05 | lr=4.5e-04
  [VAL] ep  8000  val RMSE($): 2.8455  | spread: 19.878  | OTM/ATM/ITM: 2.575/3.444/3.490
  [VAL] ep  8500  val RMSE($): 3.1403  | spread: 22.834  | OTM/ATM/ITM: 2.690/4.177/4.003
  [VAL] ep  9000  val RMSE($): 2.7835  | spread: 18.708  | OTM/ATM/ITM: 2.423/3.628/3.489
  [VAL] ep  9500  val RMSE($): 2.7834  | spread: 17.994  | OTM/ATM/ITM: 2.484/3.439/3.477
Ep 10000/15000 | L=2.58e-01 | pde=5.70e-02 | w=1.00 | tc=2.65e-06 | w=8907.11 | bc=2.32e-06 | w=20363.66 | data=3.05e-04 | w=427.80 | lr=2.6e-04
  [VAL] ep 10000  val RMSE($): 2.8982  | spread: 20.058  | OTM/ATM/ITM: 2.581/3.658/3.539
  [VAL] ep 10500  val RMSE($): 2.7786  | spread: 18.057  | OTM/ATM/ITM: 2.411/3.551/3.607
  [VAL] ep 11000  val RMSE($): 2.8076  | spread: 18.376  | OTM/ATM/ITM: 2.467/3.545/3.577
  [VAL] ep 11500  val RMSE($): 2.7009  | spread: 17.048  | OTM/ATM/ITM: 2.393/3.358/3.424
Ep 12000/15000 | L=2.39e-01 | pde=7.03e-02 | w=1.00 | tc=6.45e-07 | w=7702.29 | bc=3.43e-07 | w=17344.48 | data=2.83e-04 | w=558.27 | lr=1.0e-04
  [VAL] ep 12000  val RMSE($): 2.8052  | spread: 18.263  | OTM/ATM/ITM: 2.464/3.557/3.555
  [VAL] ep 12500  val RMSE($): 2.8530  | spread: 18.755  | OTM/ATM/ITM: 2.511/3.629/3.579
  [VAL] ep 13000  val RMSE($): 2.8075  | spread: 18.142  | OTM/ATM/ITM: 2.468/3.547/3.566
  [VAL] ep 13500  val RMSE($): 2.8130  | spread: 18.189  | OTM/ATM/ITM: 2.473/3.560/3.565
Ep 14000/15000 | L=2.45e-01 | pde=6.23e-02 | w=1.00 | tc=7.79e-08 | w=8002.95 | bc=3.07e-08 | w=17612.37 | data=2.75e-04 | w=661.49 | lr=2.1e-05
  [VAL] ep 14000  val RMSE($): 2.8059  | spread: 17.949  | OTM/ATM/ITM: 2.455/3.582/3.567
  [VAL] ep 14500  val RMSE($): 2.8030  | spread: 17.895  | OTM/ATM/ITM: 2.461/3.552/3.562
  [VAL] ep 15000  val RMSE($): 2.8240  | spread: 18.051  | OTM/ATM/ITM: 2.463/3.588/3.645

Restored model to val-best epoch 2500 (val rmse_mkt=2.539764)

Training complete in 328.2s
REPORTED (val-best) test RMSE($): 2.3407  | spread: 29.973  | OTM/ATM/ITM: 2.535/2.056/1.885
  → REPORTED test RMSE vs Market: $2.34 (val-best epoch: 2500)

============================================================
FOLD 2/9: May2020
  Train: start → 2020-05-01  |  Test: 2020-05-01 → 2020-06-01
============================================================
  Train: 15,684  Val: 3,094  Test: 3,188
  σ_fixed: 0.7294
Training: mode=hybrid, epochs=15000, lr=0.001
  Architecture: Modified MLP + RWF (μ=0.75)
  Pricing net params: 37,698
  Loss terms: ['pde', 'tc', 'bc', 'data']
  Data loss WARMUP: epochs 1..5000 run as physics-only
======================================================================
Ep     1/15000 | L=4.40e+06 | pde=3.41e+06 | w=1.00 | tc=9.08e+00 | w=27847.60 | bc=1.06e+01 | w=69286.00 | lr=1.0e-03
  [VAL] ep   500  val RMSE($): 27.2523  | spread: 291.458  | OTM/ATM/ITM: 31.724/21.475/11.470 ★
  [VAL] ep  1000  val RMSE($): 7.5082  | spread: 54.054  | OTM/ATM/ITM: 8.188/7.267/4.785 ★
  [VAL] ep  1500  val RMSE($): 7.2818  | spread: 83.585  | OTM/ATM/ITM: 6.182/8.811/8.805 ★
Ep  2000/15000 | L=3.46e+01 | pde=3.83e+00 | w=1.00 | tc=3.05e-05 | w=23781.90 | bc=5.28e-04 | w=56903.88 | lr=9.6e-04
  [VAL] ep  2000  val RMSE($): 4.8989  | spread: 71.672  | OTM/ATM/ITM: 5.567/3.202/3.848 ★
  [VAL] ep  2500  val RMSE($): 4.4059  | spread: 53.062  | OTM/ATM/ITM: 3.590/5.784/5.159 ★
  [VAL] ep  3000  val RMSE($): 4.6214  | spread: 68.360  | OTM/ATM/ITM: 5.164/3.766/3.275
  [VAL] ep  3500  val RMSE($): 2.7704  | spread: 28.528  | OTM/ATM/ITM: 2.700/2.530/3.232 ★
Ep  4000/15000 | L=6.14e+00 | pde=5.19e-01 | w=1.00 | tc=1.17e-05 | w=20146.10 | bc=1.14e-04 | w=47305.28 | lr=8.4e-04
  [VAL] ep  4000  val RMSE($): 3.0526  | spread: 34.148  | OTM/ATM/ITM: 2.876/3.579/3.017
  [VAL] ep  4500  val RMSE($): 2.2838  | spread: 23.176  | OTM/ATM/ITM: 2.264/2.495/2.097 ★
  [VAL] ep  5000  val RMSE($): 3.1397  | spread: 34.916  | OTM/ATM/ITM: 2.849/3.804/3.288
  [warmup→hybrid] data loss activated at ep 5001; λ_data init=1.00
  [VAL] ep  5500  val RMSE($): 3.2049  | spread: 37.451  | OTM/ATM/ITM: 3.076/3.722/3.019
Ep  6000/15000 | L=1.12e+00 | pde=1.38e-01 | w=1.00 | tc=5.34e-06 | w=16695.05 | bc=2.14e-05 | w=38662.53 | data=9.38e-04 | w=66.69 | lr=6.6e-04
  [VAL] ep  6000  val RMSE($): 2.7179  | spread: 28.353  | OTM/ATM/ITM: 2.433/3.306/2.931
  [VAL] ep  6500  val RMSE($): 3.1588  | spread: 36.142  | OTM/ATM/ITM: 3.002/3.803/2.890
  [VAL] ep  7000  val RMSE($): 2.9394  | spread: 32.118  | OTM/ATM/ITM: 2.787/3.421/2.878
  [VAL] ep  7500  val RMSE($): 2.6800  | spread: 26.931  | OTM/ATM/ITM: 2.465/3.172/2.801
Ep  8000/15000 | L=5.94e-01 | pde=1.21e-01 | w=1.00 | tc=9.14e-07 | w=14775.45 | bc=8.66e-06 | w=32033.61 | data=4.44e-04 | w=412.02 | lr=4.5e-04
  [VAL] ep  8000  val RMSE($): 2.7905  | spread: 28.907  | OTM/ATM/ITM: 2.587/3.400/2.724
  [VAL] ep  8500  val RMSE($): 2.8420  | spread: 30.114  | OTM/ATM/ITM: 2.555/3.608/2.830
  [VAL] ep  9000  val RMSE($): 3.2218  | spread: 35.257  | OTM/ATM/ITM: 2.950/3.951/3.229
  [VAL] ep  9500  val RMSE($): 2.7562  | spread: 27.965  | OTM/ATM/ITM: 2.588/3.211/2.779
Ep 10000/15000 | L=3.52e-01 | pde=8.73e-02 | w=1.00 | tc=2.14e-06 | w=12236.87 | bc=1.38e-06 | w=26730.70 | data=3.84e-04 | w=524.17 | lr=2.6e-04
  [VAL] ep 10000  val RMSE($): 2.7851  | spread: 27.933  | OTM/ATM/ITM: 2.589/3.280/2.846
  [VAL] ep 10500  val RMSE($): 2.8237  | spread: 28.684  | OTM/ATM/ITM: 2.640/3.331/2.830
  [VAL] ep 11000  val RMSE($): 2.7798  | spread: 27.980  | OTM/ATM/ITM: 2.693/3.160/2.621
  [VAL] ep 11500  val RMSE($): 2.8619  | spread: 28.815  | OTM/ATM/ITM: 2.709/3.357/2.782
Ep 12000/15000 | L=4.36e-01 | pde=1.22e-01 | w=1.00 | tc=2.36e-07 | w=11945.51 | bc=3.61e-07 | w=23977.00 | data=3.50e-04 | w=863.13 | lr=1.0e-04
  [VAL] ep 12000  val RMSE($): 2.8534  | spread: 28.151  | OTM/ATM/ITM: 2.707/3.333/2.773
  [VAL] ep 12500  val RMSE($): 2.8750  | spread: 28.814  | OTM/ATM/ITM: 2.732/3.373/2.758
  [VAL] ep 13000  val RMSE($): 2.8718  | spread: 28.861  | OTM/ATM/ITM: 2.715/3.375/2.795
  [VAL] ep 13500  val RMSE($): 2.8339  | spread: 27.981  | OTM/ATM/ITM: 2.671/3.342/2.769
Ep 14000/15000 | L=4.39e-01 | pde=9.50e-02 | w=1.00 | tc=6.92e-08 | w=12596.88 | bc=3.27e-08 | w=26142.52 | data=3.35e-04 | w=1020.82 | lr=2.1e-05
  [VAL] ep 14000  val RMSE($): 2.8627  | spread: 28.434  | OTM/ATM/ITM: 2.714/3.370/2.751
  [VAL] ep 14500  val RMSE($): 2.8571  | spread: 28.367  | OTM/ATM/ITM: 2.714/3.352/2.744
  [VAL] ep 15000  val RMSE($): 2.8622  | spread: 28.383  | OTM/ATM/ITM: 2.710/3.368/2.765

Restored model to val-best epoch 4500 (val rmse_mkt=2.283771)

Training complete in 327.9s
REPORTED (val-best) test RMSE($): 3.0025  | spread: 46.534  | OTM/ATM/ITM: 3.081/3.177/2.279
  → REPORTED test RMSE vs Market: $3.00 (val-best epoch: 4500)

============================================================
FOLD 3/9: Jun2020
  Train: start → 2020-06-01  |  Test: 2020-06-01 → 2020-07-01
============================================================
  Train: 18,778  Val: 3,188  Test: 3,265
  σ_fixed: 0.7756
Training: mode=hybrid, epochs=15000, lr=0.001
  Architecture: Modified MLP + RWF (μ=0.75)
  Pricing net params: 37,698
  Loss terms: ['pde', 'tc', 'bc', 'data']
  Data loss WARMUP: epochs 1..5000 run as physics-only
======================================================================
Ep     1/15000 | L=5.62e+06 | pde=4.36e+06 | w=1.00 | tc=9.08e+00 | w=35611.17 | bc=1.06e+01 | w=88691.75 | lr=1.0e-03
  [VAL] ep   500  val RMSE($): 22.0872  | spread: 209.450  | OTM/ATM/ITM: 25.929/15.641/7.686 ★
  [VAL] ep  1000  val RMSE($): 11.2942  | spread: 149.454  | OTM/ATM/ITM: 13.097/8.537/4.480 ★
  [VAL] ep  1500  val RMSE($): 4.4460  | spread: 47.336  | OTM/ATM/ITM: 5.066/3.520/2.326 ★
Ep  2000/15000 | L=3.45e+01 | pde=4.01e+00 | w=1.00 | tc=7.71e-04 | w=29357.23 | bc=1.06e-04 | w=73770.02 | lr=9.6e-04
  [VAL] ep  2000  val RMSE($): 7.2174  | spread: 113.657  | OTM/ATM/ITM: 7.693/7.131/4.757
  [VAL] ep  2500  val RMSE($): 3.1419  | spread: 39.366  | OTM/ATM/ITM: 3.361/2.985/2.261 ★
  [VAL] ep  3000  val RMSE($): 3.1434  | spread: 42.288  | OTM/ATM/ITM: 3.557/2.303/2.216
  [VAL] ep  3500  val RMSE($): 2.2536  | spread: 21.562  | OTM/ATM/ITM: 2.510/1.786/1.634 ★
Ep  4000/15000 | L=8.76e+00 | pde=1.22e+00 | w=1.00 | tc=1.84e-05 | w=24727.11 | bc=1.17e-04 | w=60494.26 | lr=8.4e-04
  [VAL] ep  4000  val RMSE($): 2.4315  | spread: 25.420  | OTM/ATM/ITM: 2.658/2.178/1.631
  [VAL] ep  4500  val RMSE($): 2.7792  | spread: 32.544  | OTM/ATM/ITM: 3.178/2.120/1.537
  [VAL] ep  5000  val RMSE($): 2.5951  | spread: 28.461  | OTM/ATM/ITM: 2.845/2.330/1.675
  [warmup→hybrid] data loss activated at ep 5001; λ_data init=1.00
  [VAL] ep  5500  val RMSE($): 3.3631  | spread: 46.033  | OTM/ATM/ITM: 3.684/3.152/1.867
Ep  6000/15000 | L=1.87e+00 | pde=1.61e-01 | w=1.00 | tc=5.90e-05 | w=20718.88 | bc=8.49e-06 | w=49633.48 | data=1.16e-03 | w=58.21 | lr=6.6e-04
  [VAL] ep  6000  val RMSE($): 3.0790  | spread: 37.399  | OTM/ATM/ITM: 3.087/3.358/2.529
  [VAL] ep  6500  val RMSE($): 2.7918  | spread: 37.355  | OTM/ATM/ITM: 2.796/3.262/1.773
  [VAL] ep  7000  val RMSE($): 2.2518  | spread: 24.931  | OTM/ATM/ITM: 2.454/2.022/1.559 ★
  [VAL] ep  7500  val RMSE($): 2.0168  | spread: 28.281  | OTM/ATM/ITM: 2.032/2.248/1.490 ★
Ep  8000/15000 | L=8.54e-01 | pde=2.50e-01 | w=1.00 | tc=1.31e-05 | w=17751.76 | bc=4.65e-06 | w=41005.91 | data=5.71e-04 | w=317.66 | lr=4.5e-04
  [VAL] ep  8000  val RMSE($): 2.3106  | spread: 33.381  | OTM/ATM/ITM: 2.197/2.742/2.032
  [VAL] ep  8500  val RMSE($): 1.6548  | spread: 21.614  | OTM/ATM/ITM: 1.609/1.906/1.403 ★
  [VAL] ep  9000  val RMSE($): 2.0992  | spread: 31.524  | OTM/ATM/ITM: 2.111/2.353/1.544
  [VAL] ep  9500  val RMSE($): 2.0014  | spread: 28.731  | OTM/ATM/ITM: 1.934/2.340/1.687
Ep 10000/15000 | L=4.24e-01 | pde=1.16e-01 | w=1.00 | tc=3.34e-06 | w=14791.60 | bc=1.15e-06 | w=34263.76 | data=4.47e-04 | w=489.57 | lr=2.6e-04
  [VAL] ep 10000  val RMSE($): 2.1011  | spread: 31.944  | OTM/ATM/ITM: 2.102/2.363/1.591
  [VAL] ep 10500  val RMSE($): 1.9534  | spread: 28.941  | OTM/ATM/ITM: 1.828/2.387/1.708
  [VAL] ep 11000  val RMSE($): 2.0286  | spread: 30.721  | OTM/ATM/ITM: 1.986/2.337/1.653
  [VAL] ep 11500  val RMSE($): 1.8377  | spread: 26.933  | OTM/ATM/ITM: 1.790/2.131/1.510
Ep 12000/15000 | L=4.37e-01 | pde=1.32e-01 | w=1.00 | tc=7.26e-07 | w=12695.56 | bc=4.99e-07 | w=29391.90 | data=4.14e-04 | w=679.05 | lr=1.0e-04
  [VAL] ep 12000  val RMSE($): 1.9818  | spread: 29.693  | OTM/ATM/ITM: 1.925/2.303/1.646
  [VAL] ep 12500  val RMSE($): 2.0261  | spread: 29.282  | OTM/ATM/ITM: 1.950/2.374/1.734
  [VAL] ep 13000  val RMSE($): 1.9921  | spread: 29.798  | OTM/ATM/ITM: 1.882/2.397/1.737
  [VAL] ep 13500  val RMSE($): 2.0264  | spread: 30.560  | OTM/ATM/ITM: 1.914/2.446/1.755
Ep 14000/15000 | L=4.32e-01 | pde=1.24e-01 | w=1.00 | tc=7.09e-08 | w=14411.43 | bc=3.41e-08 | w=30177.78 | data=3.85e-04 | w=793.86 | lr=2.1e-05
  [VAL] ep 14000  val RMSE($): 2.0025  | spread: 30.015  | OTM/ATM/ITM: 1.884/2.422/1.758
  [VAL] ep 14500  val RMSE($): 1.9898  | spread: 29.853  | OTM/ATM/ITM: 1.878/2.398/1.739
  [VAL] ep 15000  val RMSE($): 2.0078  | spread: 30.189  | OTM/ATM/ITM: 1.889/2.431/1.759

Restored model to val-best epoch 8500 (val rmse_mkt=1.654849)

Training complete in 326.5s
REPORTED (val-best) test RMSE($): 2.1281  | spread: 23.706  | OTM/ATM/ITM: 1.942/2.461/2.257
  → REPORTED test RMSE vs Market: $2.13 (val-best epoch: 8500)

============================================================
FOLD 4/9: Jul2020
  Train: start → 2020-07-01  |  Test: 2020-07-01 → 2020-08-01
============================================================
  Train: 21,966  Val: 3,265  Test: 5,083
  σ_fixed: 0.7376
Training: mode=hybrid, epochs=15000, lr=0.001
  Architecture: Modified MLP + RWF (μ=0.75)
  Pricing net params: 37,698
  Loss terms: ['pde', 'tc', 'bc', 'data']
  Data loss WARMUP: epochs 1..5000 run as physics-only
======================================================================
Ep     1/15000 | L=4.60e+06 | pde=3.57e+06 | w=1.00 | tc=9.08e+00 | w=29120.33 | bc=1.06e+01 | w=72464.48 | lr=1.0e-03
  [VAL] ep   500  val RMSE($): 28.4378  | spread: 261.348  | OTM/ATM/ITM: 32.045/25.195/18.311 ★
  [VAL] ep  1000  val RMSE($): 10.6373  | spread: 121.765  | OTM/ATM/ITM: 11.950/8.775/7.963 ★
  [VAL] ep  1500  val RMSE($): 20.6096  | spread: 371.079  | OTM/ATM/ITM: 25.775/11.028/5.963
Ep  2000/15000 | L=3.38e+01 | pde=3.76e+00 | w=1.00 | tc=1.00e-03 | w=23949.15 | bc=1.02e-04 | w=59960.98 | lr=9.6e-04
  [VAL] ep  2000  val RMSE($): 7.8763  | spread: 116.760  | OTM/ATM/ITM: 7.085/7.794/10.013 ★
  [VAL] ep  2500  val RMSE($): 3.9140  | spread: 58.528  | OTM/ATM/ITM: 4.475/3.285/2.451 ★
  [VAL] ep  3000  val RMSE($): 2.8288  | spread: 33.462  | OTM/ATM/ITM: 3.020/2.561/2.495 ★
  [VAL] ep  3500  val RMSE($): 2.3031  | spread: 20.169  | OTM/ATM/ITM: 2.493/1.891/2.121 ★
Ep  4000/15000 | L=3.79e+00 | pde=4.38e-01 | w=1.00 | tc=6.94e-06 | w=20075.79 | bc=6.53e-05 | w=49100.09 | lr=8.4e-04
  [VAL] ep  4000  val RMSE($): 2.8044  | spread: 26.577  | OTM/ATM/ITM: 2.939/2.818/2.320
  [VAL] ep  4500  val RMSE($): 3.0604  | spread: 35.336  | OTM/ATM/ITM: 3.130/3.328/2.458
  [VAL] ep  5000  val RMSE($): 2.8021  | spread: 29.586  | OTM/ATM/ITM: 2.851/2.939/2.466
  [warmup→hybrid] data loss activated at ep 5001; λ_data init=1.00
  [VAL] ep  5500  val RMSE($): 3.5607  | spread: 42.939  | OTM/ATM/ITM: 3.305/4.210/3.499
Ep  6000/15000 | L=2.32e+00 | pde=5.85e-01 | w=1.00 | tc=7.78e-06 | w=17809.73 | bc=3.53e-05 | w=40608.89 | data=7.19e-04 | w=219.60 | lr=6.6e-04
  [VAL] ep  6000  val RMSE($): 2.7114  | spread: 23.804  | OTM/ATM/ITM: 2.673/2.941/2.547
  [VAL] ep  6500  val RMSE($): 2.3472  | spread: 35.155  | OTM/ATM/ITM: 2.534/2.205/1.853
  [VAL] ep  7000  val RMSE($): 2.1873  | spread: 29.432  | OTM/ATM/ITM: 2.363/1.799/2.025 ★
  [VAL] ep  7500  val RMSE($): 2.3961  | spread: 35.379  | OTM/ATM/ITM: 2.430/2.703/1.847
Ep  8000/15000 | L=7.95e-01 | pde=2.65e-01 | w=1.00 | tc=3.99e-06 | w=15756.92 | bc=6.50e-06 | w=34331.74 | data=3.59e-04 | w=678.45 | lr=4.5e-04
  [VAL] ep  8000  val RMSE($): 2.4772  | spread: 33.731  | OTM/ATM/ITM: 2.069/3.300/2.520
  [VAL] ep  8500  val RMSE($): 2.7702  | spread: 39.582  | OTM/ATM/ITM: 2.523/3.397/2.688
  [VAL] ep  9000  val RMSE($): 2.6573  | spread: 36.922  | OTM/ATM/ITM: 2.349/3.357/2.633
  [VAL] ep  9500  val RMSE($): 2.2504  | spread: 30.988  | OTM/ATM/ITM: 2.210/2.584/1.934
Ep 10000/15000 | L=4.49e-01 | pde=9.69e-02 | w=1.00 | tc=1.36e-06 | w=13134.72 | bc=2.55e-06 | w=28735.28 | data=3.29e-04 | w=792.56 | lr=2.6e-04
  [VAL] ep 10000  val RMSE($): 2.3389  | spread: 31.663  | OTM/ATM/ITM: 2.110/2.939/2.221
  [VAL] ep 10500  val RMSE($): 2.2261  | spread: 29.969  | OTM/ATM/ITM: 2.120/2.609/2.055
  [VAL] ep 11000  val RMSE($): 1.8852  | spread: 22.909  | OTM/ATM/ITM: 1.792/2.180/1.794 ★
  [VAL] ep 11500  val RMSE($): 2.2572  | spread: 29.963  | OTM/ATM/ITM: 2.101/2.755/2.075
Ep 12000/15000 | L=4.33e-01 | pde=1.02e-01 | w=1.00 | tc=3.41e-07 | w=11508.08 | bc=6.50e-07 | w=25105.58 | data=3.21e-04 | w=967.99 | lr=1.0e-04
  [VAL] ep 12000  val RMSE($): 2.1840  | spread: 28.730  | OTM/ATM/ITM: 1.998/2.679/2.090
  [VAL] ep 12500  val RMSE($): 2.2799  | spread: 30.056  | OTM/ATM/ITM: 2.134/2.749/2.109
  [VAL] ep 13000  val RMSE($): 2.2398  | spread: 29.055  | OTM/ATM/ITM: 2.022/2.793/2.156
  [VAL] ep 13500  val RMSE($): 2.2588  | spread: 29.353  | OTM/ATM/ITM: 2.099/2.744/2.105
Ep 14000/15000 | L=5.07e-01 | pde=1.43e-01 | w=1.00 | tc=2.24e-07 | w=13777.03 | bc=5.93e-07 | w=23632.57 | data=3.14e-04 | w=1105.66 | lr=2.1e-05
  [VAL] ep 14000  val RMSE($): 2.2523  | spread: 29.354  | OTM/ATM/ITM: 2.077/2.752/2.123
  [VAL] ep 14500  val RMSE($): 2.2572  | spread: 29.183  | OTM/ATM/ITM: 2.080/2.749/2.148
  [VAL] ep 15000  val RMSE($): 2.2583  | spread: 29.314  | OTM/ATM/ITM: 2.094/2.735/2.131

Restored model to val-best epoch 11000 (val rmse_mkt=1.885195)

Training complete in 321.3s
REPORTED (val-best) test RMSE($): 9.8982  | spread: 28.556  | OTM/ATM/ITM: 10.350/9.897/8.355
  → REPORTED test RMSE vs Market: $9.90 (val-best epoch: 11000)

============================================================
FOLD 5/9: Aug2020
  Train: start → 2020-08-01  |  Test: 2020-08-01 → 2020-09-01
============================================================
  Train: 25,231  Val: 5,083  Test: 5,167
  σ_fixed: 0.7117
Training: mode=hybrid, epochs=15000, lr=0.001
  Architecture: Modified MLP + RWF (μ=0.75)
  Pricing net params: 37,698
  Loss terms: ['pde', 'tc', 'bc', 'data']
  Data loss WARMUP: epochs 1..5000 run as physics-only
======================================================================
Ep     1/15000 | L=4.05e+06 | pde=3.13e+06 | w=1.00 | tc=9.12e+00 | w=25825.60 | bc=1.06e+01 | w=64550.01 | lr=1.0e-03
  [VAL] ep   500  val RMSE($): 48.3836  | spread: 119.118  | OTM/ATM/ITM: 55.723/38.744/26.871 ★
  [VAL] ep  1000  val RMSE($): 20.1397  | spread: 179.195  | OTM/ATM/ITM: 23.359/15.518/10.879 ★
  [VAL] ep  1500  val RMSE($): 8.0816  | spread: 71.145  | OTM/ATM/ITM: 8.076/8.341/7.864 ★
Ep  2000/15000 | L=4.30e+01 | pde=4.41e+00 | w=1.00 | tc=1.25e-03 | w=21228.27 | bc=2.24e-04 | w=53525.96 | lr=9.6e-04
  [VAL] ep  2000  val RMSE($): 8.4251  | spread: 90.256  | OTM/ATM/ITM: 9.325/6.943/6.458
  [VAL] ep  2500  val RMSE($): 8.8422  | spread: 89.331  | OTM/ATM/ITM: 9.105/7.254/9.275
  [VAL] ep  3000  val RMSE($): 9.3403  | spread: 76.278  | OTM/ATM/ITM: 10.144/8.129/7.585
  [VAL] ep  3500  val RMSE($): 8.5978  | spread: 41.937  | OTM/ATM/ITM: 8.531/8.810/8.616
Ep  4000/15000 | L=4.21e+00 | pde=4.30e-01 | w=1.00 | tc=3.86e-05 | w=17550.77 | bc=7.09e-05 | w=43787.88 | lr=8.4e-04
  [VAL] ep  4000  val RMSE($): 10.3871  | spread: 52.362  | OTM/ATM/ITM: 11.144/10.098/7.929
  [VAL] ep  4500  val RMSE($): 8.4660  | spread: 31.727  | OTM/ATM/ITM: 8.779/8.027/7.833
  [VAL] ep  5000  val RMSE($): 9.4922  | spread: 38.185  | OTM/ATM/ITM: 10.095/9.071/7.781
  [warmup→hybrid] data loss activated at ep 5001; λ_data init=1.00
  [VAL] ep  5500  val RMSE($): 7.4854  | spread: 29.326  | OTM/ATM/ITM: 7.736/7.300/6.833 ★
Ep  6000/15000 | L=1.97e+00 | pde=2.30e-01 | w=1.00 | tc=1.29e-05 | w=14765.30 | bc=4.20e-05 | w=35812.25 | data=5.75e-04 | w=86.70 | lr=6.6e-04
  [VAL] ep  6000  val RMSE($): 8.7679  | spread: 31.699  | OTM/ATM/ITM: 8.624/9.526/8.513
  [VAL] ep  6500  val RMSE($): 8.8744  | spread: 30.072  | OTM/ATM/ITM: 9.122/8.916/8.025
  [VAL] ep  7000  val RMSE($): 9.2501  | spread: 29.459  | OTM/ATM/ITM: 9.352/9.451/8.742
  [VAL] ep  7500  val RMSE($): 8.6614  | spread: 28.885  | OTM/ATM/ITM: 8.749/8.623/8.420
Ep  8000/15000 | L=1.15e+00 | pde=2.33e-01 | w=1.00 | tc=1.76e-05 | w=12265.86 | bc=1.92e-05 | w=29652.01 | data=3.94e-04 | w=342.58 | lr=4.5e-04
  [VAL] ep  8000  val RMSE($): 8.9965  | spread: 29.555  | OTM/ATM/ITM: 9.515/8.435/7.741
  [VAL] ep  8500  val RMSE($): 9.1850  | spread: 28.393  | OTM/ATM/ITM: 9.634/8.954/7.876
  [VAL] ep  9000  val RMSE($): 9.3732  | spread: 28.790  | OTM/ATM/ITM: 9.791/9.227/8.097
  [VAL] ep  9500  val RMSE($): 9.8804  | spread: 29.972  | OTM/ATM/ITM: 10.457/9.608/8.133
Ep 10000/15000 | L=3.41e-01 | pde=8.83e-02 | w=1.00 | tc=3.79e-07 | w=10578.78 | bc=3.16e-06 | w=24653.43 | data=3.41e-04 | w=501.10 | lr=2.6e-04
  [VAL] ep 10000  val RMSE($): 9.7084  | spread: 28.532  | OTM/ATM/ITM: 10.182/9.488/8.302
  [VAL] ep 10500  val RMSE($): 9.8759  | spread: 28.802  | OTM/ATM/ITM: 10.436/9.582/8.215
  [VAL] ep 11000  val RMSE($): 9.7658  | spread: 28.296  | OTM/ATM/ITM: 10.289/9.531/8.184
  [VAL] ep 11500  val RMSE($): 9.7736  | spread: 28.398  | OTM/ATM/ITM: 10.269/9.541/8.297
Ep 12000/15000 | L=3.62e-01 | pde=9.48e-02 | w=1.00 | tc=4.69e-07 | w=9792.72 | bc=2.38e-07 | w=22470.54 | data=3.02e-04 | w=851.82 | lr=1.0e-04
  [VAL] ep 12000  val RMSE($): 9.7875  | spread: 28.251  | OTM/ATM/ITM: 10.204/9.757/8.408
  [VAL] ep 12500  val RMSE($): 9.9489  | spread: 28.118  | OTM/ATM/ITM: 10.408/9.865/8.467
  [VAL] ep 13000  val RMSE($): 10.2889  | spread: 29.086  | OTM/ATM/ITM: 10.815/10.311/8.442
  [VAL] ep 13500  val RMSE($): 9.9000  | spread: 28.212  | OTM/ATM/ITM: 10.359/9.813/8.419
Ep 14000/15000 | L=3.82e-01 | pde=7.97e-02 | w=1.00 | tc=9.48e-08 | w=11891.22 | bc=7.61e-07 | w=21026.04 | data=2.96e-04 | w=962.79 | lr=2.1e-05
  [VAL] ep 14000  val RMSE($): 9.9103  | spread: 28.592  | OTM/ATM/ITM: 10.362/9.837/8.443
  [VAL] ep 14500  val RMSE($): 9.9456  | spread: 28.280  | OTM/ATM/ITM: 10.400/9.857/8.484
  [VAL] ep 15000  val RMSE($): 9.9395  | spread: 28.152  | OTM/ATM/ITM: 10.411/9.832/8.433

Restored model to val-best epoch 5500 (val rmse_mkt=7.485432)

Training complete in 320.5s
REPORTED (val-best) test RMSE($): 5.5941  | spread: 50.344  | OTM/ATM/ITM: 5.747/5.163/5.653
  → REPORTED test RMSE vs Market: $5.59 (val-best epoch: 5500)

============================================================
FOLD 6/9: Sep2020
  Train: start → 2020-09-01  |  Test: 2020-09-01 → 2020-10-01
============================================================
  Train: 30,314  Val: 5,167  Test: 6,361
  σ_fixed: 0.7325
Training: mode=hybrid, epochs=15000, lr=0.001
  Architecture: Modified MLP + RWF (μ=0.75)
  Pricing net params: 37,698
  Loss terms: ['pde', 'tc', 'bc', 'data']
  Data loss WARMUP: epochs 1..5000 run as physics-only
======================================================================
Ep     1/15000 | L=4.54e+06 | pde=3.51e+06 | w=1.00 | tc=9.11e+00 | w=28981.67 | bc=1.06e+01 | w=72444.18 | lr=1.0e-03
  [VAL] ep   500  val RMSE($): 74.7847  | spread: 254.027  | OTM/ATM/ITM: 87.558/61.968/54.414 ★
  [VAL] ep  1000  val RMSE($): 23.1699  | spread: 185.171  | OTM/ATM/ITM: 28.087/17.888/14.847 ★
  [VAL] ep  1500  val RMSE($): 10.3394  | spread: 101.902  | OTM/ATM/ITM: 12.704/6.212/7.599 ★
Ep  2000/15000 | L=2.77e+01 | pde=2.94e+00 | w=1.00 | tc=2.46e-04 | w=24106.05 | bc=3.16e-04 | w=59570.16 | lr=9.6e-04
  [VAL] ep  2000  val RMSE($): 10.1486  | spread: 134.015  | OTM/ATM/ITM: 11.999/6.310/8.756 ★
  [VAL] ep  2500  val RMSE($): 11.2337  | spread: 86.953  | OTM/ATM/ITM: 9.580/13.090/12.468
  [VAL] ep  3000  val RMSE($): 5.0762  | spread: 39.559  | OTM/ATM/ITM: 5.117/4.631/5.366 ★
  [VAL] ep  3500  val RMSE($): 6.4822  | spread: 32.608  | OTM/ATM/ITM: 7.284/4.517/6.251
Ep  4000/15000 | L=4.22e+00 | pde=5.94e-01 | w=1.00 | tc=1.46e-04 | w=19773.65 | bc=1.50e-05 | w=49067.55 | lr=8.4e-04
  [VAL] ep  4000  val RMSE($): 5.7498  | spread: 46.772  | OTM/ATM/ITM: 5.952/5.694/5.369
  [VAL] ep  4500  val RMSE($): 6.6820  | spread: 88.392  | OTM/ATM/ITM: 7.772/4.505/5.880
  [VAL] ep  5000  val RMSE($): 4.7434  | spread: 26.910  | OTM/ATM/ITM: 4.606/4.453/5.245 ★
  [warmup→hybrid] data loss activated at ep 5001; λ_data init=1.00
  [VAL] ep  5500  val RMSE($): 5.1878  | spread: 26.147  | OTM/ATM/ITM: 5.515/4.694/4.917
Ep  6000/15000 | L=1.53e+00 | pde=3.58e-01 | w=1.00 | tc=1.45e-05 | w=16714.09 | bc=2.11e-05 | w=40261.80 | data=6.48e-04 | w=120.10 | lr=6.6e-04
  [VAL] ep  6000  val RMSE($): 5.2159  | spread: 32.774  | OTM/ATM/ITM: 5.129/5.367/5.252
  [VAL] ep  6500  val RMSE($): 5.6782  | spread: 24.716  | OTM/ATM/ITM: 5.717/4.840/6.267
  [VAL] ep  7000  val RMSE($): 5.9246  | spread: 25.123  | OTM/ATM/ITM: 6.078/4.934/6.407
  [VAL] ep  7500  val RMSE($): 6.0143  | spread: 35.750  | OTM/ATM/ITM: 6.197/5.716/5.899
Ep  8000/15000 | L=6.94e-01 | pde=1.81e-01 | w=1.00 | tc=5.50e-06 | w=14014.81 | bc=7.91e-06 | w=33106.73 | data=4.13e-04 | w=423.56 | lr=4.5e-04
  [VAL] ep  8000  val RMSE($): 5.8845  | spread: 24.385  | OTM/ATM/ITM: 6.134/5.193/5.953
  [VAL] ep  8500  val RMSE($): 5.9391  | spread: 24.746  | OTM/ATM/ITM: 5.975/5.397/6.320
  [VAL] ep  9000  val RMSE($): 6.0569  | spread: 24.622  | OTM/ATM/ITM: 6.242/5.491/6.161
  [VAL] ep  9500  val RMSE($): 6.2547  | spread: 31.034  | OTM/ATM/ITM: 6.319/5.735/6.564
Ep 10000/15000 | L=6.38e-01 | pde=1.86e-01 | w=1.00 | tc=5.40e-06 | w=12628.70 | bc=2.24e-06 | w=28229.15 | data=3.92e-04 | w=817.27 | lr=2.6e-04
  [VAL] ep 10000  val RMSE($): 6.4096  | spread: 22.720  | OTM/ATM/ITM: 6.359/5.950/6.891
  [VAL] ep 10500  val RMSE($): 6.2887  | spread: 26.602  | OTM/ATM/ITM: 6.374/5.742/6.578
  [VAL] ep 11000  val RMSE($): 6.3103  | spread: 27.252  | OTM/ATM/ITM: 6.413/5.787/6.546
  [VAL] ep 11500  val RMSE($): 6.6622  | spread: 27.646  | OTM/ATM/ITM: 7.051/5.883/6.507
Ep 12000/15000 | L=5.72e-01 | pde=1.37e-01 | w=1.00 | tc=1.24e-06 | w=11099.97 | bc=2.44e-07 | w=24757.08 | data=3.71e-04 | w=1118.96 | lr=1.0e-04
  [VAL] ep 12000  val RMSE($): 6.4555  | spread: 23.885  | OTM/ATM/ITM: 6.630/5.904/6.569
  [VAL] ep 12500  val RMSE($): 6.4809  | spread: 26.497  | OTM/ATM/ITM: 6.631/5.951/6.628
  [VAL] ep 13000  val RMSE($): 6.5389  | spread: 26.371  | OTM/ATM/ITM: 6.742/5.966/6.613
  [VAL] ep 13500  val RMSE($): 6.5439  | spread: 26.170  | OTM/ATM/ITM: 6.690/6.039/6.679
Ep 14000/15000 | L=6.53e-01 | pde=1.20e-01 | w=1.00 | tc=2.49e-07 | w=10871.81 | bc=1.17e-06 | w=21761.19 | data=3.80e-04 | w=1327.94 | lr=2.1e-05
  [VAL] ep 14000  val RMSE($): 6.6256  | spread: 27.046  | OTM/ATM/ITM: 6.769/6.254/6.656
  [VAL] ep 14500  val RMSE($): 6.5318  | spread: 26.619  | OTM/ATM/ITM: 6.667/6.005/6.707
  [VAL] ep 15000  val RMSE($): 6.5107  | spread: 26.489  | OTM/ATM/ITM: 6.689/5.997/6.588

Restored model to val-best epoch 5000 (val rmse_mkt=4.743412)

Training complete in 319.3s
REPORTED (val-best) test RMSE($): 14.4822  | spread: 51.509  | OTM/ATM/ITM: 13.971/15.804/14.718
  → REPORTED test RMSE vs Market: $14.48 (val-best epoch: 5000)

============================================================
FOLD 7/9: Oct2020
  Train: start → 2020-10-01  |  Test: 2020-10-01 → 2020-11-01
============================================================
  Train: 35,481  Val: 6,361  Test: 5,968
  σ_fixed: 0.7371
Training: mode=hybrid, epochs=15000, lr=0.001
  Architecture: Modified MLP + RWF (μ=0.75)
  Pricing net params: 37,698
  Loss terms: ['pde', 'tc', 'bc', 'data']
  Data loss WARMUP: epochs 1..5000 run as physics-only
======================================================================
Ep     1/15000 | L=4.66e+06 | pde=3.60e+06 | w=1.00 | tc=9.11e+00 | w=29767.26 | bc=1.06e+01 | w=74388.28 | lr=1.0e-03
  [VAL] ep   500  val RMSE($): 68.5631  | spread: 165.771  | OTM/ATM/ITM: 76.531/62.485/46.961 ★
  [VAL] ep  1000  val RMSE($): 22.6127  | spread: 135.970  | OTM/ATM/ITM: 25.305/19.237/16.605 ★
  [VAL] ep  1500  val RMSE($): 22.3966  | spread: 114.013  | OTM/ATM/ITM: 19.915/28.492/23.103 ★
Ep  2000/15000 | L=1.68e+01 | pde=3.92e+00 | w=1.00 | tc=7.58e-05 | w=24826.71 | bc=1.80e-04 | w=61223.24 | lr=9.6e-04
  [VAL] ep  2000  val RMSE($): 16.2464  | spread: 70.536  | OTM/ATM/ITM: 15.917/17.655/15.929 ★
  [VAL] ep  2500  val RMSE($): 16.2661  | spread: 62.113  | OTM/ATM/ITM: 16.077/17.344/15.863
  [VAL] ep  3000  val RMSE($): 16.3039  | spread: 71.577  | OTM/ATM/ITM: 17.667/15.549/12.627
  [VAL] ep  3500  val RMSE($): 16.7371  | spread: 74.852  | OTM/ATM/ITM: 18.036/15.993/13.308
Ep  4000/15000 | L=6.66e+00 | pde=7.37e-01 | w=1.00 | tc=4.01e-05 | w=20483.40 | bc=1.02e-04 | w=50191.27 | lr=8.4e-04
  [VAL] ep  4000  val RMSE($): 14.9121  | spread: 52.049  | OTM/ATM/ITM: 14.331/16.295/15.276 ★
  [VAL] ep  4500  val RMSE($): 15.7822  | spread: 60.586  | OTM/ATM/ITM: 16.194/16.059/14.353
  [VAL] ep  5000  val RMSE($): 12.9474  | spread: 42.978  | OTM/ATM/ITM: 12.961/13.146/12.745 ★
  [warmup→hybrid] data loss activated at ep 5001; λ_data init=1.00
  [VAL] ep  5500  val RMSE($): 14.5811  | spread: 51.516  | OTM/ATM/ITM: 14.058/16.198/14.583
Ep  6000/15000 | L=1.73e+00 | pde=1.85e-01 | w=1.00 | tc=6.24e-06 | w=16916.02 | bc=3.38e-05 | w=41367.37 | data=5.59e-04 | w=80.53 | lr=6.6e-04
  [VAL] ep  6000  val RMSE($): 14.8105  | spread: 53.351  | OTM/ATM/ITM: 13.983/16.509/15.515
  [VAL] ep  6500  val RMSE($): 15.3300  | spread: 53.155  | OTM/ATM/ITM: 15.623/15.699/14.177
  [VAL] ep  7000  val RMSE($): 16.7185  | spread: 62.356  | OTM/ATM/ITM: 16.222/18.475/16.539
  [VAL] ep  7500  val RMSE($): 14.8507  | spread: 47.441  | OTM/ATM/ITM: 14.368/16.166/15.020
Ep  8000/15000 | L=6.00e-01 | pde=1.04e-01 | w=1.00 | tc=4.99e-06 | w=13926.87 | bc=9.10e-06 | w=34260.04 | data=4.92e-04 | w=231.79 | lr=4.5e-04
  [VAL] ep  8000  val RMSE($): 15.3222  | spread: 50.900  | OTM/ATM/ITM: 15.548/15.788/14.280
  [VAL] ep  8500  val RMSE($): 15.8600  | spread: 50.749  | OTM/ATM/ITM: 16.058/16.523/14.725
  [VAL] ep  9000  val RMSE($): 15.5466  | spread: 48.686  | OTM/ATM/ITM: 15.670/16.226/14.612
  [VAL] ep  9500  val RMSE($): 16.5783  | spread: 54.494  | OTM/ATM/ITM: 16.453/17.864/15.806
Ep 10000/15000 | L=3.71e-01 | pde=1.28e-01 | w=1.00 | tc=1.54e-06 | w=11754.90 | bc=2.04e-06 | w=28171.49 | data=3.92e-04 | w=425.80 | lr=2.6e-04
  [VAL] ep 10000  val RMSE($): 15.7823  | spread: 49.126  | OTM/ATM/ITM: 15.887/16.646/14.736
  [VAL] ep 10500  val RMSE($): 16.1143  | spread: 50.000  | OTM/ATM/ITM: 16.421/16.782/14.648
  [VAL] ep 11000  val RMSE($): 15.8044  | spread: 47.629  | OTM/ATM/ITM: 15.823/16.642/15.031
  [VAL] ep 11500  val RMSE($): 16.2815  | spread: 50.180  | OTM/ATM/ITM: 16.699/16.709/14.700
Ep 12000/15000 | L=2.84e-01 | pde=6.48e-02 | w=1.00 | tc=1.02e-06 | w=9975.74 | bc=1.09e-07 | w=24437.79 | data=3.83e-04 | w=539.05 | lr=1.0e-04
  [VAL] ep 12000  val RMSE($): 16.3622  | spread: 50.642  | OTM/ATM/ITM: 16.554/17.145/15.135
  [VAL] ep 12500  val RMSE($): 16.1899  | spread: 48.973  | OTM/ATM/ITM: 16.435/16.849/14.918
  [VAL] ep 13000  val RMSE($): 16.0423  | spread: 48.567  | OTM/ATM/ITM: 16.235/16.717/14.912
  [VAL] ep 13500  val RMSE($): 16.2167  | spread: 48.599  | OTM/ATM/ITM: 16.463/16.879/14.937
Ep 14000/15000 | L=2.87e-01 | pde=5.05e-02 | w=1.00 | tc=8.77e-08 | w=9918.28 | bc=4.87e-08 | w=21915.64 | data=3.62e-04 | w=648.90 | lr=2.1e-05
  [VAL] ep 14000  val RMSE($): 16.1875  | spread: 48.792  | OTM/ATM/ITM: 16.446/16.765/14.949
  [VAL] ep 14500  val RMSE($): 16.2630  | spread: 48.969  | OTM/ATM/ITM: 16.532/16.945/14.899
  [VAL] ep 15000  val RMSE($): 16.2213  | spread: 48.519  | OTM/ATM/ITM: 16.480/16.859/14.928

Restored model to val-best epoch 5000 (val rmse_mkt=12.947422)

Training complete in 317.9s
REPORTED (val-best) test RMSE($): 5.6233  | spread: 52.706  | OTM/ATM/ITM: 5.747/6.029/4.615
  → REPORTED test RMSE vs Market: $5.62 (val-best epoch: 5000)

============================================================
FOLD 8/9: Nov2020
  Train: start → 2020-11-01  |  Test: 2020-11-01 → 2020-12-01
============================================================
  Train: 41,842  Val: 5,968  Test: 6,420
  σ_fixed: 0.7763
Training: mode=hybrid, epochs=15000, lr=0.001
  Architecture: Modified MLP + RWF (μ=0.75)
  Pricing net params: 37,698
  Loss terms: ['pde', 'tc', 'bc', 'data']
  Data loss WARMUP: epochs 1..5000 run as physics-only
======================================================================
Ep     1/15000 | L=5.73e+06 | pde=4.43e+06 | w=1.00 | tc=9.12e+00 | w=36537.39 | bc=1.06e+01 | w=91453.90 | lr=1.0e-03
  [VAL] ep   500  val RMSE($): 93.1658  | spread: 515.074  | OTM/ATM/ITM: 108.162/69.850/48.306 ★
  [VAL] ep  1000  val RMSE($): 29.6689  | spread: 131.717  | OTM/ATM/ITM: 32.093/27.210/22.591 ★
  [VAL] ep  1500  val RMSE($): 14.6995  | spread: 102.868  | OTM/ATM/ITM: 15.549/13.718/12.530 ★
Ep  2000/15000 | L=3.18e+01 | pde=3.52e+00 | w=1.00 | tc=2.17e-05 | w=31203.25 | bc=3.59e-04 | w=76849.37 | lr=9.6e-04
  [VAL] ep  2000  val RMSE($): 9.9351  | spread: 97.764  | OTM/ATM/ITM: 11.568/6.377/6.376 ★
  [VAL] ep  2500  val RMSE($): 10.1745  | spread: 82.201  | OTM/ATM/ITM: 8.158/13.191/12.410
  [VAL] ep  3000  val RMSE($): 5.8085  | spread: 44.181  | OTM/ATM/ITM: 5.935/5.531/5.662 ★
  [VAL] ep  3500  val RMSE($): 7.2740  | spread: 73.001  | OTM/ATM/ITM: 8.292/4.874/5.483
Ep  4000/15000 | L=5.60e+00 | pde=5.48e-01 | w=1.00 | tc=1.68e-05 | w=26162.07 | bc=7.28e-05 | w=63397.70 | lr=8.4e-04
  [VAL] ep  4000  val RMSE($): 5.7809  | spread: 45.590  | OTM/ATM/ITM: 6.159/5.174/5.002 ★
  [VAL] ep  4500  val RMSE($): 6.2747  | spread: 55.727  | OTM/ATM/ITM: 6.932/5.024/4.974
  [VAL] ep  5000  val RMSE($): 5.2099  | spread: 34.619  | OTM/ATM/ITM: 5.240/5.189/5.127 ★
  [warmup→hybrid] data loss activated at ep 5001; λ_data init=1.00
  [VAL] ep  5500  val RMSE($): 7.6468  | spread: 65.575  | OTM/ATM/ITM: 7.763/8.002/6.772
Ep  6000/15000 | L=1.69e+00 | pde=3.41e-01 | w=1.00 | tc=2.89e-05 | w=21584.62 | bc=8.92e-06 | w=52429.66 | data=7.00e-04 | w=366.62 | lr=6.6e-04
  [VAL] ep  6000  val RMSE($): 6.1558  | spread: 46.976  | OTM/ATM/ITM: 6.316/6.169/5.536
  [VAL] ep  6500  val RMSE($): 5.4914  | spread: 38.643  | OTM/ATM/ITM: 5.725/5.239/4.898
  [VAL] ep  7000  val RMSE($): 5.4325  | spread: 41.041  | OTM/ATM/ITM: 5.589/5.578/4.646
  [VAL] ep  7500  val RMSE($): 6.4077  | spread: 54.951  | OTM/ATM/ITM: 6.927/6.080/4.608
Ep  8000/15000 | L=1.31e+00 | pde=2.68e-01 | w=1.00 | tc=5.48e-06 | w=18509.24 | bc=9.05e-06 | w=44205.10 | data=5.04e-04 | w=1074.41 | lr=4.5e-04
  [VAL] ep  8000  val RMSE($): 5.6284  | spread: 40.813  | OTM/ATM/ITM: 6.024/5.252/4.479
  [VAL] ep  8500  val RMSE($): 5.2352  | spread: 32.115  | OTM/ATM/ITM: 5.531/4.951/4.409
  [VAL] ep  9000  val RMSE($): 5.6903  | spread: 36.425  | OTM/ATM/ITM: 6.056/5.295/4.703
  [VAL] ep  9500  val RMSE($): 5.8084  | spread: 43.986  | OTM/ATM/ITM: 6.211/5.309/4.790
Ep 10000/15000 | L=1.01e+00 | pde=1.44e-01 | w=1.00 | tc=1.09e-06 | w=15921.62 | bc=3.68e-06 | w=36796.47 | data=5.08e-04 | w=1402.44 | lr=2.6e-04
  [VAL] ep 10000  val RMSE($): 5.8683  | spread: 41.024  | OTM/ATM/ITM: 6.099/5.986/4.809
  [VAL] ep 10500  val RMSE($): 6.0053  | spread: 41.677  | OTM/ATM/ITM: 6.229/6.108/5.000
  [VAL] ep 11000  val RMSE($): 5.8627  | spread: 38.664  | OTM/ATM/ITM: 6.091/5.858/4.979
  [VAL] ep 11500  val RMSE($): 5.8730  | spread: 39.547  | OTM/ATM/ITM: 6.162/5.758/4.871
Ep 12000/15000 | L=1.01e+00 | pde=1.36e-01 | w=1.00 | tc=1.90e-07 | w=14443.41 | bc=6.15e-07 | w=31173.88 | data=4.90e-04 | w=1736.61 | lr=1.0e-04
  [VAL] ep 12000  val RMSE($): 5.8743  | spread: 39.724  | OTM/ATM/ITM: 6.133/5.812/4.938
  [VAL] ep 12500  val RMSE($): 6.2283  | spread: 52.155  | OTM/ATM/ITM: 6.600/6.016/4.992
  [VAL] ep 13000  val RMSE($): 6.1409  | spread: 41.058  | OTM/ATM/ITM: 6.347/6.263/5.185
  [VAL] ep 13500  val RMSE($): 6.0700  | spread: 42.479  | OTM/ATM/ITM: 6.294/6.177/5.056
Ep 14000/15000 | L=1.06e+00 | pde=1.65e-01 | w=1.00 | tc=9.66e-08 | w=15027.02 | bc=8.47e-08 | w=29943.81 | data=4.80e-04 | w=1862.13 | lr=2.1e-05
  [VAL] ep 14000  val RMSE($): 5.9206  | spread: 39.712  | OTM/ATM/ITM: 6.118/6.000/5.059
  [VAL] ep 14500  val RMSE($): 5.9912  | spread: 40.780  | OTM/ATM/ITM: 6.234/6.008/5.020
  [VAL] ep 15000  val RMSE($): 6.0447  | spread: 40.941  | OTM/ATM/ITM: 6.296/6.049/5.051

Restored model to val-best epoch 5000 (val rmse_mkt=5.209928)

Training complete in 322.3s
REPORTED (val-best) test RMSE($): 7.5366  | spread: 39.352  | OTM/ATM/ITM: 7.480/9.543/5.947
  → REPORTED test RMSE vs Market: $7.54 (val-best epoch: 5000)

============================================================
FOLD 9/9: Dec2020
  Train: start → 2020-12-01  |  Test: 2020-12-01 → 2021-01-01
============================================================
  Train: 47,810  Val: 6,420  Test: 5,438
  σ_fixed: 0.7719
Training: mode=hybrid, epochs=15000, lr=0.001
  Architecture: Modified MLP + RWF (μ=0.75)
  Pricing net params: 37,698
  Loss terms: ['pde', 'tc', 'bc', 'data']
  Data loss WARMUP: epochs 1..5000 run as physics-only
======================================================================
Ep     1/15000 | L=5.60e+06 | pde=4.33e+06 | w=1.00 | tc=9.11e+00 | w=35733.97 | bc=1.06e+01 | w=89384.72 | lr=1.0e-03
  [VAL] ep   500  val RMSE($): 98.4083  | spread: 422.775  | OTM/ATM/ITM: 109.997/100.867/63.115 ★
  [VAL] ep  1000  val RMSE($): 34.2997  | spread: 207.328  | OTM/ATM/ITM: 37.627/33.852/25.794 ★
  [VAL] ep  1500  val RMSE($): 27.2053  | spread: 254.266  | OTM/ATM/ITM: 29.626/27.902/20.206 ★
Ep  2000/15000 | L=2.98e+01 | pde=3.73e+00 | w=1.00 | tc=5.84e-05 | w=29733.10 | bc=3.32e-04 | w=73214.97 | lr=9.6e-04
  [VAL] ep  2000  val RMSE($): 12.7509  | spread: 112.358  | OTM/ATM/ITM: 13.503/13.327/10.416 ★
  [VAL] ep  2500  val RMSE($): 11.8098  | spread: 91.953  | OTM/ATM/ITM: 12.299/10.812/11.341 ★
  [VAL] ep  3000  val RMSE($): 8.2125  | spread: 74.838  | OTM/ATM/ITM: 8.559/8.381/7.255 ★
  [VAL] ep  3500  val RMSE($): 8.2765  | spread: 60.877  | OTM/ATM/ITM: 8.571/8.374/7.509
Ep  4000/15000 | L=6.85e+00 | pde=5.18e-01 | w=1.00 | tc=2.15e-05 | w=24546.31 | bc=9.71e-05 | w=59760.59 | lr=8.4e-04
  [VAL] ep  4000  val RMSE($): 7.7765  | spread: 62.170  | OTM/ATM/ITM: 8.116/8.775/6.102 ★
  [VAL] ep  4500  val RMSE($): 7.7177  | spread: 45.768  | OTM/ATM/ITM: 7.857/8.893/6.440 ★
  [VAL] ep  5000  val RMSE($): 8.7167  | spread: 57.593  | OTM/ATM/ITM: 8.956/9.960/7.126
  [warmup→hybrid] data loss activated at ep 5001; λ_data init=1.00
  [VAL] ep  5500  val RMSE($): 9.3633  | spread: 73.021  | OTM/ATM/ITM: 9.778/10.603/7.292
Ep  6000/15000 | L=2.36e+00 | pde=3.78e-01 | w=1.00 | tc=6.41e-05 | w=20160.07 | bc=1.28e-05 | w=49046.11 | data=6.90e-04 | w=83.29 | lr=6.6e-04
  [VAL] ep  6000  val RMSE($): 7.8685  | spread: 50.551  | OTM/ATM/ITM: 8.562/7.670/6.219
  [VAL] ep  6500  val RMSE($): 7.1757  | spread: 45.046  | OTM/ATM/ITM: 7.519/8.240/5.397 ★
  [VAL] ep  7000  val RMSE($): 6.7269  | spread: 35.381  | OTM/ATM/ITM: 6.893/7.257/5.932 ★
  [VAL] ep  7500  val RMSE($): 6.6069  | spread: 45.385  | OTM/ATM/ITM: 6.649/7.502/5.816 ★
Ep  8000/15000 | L=8.00e-01 | pde=1.85e-01 | w=1.00 | tc=6.10e-06 | w=16707.37 | bc=6.16e-06 | w=40364.01 | data=5.27e-04 | w=500.88 | lr=4.5e-04
  [VAL] ep  8000  val RMSE($): 6.2080  | spread: 35.564  | OTM/ATM/ITM: 6.154/7.324/5.454 ★
  [VAL] ep  8500  val RMSE($): 5.8139  | spread: 33.122  | OTM/ATM/ITM: 6.006/6.862/4.439 ★
  [VAL] ep  9000  val RMSE($): 6.7523  | spread: 46.450  | OTM/ATM/ITM: 6.877/8.171/5.236
  [VAL] ep  9500  val RMSE($): 7.1620  | spread: 46.249  | OTM/ATM/ITM: 6.817/8.965/6.499
Ep 10000/15000 | L=6.51e-01 | pde=7.46e-02 | w=1.00 | tc=2.94e-06 | w=14874.28 | bc=1.34e-06 | w=33636.46 | data=4.80e-04 | w=1014.59 | lr=2.6e-04
  [VAL] ep 10000  val RMSE($): 6.5885  | spread: 40.650  | OTM/ATM/ITM: 6.477/7.871/5.833
  [VAL] ep 10500  val RMSE($): 6.9125  | spread: 48.820  | OTM/ATM/ITM: 7.143/8.179/5.253
  [VAL] ep 11000  val RMSE($): 6.3596  | spread: 39.833  | OTM/ATM/ITM: 6.579/7.488/4.847
  [VAL] ep 11500  val RMSE($): 6.5629  | spread: 43.109  | OTM/ATM/ITM: 6.734/7.826/5.064
Ep 12000/15000 | L=7.05e-01 | pde=1.09e-01 | w=1.00 | tc=8.18e-07 | w=12485.80 | bc=7.21e-07 | w=28944.67 | data=4.65e-04 | w=1215.33 | lr=1.0e-04
  [VAL] ep 12000  val RMSE($): 6.4988  | spread: 41.804  | OTM/ATM/ITM: 6.616/7.680/5.238
  [VAL] ep 12500  val RMSE($): 6.7048  | spread: 43.835  | OTM/ATM/ITM: 6.751/8.146/5.386
  [VAL] ep 13000  val RMSE($): 6.7262  | spread: 45.063  | OTM/ATM/ITM: 6.878/7.994/5.288
  [VAL] ep 13500  val RMSE($): 6.7182  | spread: 44.260  | OTM/ATM/ITM: 6.823/8.082/5.314
Ep 14000/15000 | L=6.96e-01 | pde=9.36e-02 | w=1.00 | tc=2.20e-07 | w=12438.20 | bc=8.61e-08 | w=26584.98 | data=4.26e-04 | w=1401.72 | lr=2.1e-05
  [VAL] ep 14000  val RMSE($): 6.7264  | spread: 43.918  | OTM/ATM/ITM: 6.768/8.167/5.421
  [VAL] ep 14500  val RMSE($): 6.7937  | spread: 45.579  | OTM/ATM/ITM: 6.898/8.165/5.388
  [VAL] ep 15000  val RMSE($): 6.8382  | spread: 44.769  | OTM/ATM/ITM: 6.887/8.206/5.592

Restored model to val-best epoch 8500 (val rmse_mkt=5.813894)

Training complete in 322.8s
REPORTED (val-best) test RMSE($): 10.1517  | spread: 38.982  | OTM/ATM/ITM: 10.501/10.298/9.463
  → REPORTED test RMSE vs Market: $10.15 (val-best epoch: 8500)


======================================================================================
WALK-FORWARD RESULTS: arch=modified, mode=hybrid, μ=0.75
  Single-phase val-best reporting (val held out, test eval'd once on snapshot)
====================================================================================================
Fold       |  σ_fix |     E* |  rep($) | spread |      OTM/ATM/ITM |   arb% |   time
----------------------------------------------------------------------------------------------------
Apr2020    |  0.685 |   2500 |    2.34 |  29.97 |   2.53/2.06/1.88 |  75.2% |    328
May2020    |  0.729 |   4500 |    3.00 |  46.53 |   3.08/3.18/2.28 |  59.0% |    328
Jun2020    |  0.776 |   8500 |    2.13 |  23.71 |   1.94/2.46/2.26 |  33.4% |    326
Jul2020    |  0.738 |  11000 |    9.90 |  28.56 |  10.35/9.90/8.35 |  31.6% |    321
Aug2020    |  0.712 |   5500 |    5.59 |  50.34 |   5.75/5.16/5.65 |  51.1% |    321
Sep2020    |  0.733 |   5000 |   14.48 |  51.51 | 13.97/15.80/14.72 |  61.3% |    319
Oct2020    |  0.737 |   5000 |    5.62 |  52.71 |   5.75/6.03/4.61 |  54.5% |    318
Nov2020    |  0.776 |   5000 |    7.54 |  39.35 |   7.48/9.54/5.95 |  54.4% |    322
Dec2020    |  0.772 |   8500 |   10.15 |  38.98 | 10.50/10.30/9.46 |  38.2% |    323
----------------------------------------------------------------------------------------------------
Pooled     |        |        |    8.49 |  42.76 |   8.48/8.83/8.20 |  51.0% |   ← headline
Mean(fold) |        |   6167 |    6.75 |  E*: mean=6167  std=2472  min=2500 max=11000

Results saved to runs/walk_forward/modified_hybrid_mu0.75_warmup5000/
============================================
Done: Fri May  1 03:30:27 PM EDT 2026
============================================
