============================================
Job ID:     49233025   task 4
Node:       dcc-core-ferc-s-z25-21
GPU:        NVIDIA GeForce RTX 2080 Ti
Config:     modified hybrid μ=0.75  warmup=5000  balancer=gradnorm_renorm
Output:     runs/v2/walk_forward
Date:       Fri Jul  3 02:37:24 PM EDT 2026
============================================
Device: cuda
Loading and preprocessing data...
Full dataset: 59,668 obs, 2020-01-02 → 2020-12-31

============================================================
FOLD 1/3: Aug2020
  Train: start → 2020-08-01  |  Test: 2020-08-01 → 2020-09-01
============================================================
  Train: 25,231  Val: 5,083  Test: 5,167
  σ_fixed: 0.7117
Training: mode=hybrid, epochs=15000, lr=0.001
  Architecture: Modified MLP + RWF (μ=0.75)
  Pricing net params: 37,698
  Loss terms: ['pde', 'tc', 'bc', 'data']
  Data loss WARMUP: epochs 1..5000 run as physics-only
  Balancer: gradnorm_renorm (v1 default is 'gradnorm')
======================================================================
Ep     1/15000 | L=1.79e+02 | pde=3.13e+06 | w=0.00 | tc=9.11e+00 | w=1.14 | bc=1.06e+01 | w=2.86 | lr=1.0e-03
  [VAL] ep   500  val RMSE($): 56.4003  | spread: 181.714  | OTM/ATM/ITM: 62.357/50.169/39.785 ★
  [VAL] ep  1000  val RMSE($): 14.0837  | spread: 94.457  | OTM/ATM/ITM: 15.689/12.948/8.833 ★
  [VAL] ep  1500  val RMSE($): 8.2732  | spread: 33.568  | OTM/ATM/ITM: 8.450/8.329/7.652 ★
Ep  2000/15000 | L=1.19e-03 | pde=5.20e-01 | w=0.00 | tc=5.72e-04 | w=0.60 | bc=6.47e-05 | w=3.40 | lr=9.6e-04
  [VAL] ep  2000  val RMSE($): 12.1705  | spread: 74.017  | OTM/ATM/ITM: 12.884/12.645/9.097
  [VAL] ep  2500  val RMSE($): 9.0282  | spread: 32.295  | OTM/ATM/ITM: 9.333/8.759/8.275
  [VAL] ep  3000  val RMSE($): 9.2187  | spread: 32.129  | OTM/ATM/ITM: 9.363/9.565/8.428
  [VAL] ep  3500  val RMSE($): 8.9267  | spread: 33.651  | OTM/ATM/ITM: 9.260/8.843/7.893
Ep  4000/15000 | L=4.27e-05 | pde=3.44e-02 | w=0.00 | tc=7.99e-05 | w=0.15 | bc=8.28e-07 | w=3.85 | lr=8.4e-04
  [VAL] ep  4000  val RMSE($): 13.2860  | spread: 75.065  | OTM/ATM/ITM: 13.085/14.667/12.613
  [VAL] ep  4500  val RMSE($): 9.0882  | spread: 33.435  | OTM/ATM/ITM: 9.449/9.003/7.959
  [VAL] ep  5000  val RMSE($): 9.0752  | spread: 32.682  | OTM/ATM/ITM: 9.373/9.094/8.073
  [warmup→hybrid] data loss activated at ep 5001; λ_data init=1.00
  [VAL] ep  5500  val RMSE($): 9.9486  | spread: 28.142  | OTM/ATM/ITM: 10.407/9.872/8.458
Ep  6000/15000 | L=2.10e-04 | pde=1.08e-01 | w=0.00 | tc=4.92e-05 | w=0.36 | bc=2.80e-06 | w=3.38 | data=3.29e-04 | w=0.26 | lr=6.6e-04
  [VAL] ep  6000  val RMSE($): 12.8538  | spread: 52.583  | OTM/ATM/ITM: 13.037/13.828/11.308
  [VAL] ep  6500  val RMSE($): 9.6533  | spread: 28.523  | OTM/ATM/ITM: 10.117/9.466/8.251
  [VAL] ep  7000  val RMSE($): 9.7655  | spread: 28.404  | OTM/ATM/ITM: 10.145/9.720/8.536
  [VAL] ep  7500  val RMSE($): 10.0165  | spread: 28.113  | OTM/ATM/ITM: 10.501/9.860/8.511
Ep  8000/15000 | L=4.12e-04 | pde=9.89e-02 | w=0.00 | tc=1.04e-06 | w=1.36 | bc=3.02e-06 | w=1.36 | data=2.79e-04 | w=1.28 | lr=4.5e-04
  [VAL] ep  8000  val RMSE($): 10.0222  | spread: 28.224  | OTM/ATM/ITM: 10.493/9.908/8.526
  [VAL] ep  8500  val RMSE($): 10.1078  | spread: 28.248  | OTM/ATM/ITM: 10.561/10.122/8.548
  [VAL] ep  9000  val RMSE($): 10.2451  | spread: 28.505  | OTM/ATM/ITM: 10.744/10.147/8.631
  [VAL] ep  9500  val RMSE($): 10.1158  | spread: 28.182  | OTM/ATM/ITM: 10.616/9.986/8.524
Ep 10000/15000 | L=3.20e-04 | pde=8.75e-02 | w=0.00 | tc=5.58e-06 | w=0.81 | bc=2.28e-06 | w=2.44 | data=2.83e-04 | w=0.76 | lr=2.6e-04
  [VAL] ep 10000  val RMSE($): 10.0081  | spread: 28.122  | OTM/ATM/ITM: 10.469/10.007/8.434
  [VAL] ep 10500  val RMSE($): 9.8423  | spread: 28.190  | OTM/ATM/ITM: 10.321/9.658/8.385
  [VAL] ep 11000  val RMSE($): 9.7918  | spread: 28.021  | OTM/ATM/ITM: 10.196/9.780/8.437
  [VAL] ep 11500  val RMSE($): 9.9508  | spread: 28.081  | OTM/ATM/ITM: 10.400/9.894/8.476
Ep 12000/15000 | L=1.56e-04 | pde=6.24e-02 | w=0.00 | tc=2.92e-07 | w=2.09 | bc=3.38e-07 | w=1.43 | data=2.73e-04 | w=0.48 | lr=1.0e-04
  [VAL] ep 12000  val RMSE($): 9.9493  | spread: 28.092  | OTM/ATM/ITM: 10.421/9.856/8.428
  [VAL] ep 12500  val RMSE($): 10.0005  | spread: 28.098  | OTM/ATM/ITM: 10.465/9.922/8.492
  [VAL] ep 13000  val RMSE($): 9.9416  | spread: 28.089  | OTM/ATM/ITM: 10.412/9.840/8.430
  [VAL] ep 13500  val RMSE($): 10.0215  | spread: 28.250  | OTM/ATM/ITM: 10.501/9.919/8.479
Ep 14000/15000 | L=1.61e-04 | pde=5.64e-02 | w=0.00 | tc=2.21e-07 | w=2.07 | bc=3.56e-07 | w=1.45 | data=2.87e-04 | w=0.48 | lr=2.1e-05
  [VAL] ep 14000  val RMSE($): 9.9804  | spread: 28.140  | OTM/ATM/ITM: 10.450/9.893/8.460
  [VAL] ep 14500  val RMSE($): 9.9862  | spread: 28.121  | OTM/ATM/ITM: 10.452/9.918/8.461
  [VAL] ep 15000  val RMSE($): 9.9793  | spread: 28.157  | OTM/ATM/ITM: 10.464/9.862/8.432

Restored model to val-best epoch 1500 (val rmse_mkt=8.273224)

Training complete in 348.4s
REPORTED (val-best) test RMSE($): 5.5969  | spread: 35.125  | OTM/ATM/ITM: 5.400/5.069/6.386
  → REPORTED test RMSE vs Market: $5.60 (val-best epoch: 1500)

============================================================
FOLD 2/3: Oct2020
  Train: start → 2020-10-01  |  Test: 2020-10-01 → 2020-11-01
============================================================
  Train: 35,481  Val: 6,361  Test: 5,968
  σ_fixed: 0.7371
Training: mode=hybrid, epochs=15000, lr=0.001
  Architecture: Modified MLP + RWF (μ=0.75)
  Pricing net params: 37,698
  Loss terms: ['pde', 'tc', 'bc', 'data']
  Data loss WARMUP: epochs 1..5000 run as physics-only
  Balancer: gradnorm_renorm (v1 default is 'gradnorm')
======================================================================
Ep     1/15000 | L=1.79e+02 | pde=3.60e+06 | w=0.00 | tc=9.11e+00 | w=1.14 | bc=1.06e+01 | w=2.86 | lr=1.0e-03
  [VAL] ep   500  val RMSE($): 72.5483  | spread: 198.125  | OTM/ATM/ITM: 82.341/62.880/46.957 ★
  [VAL] ep  1000  val RMSE($): 21.6612  | spread: 77.809  | OTM/ATM/ITM: 23.059/21.670/17.283 ★
  [VAL] ep  1500  val RMSE($): 18.4518  | spread: 93.379  | OTM/ATM/ITM: 18.472/19.797/17.215 ★
Ep  2000/15000 | L=2.76e-04 | pde=1.12e+00 | w=0.00 | tc=3.56e-06 | w=3.15 | bc=7.62e-05 | w=0.85 | lr=9.6e-04
  [VAL] ep  2000  val RMSE($): 17.2076  | spread: 78.548  | OTM/ATM/ITM: 18.425/16.885/13.673 ★
  [VAL] ep  2500  val RMSE($): 14.5899  | spread: 63.340  | OTM/ATM/ITM: 14.338/15.783/14.251 ★
  [VAL] ep  3000  val RMSE($): 15.2867  | spread: 57.070  | OTM/ATM/ITM: 15.142/16.354/14.766
  [VAL] ep  3500  val RMSE($): 15.1632  | spread: 56.424  | OTM/ATM/ITM: 15.042/16.107/14.689
Ep  4000/15000 | L=2.60e-05 | pde=2.01e-01 | w=0.00 | tc=3.11e-07 | w=3.47 | bc=3.09e-06 | w=0.53 | lr=8.4e-04
  [VAL] ep  4000  val RMSE($): 14.9465  | spread: 54.812  | OTM/ATM/ITM: 14.874/15.894/14.332
  [VAL] ep  4500  val RMSE($): 15.1357  | spread: 56.317  | OTM/ATM/ITM: 14.993/16.161/14.648
  [VAL] ep  5000  val RMSE($): 15.5944  | spread: 58.175  | OTM/ATM/ITM: 15.254/16.876/15.418
  [warmup→hybrid] data loss activated at ep 5001; λ_data init=1.00
  [VAL] ep  5500  val RMSE($): 16.9262  | spread: 46.070  | OTM/ATM/ITM: 17.431/17.286/15.140
Ep  6000/15000 | L=4.81e-04 | pde=2.92e-01 | w=0.00 | tc=6.36e-07 | w=2.22 | bc=1.10e-05 | w=0.45 | data=3.20e-04 | w=1.33 | lr=6.6e-04
  [VAL] ep  6000  val RMSE($): 17.5805  | spread: 51.434  | OTM/ATM/ITM: 17.993/18.536/15.521
  [VAL] ep  6500  val RMSE($): 16.8359  | spread: 44.172  | OTM/ATM/ITM: 17.172/17.308/15.465
  [VAL] ep  7000  val RMSE($): 17.7589  | spread: 50.330  | OTM/ATM/ITM: 18.234/18.360/15.846
  [VAL] ep  7500  val RMSE($): 17.0407  | spread: 46.513  | OTM/ATM/ITM: 17.397/17.660/15.474
Ep  8000/15000 | L=4.88e-04 | pde=3.03e-01 | w=0.00 | tc=8.07e-07 | w=1.73 | bc=5.43e-06 | w=0.96 | data=3.31e-04 | w=1.31 | lr=4.5e-04
  [VAL] ep  8000  val RMSE($): 16.5949  | spread: 44.941  | OTM/ATM/ITM: 16.987/17.266/14.864
  [VAL] ep  8500  val RMSE($): 17.9064  | spread: 51.523  | OTM/ATM/ITM: 18.244/18.921/16.025
  [VAL] ep  9000  val RMSE($): 17.1202  | spread: 48.403  | OTM/ATM/ITM: 17.447/17.778/15.606
  [VAL] ep  9500  val RMSE($): 16.9506  | spread: 47.866  | OTM/ATM/ITM: 17.371/17.446/15.301
Ep 10000/15000 | L=3.50e-04 | pde=1.71e-01 | w=0.00 | tc=3.55e-07 | w=1.91 | bc=1.59e-06 | w=1.10 | data=3.24e-04 | w=0.99 | lr=2.6e-04
  [VAL] ep 10000  val RMSE($): 17.1944  | spread: 49.697  | OTM/ATM/ITM: 17.518/17.965/15.586
  [VAL] ep 10500  val RMSE($): 17.1962  | spread: 47.299  | OTM/ATM/ITM: 17.539/17.808/15.676
  [VAL] ep 11000  val RMSE($): 17.1124  | spread: 47.583  | OTM/ATM/ITM: 17.553/17.589/15.419
  [VAL] ep 11500  val RMSE($): 17.2684  | spread: 49.116  | OTM/ATM/ITM: 17.848/17.782/15.103
Ep 12000/15000 | L=2.59e-04 | pde=1.75e-01 | w=0.00 | tc=3.49e-07 | w=1.83 | bc=1.14e-06 | w=1.50 | data=3.21e-04 | w=0.68 | lr=1.0e-04
  [VAL] ep 12000  val RMSE($): 17.2205  | spread: 47.724  | OTM/ATM/ITM: 17.761/17.681/15.230
  [VAL] ep 12500  val RMSE($): 16.9956  | spread: 48.646  | OTM/ATM/ITM: 17.379/17.700/15.265
  [VAL] ep 13000  val RMSE($): 16.8188  | spread: 47.969  | OTM/ATM/ITM: 17.196/17.427/15.196
  [VAL] ep 13500  val RMSE($): 17.0576  | spread: 48.291  | OTM/ATM/ITM: 17.519/17.594/15.241
Ep 14000/15000 | L=1.14e-04 | pde=1.14e-01 | w=0.00 | tc=9.51e-08 | w=2.62 | bc=3.08e-07 | w=1.06 | data=3.15e-04 | w=0.32 | lr=2.1e-05
  [VAL] ep 14000  val RMSE($): 17.0904  | spread: 48.357  | OTM/ATM/ITM: 17.553/17.647/15.252
  [VAL] ep 14500  val RMSE($): 16.9773  | spread: 48.331  | OTM/ATM/ITM: 17.428/17.510/15.199
  [VAL] ep 15000  val RMSE($): 17.0074  | spread: 48.218  | OTM/ATM/ITM: 17.476/17.504/15.208

Restored model to val-best epoch 2500 (val rmse_mkt=14.589891)

Training complete in 347.5s
REPORTED (val-best) test RMSE($): 5.4873  | spread: 61.464  | OTM/ATM/ITM: 6.089/4.604/3.956
  → REPORTED test RMSE vs Market: $5.49 (val-best epoch: 2500)

============================================================
FOLD 3/3: Nov2020
  Train: start → 2020-11-01  |  Test: 2020-11-01 → 2020-12-01
============================================================
  Train: 41,842  Val: 5,968  Test: 6,420
  σ_fixed: 0.7763
Training: mode=hybrid, epochs=15000, lr=0.001
  Architecture: Modified MLP + RWF (μ=0.75)
  Pricing net params: 37,698
  Loss terms: ['pde', 'tc', 'bc', 'data']
  Data loss WARMUP: epochs 1..5000 run as physics-only
  Balancer: gradnorm_renorm (v1 default is 'gradnorm')
======================================================================
Ep     1/15000 | L=1.79e+02 | pde=4.43e+06 | w=0.00 | tc=9.11e+00 | w=1.14 | bc=1.06e+01 | w=2.86 | lr=1.0e-03
  [VAL] ep   500  val RMSE($): 76.7849  | spread: 320.507  | OTM/ATM/ITM: 86.304/65.651/47.058 ★
  [VAL] ep  1000  val RMSE($): 22.5951  | spread: 148.954  | OTM/ATM/ITM: 25.073/18.404/16.987 ★
  [VAL] ep  1500  val RMSE($): 18.9048  | spread: 162.139  | OTM/ATM/ITM: 13.732/29.936/18.487 ★
Ep  2000/15000 | L=6.56e-05 | pde=1.07e+00 | w=0.00 | tc=5.41e-07 | w=3.15 | bc=7.11e-06 | w=0.85 | lr=9.6e-04
  [VAL] ep  2000  val RMSE($): 5.6760  | spread: 36.657  | OTM/ATM/ITM: 5.768/5.374/5.684 ★
  [VAL] ep  2500  val RMSE($): 7.1018  | spread: 68.198  | OTM/ATM/ITM: 7.683/6.376/5.588
  [VAL] ep  3000  val RMSE($): 5.7791  | spread: 36.419  | OTM/ATM/ITM: 5.819/5.818/5.590
  [VAL] ep  3500  val RMSE($): 5.5222  | spread: 32.435  | OTM/ATM/ITM: 5.631/5.388/5.278 ★
Ep  4000/15000 | L=1.01e-04 | pde=3.20e-01 | w=0.00 | tc=1.06e-06 | w=3.32 | bc=3.29e-05 | w=0.68 | lr=8.4e-04
  [VAL] ep  4000  val RMSE($): 5.2562  | spread: 32.011  | OTM/ATM/ITM: 5.257/5.303/5.198 ★
  [VAL] ep  4500  val RMSE($): 5.4314  | spread: 32.418  | OTM/ATM/ITM: 5.552/5.196/5.259
  [VAL] ep  5000  val RMSE($): 6.0142  | spread: 35.702  | OTM/ATM/ITM: 5.783/6.468/6.274
  [warmup→hybrid] data loss activated at ep 5001; λ_data init=1.00
  [VAL] ep  5500  val RMSE($): 5.8938  | spread: 33.922  | OTM/ATM/ITM: 6.159/5.815/4.951
Ep  6000/15000 | L=4.65e-04 | pde=2.87e-01 | w=0.00 | tc=1.35e-06 | w=2.21 | bc=8.91e-06 | w=0.98 | data=4.73e-04 | w=0.81 | lr=6.6e-04
  [VAL] ep  6000  val RMSE($): 6.6267  | spread: 44.996  | OTM/ATM/ITM: 6.972/6.530/5.362
  [VAL] ep  6500  val RMSE($): 5.9363  | spread: 34.290  | OTM/ATM/ITM: 6.249/5.781/4.884
  [VAL] ep  7000  val RMSE($): 6.8953  | spread: 54.612  | OTM/ATM/ITM: 7.166/7.048/5.629
  [VAL] ep  7500  val RMSE($): 5.9276  | spread: 41.441  | OTM/ATM/ITM: 6.198/5.876/4.922
Ep  8000/15000 | L=5.69e-04 | pde=1.75e-01 | w=0.00 | tc=6.59e-07 | w=1.73 | bc=2.15e-06 | w=1.15 | data=4.78e-04 | w=1.12 | lr=4.5e-04
  [VAL] ep  8000  val RMSE($): 5.9589  | spread: 38.494  | OTM/ATM/ITM: 6.189/5.885/5.163
  [VAL] ep  8500  val RMSE($): 6.1610  | spread: 40.128  | OTM/ATM/ITM: 6.405/5.994/5.424
  [VAL] ep  9000  val RMSE($): 6.8115  | spread: 45.655  | OTM/ATM/ITM: 7.168/6.794/5.392
  [VAL] ep  9500  val RMSE($): 6.1856  | spread: 34.793  | OTM/ATM/ITM: 6.432/6.129/5.300
Ep 10000/15000 | L=4.08e-04 | pde=2.24e-01 | w=0.00 | tc=9.87e-07 | w=1.71 | bc=2.27e-06 | w=1.50 | data=4.70e-04 | w=0.79 | lr=2.6e-04
  [VAL] ep 10000  val RMSE($): 6.4226  | spread: 40.732  | OTM/ATM/ITM: 6.662/6.473/5.427
  [VAL] ep 10500  val RMSE($): 6.5820  | spread: 42.102  | OTM/ATM/ITM: 6.929/6.406/5.421
  [VAL] ep 11000  val RMSE($): 6.2754  | spread: 41.093  | OTM/ATM/ITM: 6.506/6.259/5.404
  [VAL] ep 11500  val RMSE($): 6.1300  | spread: 40.911  | OTM/ATM/ITM: 6.435/6.020/5.055
Ep 12000/15000 | L=3.25e-04 | pde=1.14e-01 | w=0.00 | tc=2.55e-07 | w=2.01 | bc=5.19e-07 | w=1.35 | data=4.73e-04 | w=0.64 | lr=1.0e-04
  [VAL] ep 12000  val RMSE($): 6.0024  | spread: 39.209  | OTM/ATM/ITM: 6.274/5.876/5.096
  [VAL] ep 12500  val RMSE($): 6.2453  | spread: 41.223  | OTM/ATM/ITM: 6.516/6.167/5.284
  [VAL] ep 13000  val RMSE($): 6.3299  | spread: 41.468  | OTM/ATM/ITM: 6.622/6.240/5.290
  [VAL] ep 13500  val RMSE($): 6.2300  | spread: 41.768  | OTM/ATM/ITM: 6.433/6.328/5.323
Ep 14000/15000 | L=1.91e-04 | pde=1.14e-01 | w=0.00 | tc=1.32e-07 | w=2.49 | bc=4.36e-07 | w=1.13 | data=4.61e-04 | w=0.38 | lr=2.1e-05
  [VAL] ep 14000  val RMSE($): 6.2841  | spread: 41.431  | OTM/ATM/ITM: 6.523/6.307/5.323
  [VAL] ep 14500  val RMSE($): 6.1207  | spread: 41.175  | OTM/ATM/ITM: 6.366/6.131/5.149
  [VAL] ep 15000  val RMSE($): 6.1793  | spread: 41.394  | OTM/ATM/ITM: 6.445/6.157/5.163

Restored model to val-best epoch 4000 (val rmse_mkt=5.256169)

Training complete in 345.3s
REPORTED (val-best) test RMSE($): 7.6378  | spread: 37.271  | OTM/ATM/ITM: 7.933/8.406/6.305
  → REPORTED test RMSE vs Market: $7.64 (val-best epoch: 4000)


======================================================================================
WALK-FORWARD RESULTS: arch=modified, mode=hybrid, μ=0.75
  Single-phase val-best reporting (val held out, test eval'd once on snapshot)
====================================================================================================
Fold       |  σ_fix |     E* |  rep($) | spread |      OTM/ATM/ITM |   arb% |   time
----------------------------------------------------------------------------------------------------
Aug2020    |  0.712 |   1500 |    5.60 |  35.13 |   5.40/5.07/6.39 |  79.0% |    348
Oct2020    |  0.737 |   2500 |    5.49 |  61.46 |   6.09/4.60/3.96 |  71.2% |    347
Nov2020    |  0.776 |   4000 |    7.64 |  37.27 |   7.93/8.41/6.30 |  58.9% |    345
----------------------------------------------------------------------------------------------------
Pooled     |        |        |    6.39 |  46.43 |   6.66/6.21/5.81 |  69.7% |   ← headline
Mean(fold) |        |   2667 |    6.24 |  E*: mean=2667  std=1027  min=1500 max=4000

Results saved to runs/v2/walk_forward/modified_hybrid_mu0.75_warmup5000_gradnorm_renorm/
============================================
Done: Fri Jul  3 02:54:53 PM EDT 2026
============================================
