============================================
Job ID:     49233021   task 0
Node:       dcc-core-ferc-s-z25-20
GPU:        NVIDIA GeForce RTX 2080 Ti
Config:     modified hybrid μ=0.75  warmup=0  balancer=relobralo
Output:     runs/v2/walk_forward
Date:       Fri Jul  3 02:37:18 PM EDT 2026
============================================
Device: cuda
Loading and preprocessing data...
Full dataset: 59,668 obs, 2020-01-02 → 2020-12-31

============================================================
FOLD 1/3: Aug2020
  Train: start → 2020-08-01  |  Test: 2020-08-01 → 2020-09-01
============================================================
  Train: 25,231  Val: 5,083  Test: 5,167
  σ_fixed: 0.7117
Training: mode=hybrid, epochs=15000, lr=0.001
  Architecture: Modified MLP + RWF (μ=0.75)
  Pricing net params: 37,698
  Loss terms: ['pde', 'tc', 'bc', 'data']
  Balancer: relobralo (v1 default is 'gradnorm')
======================================================================
Ep     1/15000 | L=3.13e+06 | pde=3.13e+06 | w=1.00 | tc=9.11e+00 | w=1.00 | bc=1.06e+01 | w=1.00 | data=7.34e+00 | w=1.00 | lr=1.0e-03
  [VAL] ep   500  val RMSE($): 39.3557  | spread: 160.012  | OTM/ATM/ITM: 45.063/21.476/31.871 ★
  [VAL] ep  1000  val RMSE($): 7.9873  | spread: 28.499  | OTM/ATM/ITM: 7.530/8.139/9.139 ★
  [VAL] ep  1500  val RMSE($): 7.9262  | spread: 27.617  | OTM/ATM/ITM: 7.911/8.110/7.810 ★
Ep  2000/15000 | L=7.88e-03 | pde=7.30e-03 | w=0.90 | tc=4.21e-05 | w=0.91 | bc=5.92e-04 | w=0.90 | data=5.73e-04 | w=1.29 | lr=9.6e-04
  [VAL] ep  2000  val RMSE($): 8.3483  | spread: 28.486  | OTM/ATM/ITM: 8.459/8.427/7.924
  [VAL] ep  2500  val RMSE($): 8.0892  | spread: 27.686  | OTM/ATM/ITM: 8.234/7.998/7.710
  [VAL] ep  3000  val RMSE($): 8.3535  | spread: 28.181  | OTM/ATM/ITM: 8.588/8.220/7.714
  [VAL] ep  3500  val RMSE($): 8.6090  | spread: 27.846  | OTM/ATM/ITM: 8.853/8.540/7.874
Ep  4000/15000 | L=2.90e-03 | pde=2.69e-03 | w=0.76 | tc=3.24e-05 | w=1.01 | bc=1.25e-04 | w=0.74 | data=4.97e-04 | w=1.49 | lr=8.4e-04
  [VAL] ep  4000  val RMSE($): 8.5230  | spread: 27.976  | OTM/ATM/ITM: 8.871/8.246/7.621
  [VAL] ep  4500  val RMSE($): 8.7564  | spread: 28.433  | OTM/ATM/ITM: 9.074/8.577/7.872
  [VAL] ep  5000  val RMSE($): 8.7976  | spread: 28.367  | OTM/ATM/ITM: 9.061/8.674/8.048
  [VAL] ep  5500  val RMSE($): 8.8918  | spread: 28.319  | OTM/ATM/ITM: 9.241/8.693/7.914
Ep  6000/15000 | L=1.06e-03 | pde=1.90e-04 | w=0.62 | tc=2.07e-05 | w=0.89 | bc=9.31e-05 | w=0.81 | data=5.04e-04 | w=1.68 | lr=6.6e-04
  [VAL] ep  6000  val RMSE($): 8.7004  | spread: 27.791  | OTM/ATM/ITM: 9.058/8.450/7.740
  [VAL] ep  6500  val RMSE($): 8.8086  | spread: 28.160  | OTM/ATM/ITM: 9.148/8.615/7.859
  [VAL] ep  7000  val RMSE($): 8.8401  | spread: 28.165  | OTM/ATM/ITM: 9.187/8.647/7.863
  [VAL] ep  7500  val RMSE($): 8.8054  | spread: 28.176  | OTM/ATM/ITM: 9.171/8.552/7.818
Ep  8000/15000 | L=8.43e-04 | pde=5.30e-05 | w=0.86 | tc=1.52e-05 | w=0.92 | bc=7.75e-05 | w=0.77 | data=4.99e-04 | w=1.45 | lr=4.5e-04
  [VAL] ep  8000  val RMSE($): 8.8286  | spread: 28.221  | OTM/ATM/ITM: 9.199/8.575/7.827
  [VAL] ep  8500  val RMSE($): 8.7889  | spread: 28.088  | OTM/ATM/ITM: 9.139/8.589/7.808
  [VAL] ep  9000  val RMSE($): 8.7643  | spread: 28.126  | OTM/ATM/ITM: 9.125/8.536/7.772
  [VAL] ep  9500  val RMSE($): 8.7940  | spread: 28.162  | OTM/ATM/ITM: 9.170/8.528/7.782
Ep 10000/15000 | L=8.25e-04 | pde=3.45e-05 | w=0.83 | tc=5.92e-06 | w=0.75 | bc=7.49e-05 | w=0.98 | data=5.01e-04 | w=1.43 | lr=2.6e-04
  [VAL] ep 10000  val RMSE($): 8.7205  | spread: 27.912  | OTM/ATM/ITM: 9.088/8.458/7.735
  [VAL] ep 10500  val RMSE($): 8.6477  | spread: 27.877  | OTM/ATM/ITM: 9.003/8.408/7.686
  [VAL] ep 11000  val RMSE($): 8.6335  | spread: 27.828  | OTM/ATM/ITM: 8.994/8.378/7.665
  [VAL] ep 11500  val RMSE($): 8.6509  | spread: 27.809  | OTM/ATM/ITM: 9.032/8.337/7.665
Ep 12000/15000 | L=8.25e-04 | pde=1.42e-05 | w=0.68 | tc=1.75e-06 | w=0.61 | bc=6.68e-05 | w=1.19 | data=4.85e-04 | w=1.52 | lr=1.0e-04
  [VAL] ep 12000  val RMSE($): 8.6284  | spread: 27.783  | OTM/ATM/ITM: 9.010/8.310/7.643
  [VAL] ep 12500  val RMSE($): 8.5527  | spread: 27.795  | OTM/ATM/ITM: 8.918/8.271/7.593
  [VAL] ep 13000  val RMSE($): 8.5477  | spread: 27.783  | OTM/ATM/ITM: 8.912/8.266/7.592
  [VAL] ep 13500  val RMSE($): 8.5898  | spread: 27.795  | OTM/ATM/ITM: 8.967/8.278/7.614
Ep 14000/15000 | L=8.51e-04 | pde=1.33e-05 | w=0.59 | tc=1.19e-06 | w=0.51 | bc=4.82e-05 | w=1.35 | data=5.02e-04 | w=1.55 | lr=2.1e-05
  [VAL] ep 14000  val RMSE($): 8.5797  | spread: 27.783  | OTM/ATM/ITM: 8.954/8.271/7.612
  [VAL] ep 14500  val RMSE($): 8.5321  | spread: 27.803  | OTM/ATM/ITM: 8.896/8.250/7.577
  [VAL] ep 15000  val RMSE($): 8.5291  | spread: 27.796  | OTM/ATM/ITM: 8.893/8.244/7.575

Restored model to val-best epoch 1500 (val rmse_mkt=7.926157)

Training complete in 408.0s
REPORTED (val-best) test RMSE($): 5.5529  | spread: 25.096  | OTM/ATM/ITM: 5.127/4.818/6.850
  → REPORTED test RMSE vs Market: $5.55 (val-best epoch: 1500)

============================================================
FOLD 2/3: Oct2020
  Train: start → 2020-10-01  |  Test: 2020-10-01 → 2020-11-01
============================================================
  Train: 35,481  Val: 6,361  Test: 5,968
  σ_fixed: 0.7371
Training: mode=hybrid, epochs=15000, lr=0.001
  Architecture: Modified MLP + RWF (μ=0.75)
  Pricing net params: 37,698
  Loss terms: ['pde', 'tc', 'bc', 'data']
  Balancer: relobralo (v1 default is 'gradnorm')
======================================================================
Ep     1/15000 | L=3.60e+06 | pde=3.60e+06 | w=1.00 | tc=9.11e+00 | w=1.00 | bc=1.06e+01 | w=1.00 | data=7.14e+00 | w=1.00 | lr=1.0e-03
  [VAL] ep   500  val RMSE($): 58.9189  | spread: 256.468  | OTM/ATM/ITM: 69.104/22.401/48.485 ★
  [VAL] ep  1000  val RMSE($): 14.3313  | spread: 50.422  | OTM/ATM/ITM: 13.069/13.583/17.794 ★
  [VAL] ep  1500  val RMSE($): 12.7529  | spread: 44.661  | OTM/ATM/ITM: 11.412/14.655/14.428 ★
Ep  2000/15000 | L=8.83e-03 | pde=8.04e-03 | w=0.91 | tc=7.87e-05 | w=0.97 | bc=9.04e-04 | w=0.90 | data=5.40e-04 | w=1.22 | lr=9.6e-04
  [VAL] ep  2000  val RMSE($): 13.0257  | spread: 46.097  | OTM/ATM/ITM: 12.324/14.158/13.889
  [VAL] ep  2500  val RMSE($): 14.8053  | spread: 53.306  | OTM/ATM/ITM: 14.356/16.289/14.735
  [VAL] ep  3000  val RMSE($): 13.9951  | spread: 48.246  | OTM/ATM/ITM: 13.530/15.178/14.230
  [VAL] ep  3500  val RMSE($): 13.9150  | spread: 46.424  | OTM/ATM/ITM: 13.584/14.998/13.885
Ep  4000/15000 | L=2.99e-03 | pde=2.75e-03 | w=0.75 | tc=4.18e-05 | w=0.86 | bc=1.02e-04 | w=0.74 | data=4.92e-04 | w=1.65 | lr=8.4e-04
  [VAL] ep  4000  val RMSE($): 14.3556  | spread: 48.079  | OTM/ATM/ITM: 14.114/15.174/14.320
  [VAL] ep  4500  val RMSE($): 14.6844  | spread: 50.122  | OTM/ATM/ITM: 14.509/15.574/14.407
  [VAL] ep  5000  val RMSE($): 14.7492  | spread: 49.814  | OTM/ATM/ITM: 14.682/15.440/14.348
  [VAL] ep  5500  val RMSE($): 14.8247  | spread: 49.519  | OTM/ATM/ITM: 14.835/15.493/14.225
Ep  6000/15000 | L=1.22e-03 | pde=4.96e-04 | w=0.61 | tc=2.19e-05 | w=0.76 | bc=7.14e-05 | w=0.81 | data=4.65e-04 | w=1.82 | lr=6.6e-04
  [VAL] ep  6000  val RMSE($): 14.5108  | spread: 47.840  | OTM/ATM/ITM: 14.457/15.230/14.047
  [VAL] ep  6500  val RMSE($): 14.6368  | spread: 48.659  | OTM/ATM/ITM: 14.666/15.232/14.047
  [VAL] ep  7000  val RMSE($): 14.7046  | spread: 48.902  | OTM/ATM/ITM: 14.718/15.334/14.130
  [VAL] ep  7500  val RMSE($): 14.7954  | spread: 49.140  | OTM/ATM/ITM: 14.865/15.338/14.138
Ep  8000/15000 | L=1.24e-03 | pde=2.99e-04 | w=0.89 | tc=1.27e-05 | w=0.64 | bc=6.86e-05 | w=0.68 | data=5.17e-04 | w=1.78 | lr=4.5e-04
  [VAL] ep  8000  val RMSE($): 14.7568  | spread: 49.041  | OTM/ATM/ITM: 14.782/15.441/14.101
  [VAL] ep  8500  val RMSE($): 14.8158  | spread: 49.108  | OTM/ATM/ITM: 14.825/15.468/14.235
  [VAL] ep  9000  val RMSE($): 14.6894  | spread: 48.391  | OTM/ATM/ITM: 14.727/15.286/14.077
  [VAL] ep  9500  val RMSE($): 14.6632  | spread: 48.724  | OTM/ATM/ITM: 14.716/15.247/14.016
Ep 10000/15000 | L=9.62e-04 | pde=2.52e-05 | w=0.74 | tc=7.11e-06 | w=0.71 | bc=5.39e-05 | w=0.70 | data=4.87e-04 | w=1.85 | lr=2.6e-04
  [VAL] ep 10000  val RMSE($): 14.7354  | spread: 49.134  | OTM/ATM/ITM: 14.782/15.341/14.090
  [VAL] ep 10500  val RMSE($): 14.6555  | spread: 48.141  | OTM/ATM/ITM: 14.714/15.202/14.026
  [VAL] ep 11000  val RMSE($): 14.5692  | spread: 47.723  | OTM/ATM/ITM: 14.629/15.116/13.937
  [VAL] ep 11500  val RMSE($): 14.5128  | spread: 48.105  | OTM/ATM/ITM: 14.558/15.088/13.896
Ep 12000/15000 | L=9.99e-04 | pde=1.21e-05 | w=0.61 | tc=3.24e-06 | w=0.58 | bc=3.48e-05 | w=0.88 | data=4.99e-04 | w=1.92 | lr=1.0e-04
  [VAL] ep 12000  val RMSE($): 14.5509  | spread: 48.219  | OTM/ATM/ITM: 14.594/15.125/13.940
  [VAL] ep 12500  val RMSE($): 14.5708  | spread: 47.985  | OTM/ATM/ITM: 14.637/15.104/13.932
  [VAL] ep 13000  val RMSE($): 14.4962  | spread: 47.535  | OTM/ATM/ITM: 14.556/15.029/13.876
  [VAL] ep 13500  val RMSE($): 14.4571  | spread: 47.805  | OTM/ATM/ITM: 14.495/15.023/13.869
Ep 14000/15000 | L=9.84e-04 | pde=1.02e-05 | w=0.56 | tc=2.71e-06 | w=0.52 | bc=2.58e-05 | w=1.04 | data=5.04e-04 | w=1.89 | lr=2.1e-05
  [VAL] ep 14000  val RMSE($): 14.4446  | spread: 47.837  | OTM/ATM/ITM: 14.483/15.016/13.851
  [VAL] ep 14500  val RMSE($): 14.4727  | spread: 47.646  | OTM/ATM/ITM: 14.531/15.007/13.855
  [VAL] ep 15000  val RMSE($): 14.4703  | spread: 47.606  | OTM/ATM/ITM: 14.529/15.004/13.851

Restored model to val-best epoch 1500 (val rmse_mkt=12.752892)

Training complete in 454.8s
REPORTED (val-best) test RMSE($): 7.4008  | spread: 47.799  | OTM/ATM/ITM: 8.318/5.114/6.028
  → REPORTED test RMSE vs Market: $7.40 (val-best epoch: 1500)

============================================================
FOLD 3/3: Nov2020
  Train: start → 2020-11-01  |  Test: 2020-11-01 → 2020-12-01
============================================================
  Train: 41,842  Val: 5,968  Test: 6,420
  σ_fixed: 0.7763
Training: mode=hybrid, epochs=15000, lr=0.001
  Architecture: Modified MLP + RWF (μ=0.75)
  Pricing net params: 37,698
  Loss terms: ['pde', 'tc', 'bc', 'data']
  Balancer: relobralo (v1 default is 'gradnorm')
======================================================================
Ep     1/15000 | L=4.43e+06 | pde=4.43e+06 | w=1.00 | tc=9.11e+00 | w=1.00 | bc=1.06e+01 | w=1.00 | data=7.14e+00 | w=1.00 | lr=1.0e-03
  [VAL] ep   500  val RMSE($): 111.1211  | spread: 811.566  | OTM/ATM/ITM: 132.117/32.746/84.368 ★
  [VAL] ep  1000  val RMSE($): 18.6684  | spread: 112.534  | OTM/ATM/ITM: 21.853/6.726/15.403 ★
  [VAL] ep  1500  val RMSE($): 10.4354  | spread: 63.232  | OTM/ATM/ITM: 12.087/6.329/7.464 ★
Ep  2000/15000 | L=1.13e-02 | pde=1.02e-02 | w=0.91 | tc=7.99e-05 | w=1.00 | bc=1.22e-03 | w=0.91 | data=7.35e-04 | w=1.19 | lr=9.6e-04
  [VAL] ep  2000  val RMSE($): 7.5152  | spread: 46.004  | OTM/ATM/ITM: 8.440/5.880/5.406 ★
  [VAL] ep  2500  val RMSE($): 6.5761  | spread: 44.403  | OTM/ATM/ITM: 7.110/6.115/4.909 ★
  [VAL] ep  3000  val RMSE($): 6.4464  | spread: 43.997  | OTM/ATM/ITM: 6.860/6.399/4.778 ★
  [VAL] ep  3500  val RMSE($): 5.4999  | spread: 36.289  | OTM/ATM/ITM: 5.816/5.410/4.327 ★
Ep  4000/15000 | L=3.28e-03 | pde=2.83e-03 | w=0.75 | tc=4.35e-05 | w=0.96 | bc=1.45e-04 | w=0.74 | data=6.46e-04 | w=1.55 | lr=8.4e-04
  [VAL] ep  4000  val RMSE($): 5.6371  | spread: 37.477  | OTM/ATM/ITM: 5.889/5.686/4.572
  [VAL] ep  4500  val RMSE($): 5.2581  | spread: 34.925  | OTM/ATM/ITM: 5.349/5.467/4.659 ★
  [VAL] ep  5000  val RMSE($): 5.5745  | spread: 38.307  | OTM/ATM/ITM: 5.594/6.018/4.945
  [VAL] ep  5500  val RMSE($): 5.4297  | spread: 38.764  | OTM/ATM/ITM: 5.509/5.704/4.792
Ep  6000/15000 | L=1.53e-03 | pde=3.96e-04 | w=0.62 | tc=2.48e-05 | w=0.85 | bc=7.02e-05 | w=0.64 | data=6.47e-04 | w=1.89 | lr=6.6e-04
  [VAL] ep  6000  val RMSE($): 5.3298  | spread: 37.121  | OTM/ATM/ITM: 5.371/5.559/4.900
  [VAL] ep  6500  val RMSE($): 5.2831  | spread: 38.318  | OTM/ATM/ITM: 5.345/5.459/4.840
  [VAL] ep  7000  val RMSE($): 5.4497  | spread: 38.915  | OTM/ATM/ITM: 5.470/5.784/4.964
  [VAL] ep  7500  val RMSE($): 5.4176  | spread: 37.136  | OTM/ATM/ITM: 5.414/5.706/5.085
Ep  8000/15000 | L=1.30e-03 | pde=7.65e-05 | w=0.50 | tc=8.62e-06 | w=0.70 | bc=4.25e-05 | w=0.83 | data=6.17e-04 | w=1.97 | lr=4.5e-04
  [VAL] ep  8000  val RMSE($): 5.4288  | spread: 37.539  | OTM/ATM/ITM: 5.414/5.737/5.111
  [VAL] ep  8500  val RMSE($): 5.4016  | spread: 37.811  | OTM/ATM/ITM: 5.364/5.779/5.082
  [VAL] ep  9000  val RMSE($): 5.5004  | spread: 39.536  | OTM/ATM/ITM: 5.445/5.952/5.150
  [VAL] ep  9500  val RMSE($): 5.5851  | spread: 39.253  | OTM/ATM/ITM: 5.535/5.984/5.282
Ep 10000/15000 | L=1.39e-03 | pde=5.94e-05 | w=0.49 | tc=2.34e-06 | w=0.57 | bc=3.42e-05 | w=0.94 | data=6.68e-04 | w=1.99 | lr=2.6e-04
  [VAL] ep 10000  val RMSE($): 5.6068  | spread: 39.748  | OTM/ATM/ITM: 5.552/6.030/5.293
  [VAL] ep 10500  val RMSE($): 5.5723  | spread: 39.909  | OTM/ATM/ITM: 5.504/6.037/5.252
  [VAL] ep 11000  val RMSE($): 5.6102  | spread: 40.463  | OTM/ATM/ITM: 5.541/6.080/5.288
  [VAL] ep 11500  val RMSE($): 5.6699  | spread: 40.349  | OTM/ATM/ITM: 5.611/6.102/5.358
Ep 12000/15000 | L=1.30e-03 | pde=2.00e-05 | w=0.41 | tc=2.34e-06 | w=0.55 | bc=2.59e-05 | w=1.08 | data=6.45e-04 | w=1.96 | lr=1.0e-04
  [VAL] ep 12000  val RMSE($): 5.6666  | spread: 40.011  | OTM/ATM/ITM: 5.596/6.101/5.397
  [VAL] ep 12500  val RMSE($): 5.6035  | spread: 39.938  | OTM/ATM/ITM: 5.531/6.064/5.306
  [VAL] ep 13000  val RMSE($): 5.6378  | spread: 40.491  | OTM/ATM/ITM: 5.568/6.101/5.326
  [VAL] ep 13500  val RMSE($): 5.7221  | spread: 40.574  | OTM/ATM/ITM: 5.662/6.145/5.428
Ep 14000/15000 | L=1.25e-03 | pde=1.82e-05 | w=0.36 | tc=2.26e-06 | w=0.54 | bc=2.15e-05 | w=1.22 | data=6.51e-04 | w=1.87 | lr=2.1e-05
  [VAL] ep 14000  val RMSE($): 5.6920  | spread: 40.225  | OTM/ATM/ITM: 5.628/6.120/5.406
  [VAL] ep 14500  val RMSE($): 5.6736  | spread: 40.328  | OTM/ATM/ITM: 5.608/6.115/5.377
  [VAL] ep 15000  val RMSE($): 5.6596  | spread: 40.171  | OTM/ATM/ITM: 5.592/6.102/5.366

Restored model to val-best epoch 4500 (val rmse_mkt=5.258137)

Training complete in 424.5s
REPORTED (val-best) test RMSE($): 7.3117  | spread: 40.340  | OTM/ATM/ITM: 7.543/8.373/5.874
  → REPORTED test RMSE vs Market: $7.31 (val-best epoch: 4500)


======================================================================================
WALK-FORWARD RESULTS: arch=modified, mode=hybrid, μ=0.75
  Single-phase val-best reporting (val held out, test eval'd once on snapshot)
====================================================================================================
Fold       |  σ_fix |     E* |  rep($) | spread |      OTM/ATM/ITM |   arb% |   time
----------------------------------------------------------------------------------------------------
Aug2020    |  0.712 |   1500 |    5.55 |  25.10 |   5.13/4.82/6.85 |  56.5% |    408
Oct2020    |  0.737 |   1500 |    7.40 |  47.80 |   8.32/5.11/6.03 |  59.9% |    455
Nov2020    |  0.776 |   4500 |    7.31 |  40.34 |   7.54/8.37/5.87 |  14.3% |    424
----------------------------------------------------------------------------------------------------
Pooled     |        |        |    6.87 |  39.46 |   7.30/6.26/6.25 |  43.6% |   ← headline
Mean(fold) |        |   2500 |    6.76 |  E*: mean=2500  std=1414  min=1500 max=4500

Results saved to runs/v2/walk_forward/modified_hybrid_mu0.75_relobralo/
============================================
Done: Fri Jul  3 02:58:56 PM EDT 2026
============================================
